Archive member included to satisfy reference by file (symbol)

C:/DEV/Prog.embarquee/lab-sensit/sensit-sdk-v2.0.0/sdk/lib\libSENSIT_SDK_V2.0.0.a(addon_sigfox_verified_api.o)
                              C:/DEV/Prog.embarquee/lab-sensit/sensit-sdk-v2.0.0/sdk/obj/AT_functions.o (ADDON_SIGFOX_VERIFIED_API_get_version)
C:/DEV/Prog.embarquee/lab-sensit/sensit-sdk-v2.0.0/sdk/lib\libSENSIT_SDK_V2.0.0.a(mcu_api.o)
                              C:/DEV/Prog.embarquee/lab-sensit/sensit-sdk-v2.0.0/sdk/lib\libSENSIT_SDK_V2.0.0.a(addon_sigfox_verified_api.o) (MCU_API_timer_start)
C:/DEV/Prog.embarquee/lab-sensit/sensit-sdk-v2.0.0/sdk/lib\libSENSIT_SDK_V2.0.0.a(nvmem_api.o)
                              C:/DEV/Prog.embarquee/lab-sensit/sensit-sdk-v2.0.0/sdk/lib\libSENSIT_SDK_V2.0.0.a(mcu_api.o) (NVMEM_API_get_device_id)
C:/DEV/Prog.embarquee/lab-sensit/sensit-sdk-v2.0.0/sdk/lib\libSENSIT_SDK_V2.0.0.a(radio.o)
                              C:/DEV/Prog.embarquee/lab-sensit/sensit-sdk-v2.0.0/sdk/lib\libSENSIT_SDK_V2.0.0.a(mcu_api.o) (RADIO_is_600bps)
C:/DEV/Prog.embarquee/lab-sensit/sensit-sdk-v2.0.0/sdk/lib\libSENSIT_SDK_V2.0.0.a(rtc.o)
                              C:/DEV/Prog.embarquee/lab-sensit/sensit-sdk-v2.0.0/sdk/lib\libSENSIT_SDK_V2.0.0.a(mcu_api.o) (RTC_set_rx_timer)
C:/DEV/Prog.embarquee/lab-sensit/sensit-sdk-v2.0.0/sdk/lib\libSENSIT_SDK_V2.0.0.a(sensit_api.o)
                              C:/DEV/Prog.embarquee/lab-sensit/sensit-sdk-v2.0.0/sdk/obj/AT_functions.o (SENSIT_API_get_sdk_version)
C:/DEV/Prog.embarquee/lab-sensit/sensit-sdk-v2.0.0/sdk/lib\libSENSIT_SDK_V2.0.0.a(sigfox_api.o)
                              C:/DEV/Prog.embarquee/lab-sensit/sensit-sdk-v2.0.0/sdk/obj/radio_api.o (SIGFOX_API_open)
C:/DEV/Prog.embarquee/lab-sensit/sensit-sdk-v2.0.0/sdk/lib\libSENSIT_SDK_V2.0.0.a(sigfox_internal.o)
                              C:/DEV/Prog.embarquee/lab-sensit/sensit-sdk-v2.0.0/sdk/lib\libSENSIT_SDK_V2.0.0.a(sigfox_api.o) (SIGFOX_INT_get_max_micro_channel)
C:/DEV/Prog.embarquee/lab-sensit/sensit-sdk-v2.0.0/sdk/lib\libSENSIT_SDK_V2.0.0.a(sigfox_pn.o)
                              C:/DEV/Prog.embarquee/lab-sensit/sensit-sdk-v2.0.0/sdk/lib\libSENSIT_SDK_V2.0.0.a(sigfox_internal.o) (SIGFOX_PN_next_pn)
C:/DEV/Prog.embarquee/lab-sensit/sensit-sdk-v2.0.0/sdk/lib\libSENSIT_SDK_V2.0.0.a(sigfox_scramb.o)
                              C:/DEV/Prog.embarquee/lab-sensit/sensit-sdk-v2.0.0/sdk/lib\libSENSIT_SDK_V2.0.0.a(sigfox_internal.o) (SIGFOX_SCRAMB_compute)
C:/DEV/Prog.embarquee/lab-sensit/sensit-sdk-v2.0.0/sdk/lib\libSENSIT_SDK_V2.0.0.a(sleep.o)
                              C:/DEV/Prog.embarquee/lab-sensit/sensit-sdk-v2.0.0/sdk/lib\libSENSIT_SDK_V2.0.0.a(rtc.o) (SLEEP_handler)
C:/DEV/Prog.embarquee/lab-sensit/sensit-sdk-v2.0.0/sdk/lib\libSENSIT_SDK_V2.0.0.a(spi.o)
                              C:/DEV/Prog.embarquee/lab-sensit/sensit-sdk-v2.0.0/sdk/lib\libSENSIT_SDK_V2.0.0.a(sensit_api.o) (SPI_init)
C:/DEV/Prog.embarquee/lab-sensit/sensit-sdk-v2.0.0/sdk/lib\libSENSIT_SDK_V2.0.0.a(startup_stm32f042x6.o)
                              (Reset_Handler)
C:/DEV/Prog.embarquee/lab-sensit/sensit-sdk-v2.0.0/sdk/lib\libSENSIT_SDK_V2.0.0.a(system_stm32f0xx.o)
                              C:/DEV/Prog.embarquee/lab-sensit/sensit-sdk-v2.0.0/sdk/lib\libSENSIT_SDK_V2.0.0.a(startup_stm32f042x6.o) (SystemInit)
C:/DEV/Prog.embarquee/lab-sensit/sensit-sdk-v2.0.0/sdk/lib\libSENSIT_SDK_V2.0.0.a(systick.o)
                              C:/DEV/Prog.embarquee/lab-sensit/sensit-sdk-v2.0.0/sdk/lib\libSENSIT_SDK_V2.0.0.a(mcu_api.o) (SYSTICK_wait_ms)
C:/DEV/Prog.embarquee/lab-sensit/sensit-sdk-v2.0.0/sdk/lib\libSENSIT_SDK_V2.0.0.a(uart.o)
                              C:/DEV/Prog.embarquee/lab-sensit/sensit-sdk-v2.0.0/sdk/lib\libSENSIT_SDK_V2.0.0.a(sensit_api.o) (UART_open)
C:/DEV/Prog.embarquee/lab-sensit/sensit-sdk-v2.0.0/sdk/lib\libSENSIT_SDK_V2.0.0.a(usb_device.o)
                              C:/DEV/Prog.embarquee/lab-sensit/sensit-sdk-v2.0.0/sdk/lib\libSENSIT_SDK_V2.0.0.a(sensit_api.o) (usbDeviceInit)
C:/DEV/Prog.embarquee/lab-sensit/sensit-sdk-v2.0.0/sdk/lib\libSENSIT_SDK_V2.0.0.a(usbd_cdc.o)
                              C:/DEV/Prog.embarquee/lab-sensit/sensit-sdk-v2.0.0/sdk/lib\libSENSIT_SDK_V2.0.0.a(usb_device.o) (usbCDCRegister)
C:/DEV/Prog.embarquee/lab-sensit/sensit-sdk-v2.0.0/sdk/lib\libSENSIT_SDK_V2.0.0.a(usbd_cdc_if.o)
                              C:/DEV/Prog.embarquee/lab-sensit/sensit-sdk-v2.0.0/sdk/lib\libSENSIT_SDK_V2.0.0.a(usbd_cdc.o) (cdcIFInit_FS)
C:/DEV/Prog.embarquee/lab-sensit/sensit-sdk-v2.0.0/sdk/lib\libSENSIT_SDK_V2.0.0.a(usbd_conf.o)
                              C:/DEV/Prog.embarquee/lab-sensit/sensit-sdk-v2.0.0/sdk/lib\libSENSIT_SDK_V2.0.0.a(usbd_cdc.o) (USBD_LL_OpenEP)
C:/DEV/Prog.embarquee/lab-sensit/sensit-sdk-v2.0.0/sdk/lib\libSENSIT_SDK_V2.0.0.a(usbd_core.o)
                              C:/DEV/Prog.embarquee/lab-sensit/sensit-sdk-v2.0.0/sdk/lib\libSENSIT_SDK_V2.0.0.a(usb_device.o) (USBD_Init)
[...]
Memory Configuration

Name             Origin             Length             Attributes
RAM              0x20000000         0x00001800         xrw
ROM              0x08000000         0x00007400         xr
*default*        0x00000000         0xffffffff

Linker script and memory map

LOAD C:/DEV/Prog.embarquee/lab-sensit/sensit-sdk-v2.0.0/sdk/obj/error.o
LOAD C:/DEV/Prog.embarquee/lab-sensit/sensit-sdk-v2.0.0/sdk/obj/button.o
LOAD C:/DEV/Prog.embarquee/lab-sensit/sensit-sdk-v2.0.0/sdk/obj/battery.o
LOAD C:/DEV/Prog.embarquee/lab-sensit/sensit-sdk-v2.0.0/sdk/obj/callback.o
LOAD C:/DEV/Prog.embarquee/lab-sensit/sensit-sdk-v2.0.0/sdk/obj/serial.o
LOAD C:/DEV/Prog.embarquee/lab-sensit/sensit-sdk-v2.0.0/sdk/obj/radio_api.o
LOAD C:/DEV/Prog.embarquee/lab-sensit/sensit-sdk-v2.0.0/sdk/obj/etsi.o
LOAD C:/DEV/Prog.embarquee/lab-sensit/sensit-sdk-v2.0.0/sdk/obj/fcc.o
LOAD C:/DEV/Prog.embarquee/lab-sensit/sensit-sdk-v2.0.0/sdk/obj/hts221.o
LOAD C:/DEV/Prog.embarquee/lab-sensit/sensit-sdk-v2.0.0/sdk/obj/ltr329.o
LOAD C:/DEV/Prog.embarquee/lab-sensit/sensit-sdk-v2.0.0/sdk/obj/fxos8700.o
LOAD C:/DEV/Prog.embarquee/lab-sensit/sensit-sdk-v2.0.0/sdk/obj/AT_parser.o
LOAD C:/DEV/Prog.embarquee/lab-sensit/sensit-sdk-v2.0.0/sdk/obj/AT_functions.o
LOAD C:/DEV/Prog.embarquee/lab-sensit/sensit-sdk-v2.0.0/sdk/obj/discovery.o
LOAD C:/DEV/Prog.embarquee/lab-sensit/sensit-sdk-v2.0.0/sdk/obj/main.o
LOAD C:/DEV/Prog.embarquee/lab-sensit/sensit-sdk-v2.0.0/sdk/lib\libSENSIT_SDK_V2.0.0.a
                0x20001800                _estack = 0x20001800
                0x00000000                _Min_Heap_Size = 0x0
                0x00000400                _Min_Stack_Size = 0x400

.isr_vector     0x08000000       0xc0
                0x08000000                . = ALIGN (0x4)
 *(.isr_vector)
 .isr_vector    0x08000000       0xc0 C:/DEV/Prog.embarquee/lab-sensit/sensit-sdk-v2.0.0/sdk/lib\libSENSIT_SDK_V2.0.0.a(startup_stm32f042x6.o)
                0x08000000                g_pfnVectors
                0x080000c0                . = ALIGN (0x4)

.text           0x080000c0     0x592c
                0x080000c0                . = ALIGN (0x4)
 *(.text)
 .text          0x080000c0       0x14 c:/program files (x86)/gnu tools arm embedded/8 2019-q3-update/bin/../lib/gcc/arm-none-eabi/8.3.1/thumb/v6-m/nofp\libgcc.a(_thumb1_case_uqi.o)
                0x080000c0                __gnu_thumb1_case_uqi
 .text          0x080000d4       0x14 c:/program files (x86)/gnu tools arm embedded/8 2019-q3-update/bin/../lib/gcc/arm-none-eabi/8.3.1/thumb/v6-m/nofp\libgcc.a(_thumb1_case_uhi.o)
                0x080000d4                __gnu_thumb1_case_uhi
 .text          0x080000e8      0x114 c:/program files (x86)/gnu tools arm embedded/8 2019-q3-update/bin/../lib/gcc/arm-none-eabi/8.3.1/thumb/v6-m/nofp\libgcc.a(_udivsi3.o)
                0x080000e8                __aeabi_uidiv
                0x080000e8                __udivsi3
                0x080001f4                __aeabi_uidivmod
 .text          0x080001fc      0x1d4 c:/program files (x86)/gnu tools arm embedded/8 2019-q3-update/bin/../lib/gcc/arm-none-eabi/8.3.1/thumb/v6-m/nofp\libgcc.a(_divsi3.o)
                0x080001fc                __divsi3
                0x080001fc                __aeabi_idiv
                0x080003c8                __aeabi_idivmod
 .text          0x080003d0        0x4 c:/program files (x86)/gnu tools arm embedded/8 2019-q3-update/bin/../lib/gcc/arm-none-eabi/8.3.1/thumb/v6-m/nofp\libgcc.a(_dvmd_tls.o)
                0x080003d0                __aeabi_idiv0
                0x080003d0                __aeabi_ldiv0
 .text          0x080003d4       0x30 c:/program files (x86)/gnu tools arm embedded/8 2019-q3-update/bin/../lib/gcc/arm-none-eabi/8.3.1/thumb/v6-m/nofp\libgcc.a(_fixunssfsi.o)
                0x080003d4                __fixunssfsi
                0x080003d4                __aeabi_f2uiz
 .text          0x08000404      0x230 c:/program files (x86)/gnu tools arm embedded/8 2019-q3-update/bin/../lib/gcc/arm-none-eabi/8.3.1/thumb/v6-m/nofp\libgcc.a(divsf3.o)
                0x08000404                __aeabi_fdiv
 .text          0x08000634      0x22c c:/program files (x86)/gnu tools arm embedded/8 2019-q3-update/bin/../lib/gcc/arm-none-eabi/8.3.1/thumb/v6-m/nofp\libgcc.a(mulsf3.o)
                0x08000634                __aeabi_fmul
 .text          0x08000860      0x348 c:/program files (x86)/gnu tools arm embedded/8 2019-q3-update/bin/../lib/gcc/arm-none-eabi/8.3.1/thumb/v6-m/nofp\libgcc.a(subsf3.o)
                0x08000860                __aeabi_fsub
 .text          0x08000ba8       0x40 c:/program files (x86)/gnu tools arm embedded/8 2019-q3-update/bin/../lib/gcc/arm-none-eabi/8.3.1/thumb/v6-m/nofp\libgcc.a(fixsfsi.o)
                0x08000ba8                __aeabi_f2iz
 .text          0x08000be8       0x80 c:/program files (x86)/gnu tools arm embedded/8 2019-q3-update/bin/../lib/gcc/arm-none-eabi/8.3.1/thumb/v6-m/nofp\libgcc.a(floatunsisf.o)
                0x08000be8                __aeabi_ui2f
 .text          0x08000c68       0x74 c:/program files (x86)/gnu tools arm embedded/8 2019-q3-update/bin/../lib/gcc/arm-none-eabi/8.3.1/thumb/v6-m/nofp\libgcc.a(_arm_cmpsf2.o)
                0x08000c68                __aeabi_cfrcmple
                0x08000c70                __aeabi_cfcmpeq
                0x08000c70                __aeabi_cfcmple
                0x08000c80                __aeabi_fcmpeq
                0x08000c8c                __aeabi_fcmplt
                0x08000ca0                __aeabi_fcmple
                0x08000cb4                __aeabi_fcmpgt
                0x08000cc8                __aeabi_fcmpge
 .text          0x08000cdc       0x3c c:/program files (x86)/gnu tools arm embedded/8 2019-q3-update/bin/../lib/gcc/arm-none-eabi/8.3.1/thumb/v6-m/nofp\libgcc.a(_clzsi2.o)
                0x08000cdc                __clzsi2
 .text          0x08000d18       0x50 c:/program files (x86)/gnu tools arm embedded/8 2019-q3-update/bin/../lib/gcc/arm-none-eabi/8.3.1/thumb/v6-m/nofp\libgcc.a(eqsf2.o)
                0x08000d18                __eqsf2
                0x08000d18                __nesf2
 .text          0x08000d68       0x98 c:/program files (x86)/gnu tools arm embedded/8 2019-q3-update/bin/../lib/gcc/arm-none-eabi/8.3.1/thumb/v6-m/nofp\libgcc.a(gesf2.o)
                0x08000d68                __gesf2
                0x08000d68                __gtsf2
 .text          0x08000e00       0x94 c:/program files (x86)/gnu tools arm embedded/8 2019-q3-update/bin/../lib/gcc/arm-none-eabi/8.3.1/thumb/v6-m/nofp\libgcc.a(lesf2.o)
                0x08000e00                __ltsf2
                0x08000e00                __lesf2
 *(.text*)
 .text.ERROR_loop
                0x08000e94       0x42 C:/DEV/Prog.embarquee/lab-sensit/sensit-sdk-v2.0.0/sdk/obj/error.o
 .text.ERROR_parser
                0x08000ed6       0xc8 C:/DEV/Prog.embarquee/lab-sensit/sensit-sdk-v2.0.0/sdk/obj/error.o
                0x08000ed6                ERROR_parser
 .text.BUTTON_handler
                0x08000f9e       0x5e C:/DEV/Prog.embarquee/lab-sensit/sensit-sdk-v2.0.0/sdk/obj/button.o
                0x08000f9e                BUTTON_handler
 .text.BATTERY_handler
                0x08000ffc       0x90 C:/DEV/Prog.embarquee/lab-sensit/sensit-sdk-v2.0.0/sdk/obj/battery.o
                0x08000ffc                BATTERY_handler
 .text.CALLBACK_report_test_result
                0x0800108c        0x2 C:/DEV/Prog.embarquee/lab-sensit/sensit-sdk-v2.0.0/sdk/obj/callback.o
                0x0800108c                CALLBACK_report_test_result
 *fill*         0x0800108e        0x2 
 .text.RADIO_API_init
                0x08001090       0x4c C:/DEV/Prog.embarquee/lab-sensit/sensit-sdk-v2.0.0/sdk/obj/radio_api.o
                0x08001090                RADIO_API_init
 .text.RADIO_API_send_message
                0x080010dc       0x7c C:/DEV/Prog.embarquee/lab-sensit/sensit-sdk-v2.0.0/sdk/obj/radio_api.o
                0x080010dc                RADIO_API_send_message
 .text.ETSI_handler
                0x08001158       0x84 C:/DEV/Prog.embarquee/lab-sensit/sensit-sdk-v2.0.0/sdk/obj/etsi.o
                0x08001158                ETSI_handler
 .text.FCC_handler
                0x080011dc       0x50 C:/DEV/Prog.embarquee/lab-sensit/sensit-sdk-v2.0.0/sdk/obj/fcc.o
                0x080011dc                FCC_handler
 .text.HTS221_init
                0x0800122c       0xbc C:/DEV/Prog.embarquee/lab-sensit/sensit-sdk-v2.0.0/sdk/obj/hts221.o
                0x0800122c                HTS221_init
 .text.LTR329_init
                0x080012e8       0x50 C:/DEV/Prog.embarquee/lab-sensit/sensit-sdk-v2.0.0/sdk/obj/ltr329.o
                0x080012e8                LTR329_init
 .text.FXOS8700_reset
                0x08001338       0x28 C:/DEV/Prog.embarquee/lab-sensit/sensit-sdk-v2.0.0/sdk/obj/fxos8700.o
                0x08001338                FXOS8700_reset
 .text.FXOS8700_init
                0x08001360       0x2e C:/DEV/Prog.embarquee/lab-sensit/sensit-sdk-v2.0.0/sdk/obj/fxos8700.o
                0x08001360                FXOS8700_init
 *fill*         0x0800138e        0x2 
 .text.startup.main
                0x08001390       0xc8 C:/DEV/Prog.embarquee/lab-sensit/sensit-sdk-v2.0.0/sdk/obj/main.o
                0x08001390                main
 .text.MCU_API_malloc
                0x08001458       0x14 C:/DEV/Prog.embarquee/lab-sensit/sensit-sdk-v2.0.0/sdk/lib\libSENSIT_SDK_V2.0.0.a(mcu_api.o)
                0x08001458                MCU_API_malloc
 .text.MCU_API_free
                0x0800146c        0x4 C:/DEV/Prog.embarquee/lab-sensit/sensit-sdk-v2.0.0/sdk/lib\libSENSIT_SDK_V2.0.0.a(mcu_api.o)
                0x0800146c                MCU_API_free
 .text.MCU_API_get_voltage_temperature
                0x08001470       0x22 C:/DEV/Prog.embarquee/lab-sensit/sensit-sdk-v2.0.0/sdk/lib\libSENSIT_SDK_V2.0.0.a(mcu_api.o)
                0x08001470                MCU_API_get_voltage_temperature
 .text.MCU_API_delay
                0x08001492       0x3e C:/DEV/Prog.embarquee/lab-sensit/sensit-sdk-v2.0.0/sdk/lib\libSENSIT_SDK_V2.0.0.a(mcu_api.o)
                0x08001492                MCU_API_delay
 .text.MCU_API_aes_128_cbc_encrypt
                0x080014d0       0x62 C:/DEV/Prog.embarquee/lab-sensit/sensit-sdk-v2.0.0/sdk/lib\libSENSIT_SDK_V2.0.0.a(mcu_api.o)
                0x080014d0                MCU_API_aes_128_cbc_encrypt
 .text.MCU_API_get_nv_mem
                0x08001532        0xe C:/DEV/Prog.embarquee/lab-sensit/sensit-sdk-v2.0.0/sdk/lib\libSENSIT_SDK_V2.0.0.a(mcu_api.o)
                0x08001532                MCU_API_get_nv_mem
 .text.MCU_API_set_nv_mem
                0x08001540       0x16 C:/DEV/Prog.embarquee/lab-sensit/sensit-sdk-v2.0.0/sdk/lib\libSENSIT_SDK_V2.0.0.a(mcu_api.o)
                0x08001540                MCU_API_set_nv_mem
 *fill*         0x08001556        0x2 
 .text.MCU_API_timer_start_carrier_sense
                0x08001558       0x60 C:/DEV/Prog.embarquee/lab-sensit/sensit-sdk-v2.0.0/sdk/lib\libSENSIT_SDK_V2.0.0.a(mcu_api.o)
                0x08001558                MCU_API_timer_start_carrier_sense
 .text.TIM16_IRQHandler
                0x080015b8       0x24 C:/DEV/Prog.embarquee/lab-sensit/sensit-sdk-v2.0.0/sdk/lib\libSENSIT_SDK_V2.0.0.a(mcu_api.o)
                0x080015b8                TIM16_IRQHandler
 .text.MCU_API_timer_start
                0x080015dc        0xc C:/DEV/Prog.embarquee/lab-sensit/sensit-sdk-v2.0.0/sdk/lib\libSENSIT_SDK_V2.0.0.a(mcu_api.o)
                0x080015dc                MCU_API_timer_start
 .text.MCU_API_timer_stop
                0x080015e8        0x4 C:/DEV/Prog.embarquee/lab-sensit/sensit-sdk-v2.0.0/sdk/lib\libSENSIT_SDK_V2.0.0.a(mcu_api.o)
                0x080015e8                MCU_API_timer_stop
 .text.MCU_API_timer_stop_carrier_sense
                0x080015ec       0x38 C:/DEV/Prog.embarquee/lab-sensit/sensit-sdk-v2.0.0/sdk/lib\libSENSIT_SDK_V2.0.0.a(mcu_api.o)
                0x080015ec                MCU_API_timer_stop_carrier_sense
 .text.MCU_API_timer_wait_for_end
                0x08001624       0x10 C:/DEV/Prog.embarquee/lab-sensit/sensit-sdk-v2.0.0/sdk/lib\libSENSIT_SDK_V2.0.0.a(mcu_api.o)
                0x08001624                MCU_API_timer_wait_for_end
 .text.MCU_API_report_test_result
                0x08001634        0xa C:/DEV/Prog.embarquee/lab-sensit/sensit-sdk-v2.0.0/sdk/lib\libSENSIT_SDK_V2.0.0.a(mcu_api.o)
                0x08001634                MCU_API_report_test_result
 .text.MCU_API_get_device_id
                0x0800163e       0x12 C:/DEV/Prog.embarquee/lab-sensit/sensit-sdk-v2.0.0/sdk/lib\libSENSIT_SDK_V2.0.0.a(mcu_api.o)
                0x0800163e                MCU_API_get_device_id
 .text.NVMEM_API_get_device_id
                0x08001650       0x2c C:/DEV/Prog.embarquee/lab-sensit/sensit-sdk-v2.0.0/sdk/lib\libSENSIT_SDK_V2.0.0.a(nvmem_api.o)
                0x08001650                NVMEM_API_get_device_id
 .text.NVMEM_API_get_frequency_calibration
                0x0800167c       0x1c C:/DEV/Prog.embarquee/lab-sensit/sensit-sdk-v2.0.0/sdk/lib\libSENSIT_SDK_V2.0.0.a(nvmem_api.o)
                0x0800167c                NVMEM_API_get_frequency_calibration
 .text.NVMEM_API_get_radio_configuration
                0x08001698       0x14 C:/DEV/Prog.embarquee/lab-sensit/sensit-sdk-v2.0.0/sdk/lib\libSENSIT_SDK_V2.0.0.a(nvmem_api.o)
                0x08001698                NVMEM_API_get_radio_configuration
 .text.NVMEM_API_compute_aes
                0x080016ac       0xc8 C:/DEV/Prog.embarquee/lab-sensit/sensit-sdk-v2.0.0/sdk/lib\libSENSIT_SDK_V2.0.0.a(nvmem_api.o)
                0x080016ac                NVMEM_API_compute_aes
 .text.NVMEM_API_init_page_index
                0x08001774       0xb4 C:/DEV/Prog.embarquee/lab-sensit/sensit-sdk-v2.0.0/sdk/lib\libSENSIT_SDK_V2.0.0.a(nvmem_api.o)
                0x08001774                NVMEM_API_init_page_index
 .text.NVMEM_API_init
                0x08001828       0xa0 C:/DEV/Prog.embarquee/lab-sensit/sensit-sdk-v2.0.0/sdk/lib\libSENSIT_SDK_V2.0.0.a(nvmem_api.o)
                0x08001828                NVMEM_API_init
 .text.NVMEM_API_set_data
                0x080018c8       0xd8 C:/DEV/Prog.embarquee/lab-sensit/sensit-sdk-v2.0.0/sdk/lib\libSENSIT_SDK_V2.0.0.a(nvmem_api.o)
                0x080018c8                NVMEM_API_set_data
 .text.NVMEM_API_get_data
                0x080019a0       0x58 C:/DEV/Prog.embarquee/lab-sensit/sensit-sdk-v2.0.0/sdk/lib\libSENSIT_SDK_V2.0.0.a(nvmem_api.o)
                0x080019a0                NVMEM_API_get_data
 .text.RADIO_init
                0x080019f8       0x1c C:/DEV/Prog.embarquee/lab-sensit/sensit-sdk-v2.0.0/sdk/lib\libSENSIT_SDK_V2.0.0.a(radio.o)
                0x080019f8                RADIO_init
 .text.RADIO_power_on
                0x08001a14       0x44 C:/DEV/Prog.embarquee/lab-sensit/sensit-sdk-v2.0.0/sdk/lib\libSENSIT_SDK_V2.0.0.a(radio.o)
                0x08001a14                RADIO_power_on
 .text.RADIO_power_off
                0x08001a58       0x2c C:/DEV/Prog.embarquee/lab-sensit/sensit-sdk-v2.0.0/sdk/lib\libSENSIT_SDK_V2.0.0.a(radio.o)
                0x08001a58                RADIO_power_off
 .text.RADIO_get_state
                0x08001a84        0xc C:/DEV/Prog.embarquee/lab-sensit/sensit-sdk-v2.0.0/sdk/lib\libSENSIT_SDK_V2.0.0.a(radio.o)
                0x08001a84                RADIO_get_state
 .text.RADIO_set_rf_line
                0x08001a90       0x50 C:/DEV/Prog.embarquee/lab-sensit/sensit-sdk-v2.0.0/sdk/lib\libSENSIT_SDK_V2.0.0.a(radio.o)
                0x08001a90                RADIO_set_rf_line
 .text.RADIO_is_600bps
                0x08001ae0       0x18 C:/DEV/Prog.embarquee/lab-sensit/sensit-sdk-v2.0.0/sdk/lib\libSENSIT_SDK_V2.0.0.a(radio.o)
                0x08001ae0                RADIO_is_600bps
 .text.RTC_init
                0x08001af8       0x2c C:/DEV/Prog.embarquee/lab-sensit/sensit-sdk-v2.0.0/sdk/lib\libSENSIT_SDK_V2.0.0.a(rtc.o)
                0x08001af8                RTC_init
 .text.RTC_get_current_time
                0x08001b24        0xc C:/DEV/Prog.embarquee/lab-sensit/sensit-sdk-v2.0.0/sdk/lib\libSENSIT_SDK_V2.0.0.a(rtc.o)
                0x08001b24                RTC_get_current_time
 .text.RTC_set_alarm_timer
                0x08001b30       0x14 C:/DEV/Prog.embarquee/lab-sensit/sensit-sdk-v2.0.0/sdk/lib\libSENSIT_SDK_V2.0.0.a(rtc.o)
                0x08001b30                RTC_set_alarm_timer
 .text.RTC_set_rx_timer
                0x08001b44        0xc C:/DEV/Prog.embarquee/lab-sensit/sensit-sdk-v2.0.0/sdk/lib\libSENSIT_SDK_V2.0.0.a(rtc.o)
                0x08001b44                RTC_set_rx_timer
 .text.RTC_wait_frame
                0x08001b50       0x2c C:/DEV/Prog.embarquee/lab-sensit/sensit-sdk-v2.0.0/sdk/lib\libSENSIT_SDK_V2.0.0.a(rtc.o)
                0x08001b50                RTC_wait_frame
 .text.RTC_IRQHandler
                0x08001b7c       0x68 C:/DEV/Prog.embarquee/lab-sensit/sensit-sdk-v2.0.0/sdk/lib\libSENSIT_SDK_V2.0.0.a(rtc.o)
                0x08001b7c                RTC_IRQHandler
 .text._init    0x08001be4       0x1c C:/DEV/Prog.embarquee/lab-sensit/sensit-sdk-v2.0.0/sdk/lib\libSENSIT_SDK_V2.0.0.a(sensit_api.o)
                0x08001be4                _init
 .text.SENSIT_API_configure_radio
                0x08001c00       0x2a C:/DEV/Prog.embarquee/lab-sensit/sensit-sdk-v2.0.0/sdk/lib\libSENSIT_SDK_V2.0.0.a(sensit_api.o)
                0x08001c00                SENSIT_API_configure_radio
 .text.SENSIT_API_switch_radio
                0x08001c2a       0x38 C:/DEV/Prog.embarquee/lab-sensit/sensit-sdk-v2.0.0/sdk/lib\libSENSIT_SDK_V2.0.0.a(sensit_api.o)
                0x08001c2a                SENSIT_API_switch_radio
 *fill*         0x08001c62        0x2 
 .text.SENSIT_API_reset
                0x08001c64       0x60 C:/DEV/Prog.embarquee/lab-sensit/sensit-sdk-v2.0.0/sdk/lib\libSENSIT_SDK_V2.0.0.a(sensit_api.o)
                0x08001c64                SENSIT_API_reset
 .text.SENSIT_API_sleep
                0x08001cc4        0xa C:/DEV/Prog.embarquee/lab-sensit/sensit-sdk-v2.0.0/sdk/lib\libSENSIT_SDK_V2.0.0.a(sensit_api.o)
                0x08001cc4                SENSIT_API_sleep
 .text.SENSIT_API_set_rtc_alarm
                0x08001cce        0xa C:/DEV/Prog.embarquee/lab-sensit/sensit-sdk-v2.0.0/sdk/lib\libSENSIT_SDK_V2.0.0.a(sensit_api.o)
                0x08001cce                SENSIT_API_set_rtc_alarm
 .text.SENSIT_API_configure_button
                0x08001cd8       0x50 C:/DEV/Prog.embarquee/lab-sensit/sensit-sdk-v2.0.0/sdk/lib\libSENSIT_SDK_V2.0.0.a(sensit_api.o)
                0x08001cd8                SENSIT_API_configure_button
 .text.SENSIT_API_get_button_state
                0x08001d28       0x14 C:/DEV/Prog.embarquee/lab-sensit/sensit-sdk-v2.0.0/sdk/lib\libSENSIT_SDK_V2.0.0.a(sensit_api.o)
                0x08001d28                SENSIT_API_get_button_state
 .text.SENSIT_API_set_rgb_led
                0x08001d3c       0x30 C:/DEV/Prog.embarquee/lab-sensit/sensit-sdk-v2.0.0/sdk/lib\libSENSIT_SDK_V2.0.0.a(sensit_api.o)
                0x08001d3c                SENSIT_API_set_rgb_led
 .text.SENSIT_API_set_white_led
                0x08001d6c       0x18 C:/DEV/Prog.embarquee/lab-sensit/sensit-sdk-v2.0.0/sdk/lib\libSENSIT_SDK_V2.0.0.a(sensit_api.o)
                0x08001d6c                SENSIT_API_set_white_led
 .text.SENSIT_API_get_battery_level
                0x08001d84        0xe C:/DEV/Prog.embarquee/lab-sensit/sensit-sdk-v2.0.0/sdk/lib\libSENSIT_SDK_V2.0.0.a(sensit_api.o)
                0x08001d84                SENSIT_API_get_battery_level
 .text.SENSIT_API_get_current_time
                0x08001d92        0xe C:/DEV/Prog.embarquee/lab-sensit/sensit-sdk-v2.0.0/sdk/lib\libSENSIT_SDK_V2.0.0.a(sensit_api.o)
                0x08001d92                SENSIT_API_get_current_time
 .text.SENSIT_API_wait
                0x08001da0        0xa C:/DEV/Prog.embarquee/lab-sensit/sensit-sdk-v2.0.0/sdk/lib\libSENSIT_SDK_V2.0.0.a(sensit_api.o)
                0x08001da0                SENSIT_API_wait
 .text.SENSIT_API_write_read_i2c_bus
                0x08001daa       0x20 C:/DEV/Prog.embarquee/lab-sensit/sensit-sdk-v2.0.0/sdk/lib\libSENSIT_SDK_V2.0.0.a(sensit_api.o)
                0x08001daa                SENSIT_API_write_read_i2c_bus
 *fill*         0x08001dca        0x2 
 .text.SENSIT_API_reset_device_sequence_number
                0x08001dcc       0x20 C:/DEV/Prog.embarquee/lab-sensit/sensit-sdk-v2.0.0/sdk/lib\libSENSIT_SDK_V2.0.0.a(sensit_api.o)
                0x08001dcc                SENSIT_API_reset_device_sequence_number
 .text.SIGFOX_API_open
                0x08001dec      0x1b4 C:/DEV/Prog.embarquee/lab-sensit/sensit-sdk-v2.0.0/sdk/lib\libSENSIT_SDK_V2.0.0.a(sigfox_api.o)
                0x08001dec                SIGFOX_API_open
 .text.SIGFOX_API_send_frame
                0x08001fa0       0x48 C:/DEV/Prog.embarquee/lab-sensit/sensit-sdk-v2.0.0/sdk/lib\libSENSIT_SDK_V2.0.0.a(sigfox_api.o)
                0x08001fa0                SIGFOX_API_send_frame
 .text.SIGFOX_API_set_std_config
                0x08001fe8       0x90 C:/DEV/Prog.embarquee/lab-sensit/sensit-sdk-v2.0.0/sdk/lib\libSENSIT_SDK_V2.0.0.a(sigfox_api.o)
                0x08001fe8                SIGFOX_API_set_std_config
 .text.SIGFOX_INT_randomize
                0x08002078       0x16 C:/DEV/Prog.embarquee/lab-sensit/sensit-sdk-v2.0.0/sdk/lib\libSENSIT_SDK_V2.0.0.a(sigfox_internal.o)
                0x08002078                SIGFOX_INT_randomize
 .text.SIGFOX_INT_get_max_micro_channel
                0x0800208e       0x30 C:/DEV/Prog.embarquee/lab-sensit/sensit-sdk-v2.0.0/sdk/lib\libSENSIT_SDK_V2.0.0.a(sigfox_internal.o)
                0x0800208e                SIGFOX_INT_get_max_micro_channel
 .text.SIGFOX_INT_get_macro_channel_index
                0x080020be       0x5a C:/DEV/Prog.embarquee/lab-sensit/sensit-sdk-v2.0.0/sdk/lib\libSENSIT_SDK_V2.0.0.a(sigfox_internal.o)
                0x080020be                SIGFOX_INT_get_macro_channel_index
 .text.SIGFOX_INT_dc_lbt_channel_pn_max
                0x08002118       0x30 C:/DEV/Prog.embarquee/lab-sensit/sensit-sdk-v2.0.0/sdk/lib\libSENSIT_SDK_V2.0.0.a(sigfox_internal.o)
                0x08002118                SIGFOX_INT_dc_lbt_channel_pn_max
 .text.SIGFOX_INT_dc_lbt_channel_pn_min
                0x08002148       0x22 C:/DEV/Prog.embarquee/lab-sensit/sensit-sdk-v2.0.0/sdk/lib\libSENSIT_SDK_V2.0.0.a(sigfox_internal.o)
                0x08002148                SIGFOX_INT_dc_lbt_channel_pn_min
 .text.RETURN_CODE
                0x0800216a        0x8 C:/DEV/Prog.embarquee/lab-sensit/sensit-sdk-v2.0.0/sdk/lib\libSENSIT_SDK_V2.0.0.a(sigfox_internal.o)
                0x0800216a                RETURN_CODE
 *fill*         0x08002172        0x2 
 .text.SIGFOX_INT_compute_channels
                0x08002174      0x134 C:/DEV/Prog.embarquee/lab-sensit/sensit-sdk-v2.0.0/sdk/lib\libSENSIT_SDK_V2.0.0.a(sigfox_internal.o)
                0x08002174                SIGFOX_INT_compute_channels
 .text.SIGFOX_INT_compute_carrier_sense_frequency
                0x080022a8       0x2e C:/DEV/Prog.embarquee/lab-sensit/sensit-sdk-v2.0.0/sdk/lib\libSENSIT_SDK_V2.0.0.a(sigfox_internal.o)
                0x080022a8                SIGFOX_INT_compute_carrier_sense_frequency
 .text.SIGFOX_INT_store_nvm
                0x080022d6       0x32 C:/DEV/Prog.embarquee/lab-sensit/sensit-sdk-v2.0.0/sdk/lib\libSENSIT_SDK_V2.0.0.a(sigfox_internal.o)
                0x080022d6                SIGFOX_INT_store_nvm
 .text.SIGFOX_INT_build_frame
                0x08002308      0x1da C:/DEV/Prog.embarquee/lab-sensit/sensit-sdk-v2.0.0/sdk/lib\libSENSIT_SDK_V2.0.0.a(sigfox_internal.o)
                0x08002308                SIGFOX_INT_build_frame
 *fill*         0x080024e2        0x2 
 .text.SIGFOX_INT_prepare_transmission
                0x080024e4       0x88 C:/DEV/Prog.embarquee/lab-sensit/sensit-sdk-v2.0.0/sdk/lib\libSENSIT_SDK_V2.0.0.a(sigfox_internal.o)
                0x080024e4                SIGFOX_INT_prepare_transmission
 .text.SIGFOX_INT_send_single_frame
                0x0800256c       0x98 C:/DEV/Prog.embarquee/lab-sensit/sensit-sdk-v2.0.0/sdk/lib\libSENSIT_SDK_V2.0.0.a(sigfox_internal.o)
                0x0800256c                SIGFOX_INT_send_single_frame
 .text.SIGFOX_INT_execute_carrier_sense
                0x08002604       0x3a C:/DEV/Prog.embarquee/lab-sensit/sensit-sdk-v2.0.0/sdk/lib\libSENSIT_SDK_V2.0.0.a(sigfox_internal.o)
                0x08002604                SIGFOX_INT_execute_carrier_sense
 .text.SIGFOX_INT_downlink_configuration
                0x0800263e       0x4c C:/DEV/Prog.embarquee/lab-sensit/sensit-sdk-v2.0.0/sdk/lib\libSENSIT_SDK_V2.0.0.a(sigfox_internal.o)
                0x0800263e                SIGFOX_INT_downlink_configuration
 .text.SIGFOX_INT_get_received_frames
                0x0800268a      0x10a C:/DEV/Prog.embarquee/lab-sensit/sensit-sdk-v2.0.0/sdk/lib\libSENSIT_SDK_V2.0.0.a(sigfox_internal.o)
                0x0800268a                SIGFOX_INT_get_received_frames
 .text.SIGFOX_INT_process_downlink
                0x08002794       0x46 C:/DEV/Prog.embarquee/lab-sensit/sensit-sdk-v2.0.0/sdk/lib\libSENSIT_SDK_V2.0.0.a(sigfox_internal.o)
                0x08002794                SIGFOX_INT_process_downlink
 *fill*         0x080027da        0x2 
 .text.SIGFOX_INT_compute_uplink_frequency
                0x080027dc       0x94 C:/DEV/Prog.embarquee/lab-sensit/sensit-sdk-v2.0.0/sdk/lib\libSENSIT_SDK_V2.0.0.a(sigfox_internal.o)
                0x080027dc                SIGFOX_INT_compute_uplink_frequency
 .text.SIGFOX_INT_process_uplink
                0x08002870      0x28c C:/DEV/Prog.embarquee/lab-sensit/sensit-sdk-v2.0.0/sdk/lib\libSENSIT_SDK_V2.0.0.a(sigfox_internal.o)
                0x08002870                SIGFOX_INT_process_uplink
 .text.SIGFOX_INT_execute_communication_sequence
                0x08002afc      0x118 C:/DEV/Prog.embarquee/lab-sensit/sensit-sdk-v2.0.0/sdk/lib\libSENSIT_SDK_V2.0.0.a(sigfox_internal.o)
                0x08002afc                SIGFOX_INT_execute_communication_sequence
 .text.SIGFOX_INT_get_device_id
                0x08002c14       0x18 C:/DEV/Prog.embarquee/lab-sensit/sensit-sdk-v2.0.0/sdk/lib\libSENSIT_SDK_V2.0.0.a(sigfox_internal.o)
                0x08002c14                SIGFOX_INT_get_device_id
 .text.SIGFOX_PN_next_pn
                0x08002c2c       0x50 C:/DEV/Prog.embarquee/lab-sensit/sensit-sdk-v2.0.0/sdk/lib\libSENSIT_SDK_V2.0.0.a(sigfox_pn.o)
                0x08002c2c                SIGFOX_PN_next_pn
 .text.SIGFOX_SCRAMB_compute
                0x08002c7c       0x8c C:/DEV/Prog.embarquee/lab-sensit/sensit-sdk-v2.0.0/sdk/lib\libSENSIT_SDK_V2.0.0.a(sigfox_scramb.o)
                0x08002c7c                SIGFOX_SCRAMB_compute
 .text.SLEEP_handler
                0x08002d08       0x88 C:/DEV/Prog.embarquee/lab-sensit/sensit-sdk-v2.0.0/sdk/lib\libSENSIT_SDK_V2.0.0.a(sleep.o)
                0x08002d08                SLEEP_handler
 .text.SPI_init
                0x08002d90       0x30 C:/DEV/Prog.embarquee/lab-sensit/sensit-sdk-v2.0.0/sdk/lib\libSENSIT_SDK_V2.0.0.a(spi.o)
                0x08002d90                SPI_init
 .text.SPI_disable
                0x08002dc0       0x34 C:/DEV/Prog.embarquee/lab-sensit/sensit-sdk-v2.0.0/sdk/lib\libSENSIT_SDK_V2.0.0.a(spi.o)
                0x08002dc0                SPI_disable
 .text.SPI_enable
                0x08002df4       0x30 C:/DEV/Prog.embarquee/lab-sensit/sensit-sdk-v2.0.0/sdk/lib\libSENSIT_SDK_V2.0.0.a(spi.o)
                0x08002df4                SPI_enable
 .text.SPI_write_read
                0x08002e24       0x2c C:/DEV/Prog.embarquee/lab-sensit/sensit-sdk-v2.0.0/sdk/lib\libSENSIT_SDK_V2.0.0.a(spi.o)
                0x08002e24                SPI_write_read
 .text.Reset_Handler
                0x08002e50       0x80 C:/DEV/Prog.embarquee/lab-sensit/sensit-sdk-v2.0.0/sdk/lib\libSENSIT_SDK_V2.0.0.a(startup_stm32f042x6.o)
                0x08002e50                Reset_Handler
 .text.Default_Handler
                0x08002ed0        0x2 C:/DEV/Prog.embarquee/lab-sensit/sensit-sdk-v2.0.0/sdk/lib\libSENSIT_SDK_V2.0.0.a(startup_stm32f042x6.o)
                0x08002ed0                TIM1_CC_IRQHandler
                0x08002ed0                TSC_IRQHandler
                0x08002ed0                SysTick_Handler
                0x08002ed0                PendSV_Handler
                0x08002ed0                I2C1_IRQHandler
                0x08002ed0                RCC_CRS_IRQHandler
                0x08002ed0                SPI1_IRQHandler
                0x08002ed0                EXTI2_3_IRQHandler
                0x08002ed0                ADC1_IRQHandler
                0x08002ed0                TIM17_IRQHandler
                0x08002ed0                CEC_CAN_IRQHandler
                0x08002ed0                PVD_VDDIO2_IRQHandler
                0x08002ed0                TIM3_IRQHandler
                0x08002ed0                DMA1_Channel1_IRQHandler
                0x08002ed0                Default_Handler
                0x08002ed0                TIM14_IRQHandler
                0x08002ed0                DMA1_Channel4_5_IRQHandler
                0x08002ed0                EXTI0_1_IRQHandler
                0x08002ed0                SPI2_IRQHandler
                0x08002ed0                SVC_Handler
                0x08002ed0                DMA1_Channel2_3_IRQHandler
                0x08002ed0                USART2_IRQHandler
                0x08002ed0                FLASH_IRQHandler
                0x08002ed0                TIM1_BRK_UP_TRG_COM_IRQHandler
 *fill*         0x08002ed2        0x2 
 .text.SystemInit
                0x08002ed4      0x178 C:/DEV/Prog.embarquee/lab-sensit/sensit-sdk-v2.0.0/sdk/lib\libSENSIT_SDK_V2.0.0.a(system_stm32f0xx.o)
                0x08002ed4                SystemInit
 .text.SYSTICK_wait_ms
                0x0800304c       0x84 C:/DEV/Prog.embarquee/lab-sensit/sensit-sdk-v2.0.0/sdk/lib\libSENSIT_SDK_V2.0.0.a(systick.o)
                0x0800304c                SYSTICK_wait_ms
 .text.SYSTICK_wait_tick
                0x080030d0       0x38 C:/DEV/Prog.embarquee/lab-sensit/sensit-sdk-v2.0.0/sdk/lib\libSENSIT_SDK_V2.0.0.a(systick.o)
                0x080030d0                SYSTICK_wait_tick
 .text.USART1_IRQHandler
                0x08003108       0x68 C:/DEV/Prog.embarquee/lab-sensit/sensit-sdk-v2.0.0/sdk/lib\libSENSIT_SDK_V2.0.0.a(uart.o)
                0x08003108                USART1_IRQHandler
 .text.HAL_PCD_SetupStageCallback
                0x08003170       0x14 C:/DEV/Prog.embarquee/lab-sensit/sensit-sdk-v2.0.0/sdk/lib\libSENSIT_SDK_V2.0.0.a(usbd_conf.o)
                0x08003170                HAL_PCD_SetupStageCallback
 .text.HAL_PCD_DataOutStageCallback
                0x08003184       0x18 C:/DEV/Prog.embarquee/lab-sensit/sensit-sdk-v2.0.0/sdk/lib\libSENSIT_SDK_V2.0.0.a(usbd_conf.o)
                0x08003184                HAL_PCD_DataOutStageCallback
 .text.HAL_PCD_DataInStageCallback
                0x0800319c       0x16 C:/DEV/Prog.embarquee/lab-sensit/sensit-sdk-v2.0.0/sdk/lib\libSENSIT_SDK_V2.0.0.a(usbd_conf.o)
                0x0800319c                HAL_PCD_DataInStageCallback
 .text.HAL_PCD_SOFCallback
                0x080031b2        0xe C:/DEV/Prog.embarquee/lab-sensit/sensit-sdk-v2.0.0/sdk/lib\libSENSIT_SDK_V2.0.0.a(usbd_conf.o)
                0x080031b2                HAL_PCD_SOFCallback
 .text.HAL_PCD_ResetCallback
                0x080031c0       0x18 C:/DEV/Prog.embarquee/lab-sensit/sensit-sdk-v2.0.0/sdk/lib\libSENSIT_SDK_V2.0.0.a(usbd_conf.o)
                0x080031c0                HAL_PCD_ResetCallback
 .text.HAL_PCD_SuspendCallback
                0x080031d8        0xe C:/DEV/Prog.embarquee/lab-sensit/sensit-sdk-v2.0.0/sdk/lib\libSENSIT_SDK_V2.0.0.a(usbd_conf.o)
                0x080031d8                HAL_PCD_SuspendCallback
 .text.HAL_PCD_ResumeCallback
                0x080031e6        0xe C:/DEV/Prog.embarquee/lab-sensit/sensit-sdk-v2.0.0/sdk/lib\libSENSIT_SDK_V2.0.0.a(usbd_conf.o)
                0x080031e6                HAL_PCD_ResumeCallback
 .text.USBD_LL_OpenEP
                0x080031f4       0x16 C:/DEV/Prog.embarquee/lab-sensit/sensit-sdk-v2.0.0/sdk/lib\libSENSIT_SDK_V2.0.0.a(usbd_conf.o)
                0x080031f4                USBD_LL_OpenEP
 .text.USBD_LL_StallEP
                0x0800320a       0x10 C:/DEV/Prog.embarquee/lab-sensit/sensit-sdk-v2.0.0/sdk/lib\libSENSIT_SDK_V2.0.0.a(usbd_conf.o)
                0x0800320a                USBD_LL_StallEP
 .text.USBD_LL_ClearStallEP
                0x0800321a       0x10 C:/DEV/Prog.embarquee/lab-sensit/sensit-sdk-v2.0.0/sdk/lib\libSENSIT_SDK_V2.0.0.a(usbd_conf.o)
                0x0800321a                USBD_LL_ClearStallEP
 .text.USBD_LL_IsStallEP
                0x0800322a       0x26 C:/DEV/Prog.embarquee/lab-sensit/sensit-sdk-v2.0.0/sdk/lib\libSENSIT_SDK_V2.0.0.a(usbd_conf.o)
                0x0800322a                USBD_LL_IsStallEP
 .text.USBD_LL_SetUSBAddress
                0x08003250       0x10 C:/DEV/Prog.embarquee/lab-sensit/sensit-sdk-v2.0.0/sdk/lib\libSENSIT_SDK_V2.0.0.a(usbd_conf.o)
                0x08003250                USBD_LL_SetUSBAddress
 .text.USBD_LL_Transmit
                0x08003260       0x10 C:/DEV/Prog.embarquee/lab-sensit/sensit-sdk-v2.0.0/sdk/lib\libSENSIT_SDK_V2.0.0.a(usbd_conf.o)
                0x08003260                USBD_LL_Transmit
 .text.USBD_LL_PrepareReceive
                0x08003270       0x10 C:/DEV/Prog.embarquee/lab-sensit/sensit-sdk-v2.0.0/sdk/lib\libSENSIT_SDK_V2.0.0.a(usbd_conf.o)
                0x08003270                USBD_LL_PrepareReceive
 .text.USB_IRQHandler
                0x08003280       0x10 C:/DEV/Prog.embarquee/lab-sensit/sensit-sdk-v2.0.0/sdk/lib\libSENSIT_SDK_V2.0.0.a(usbd_conf.o)
                0x08003280                USB_IRQHandler
 .text.USBD_SetClassConfig
                0x08003290       0x1a C:/DEV/Prog.embarquee/lab-sensit/sensit-sdk-v2.0.0/sdk/lib\libSENSIT_SDK_V2.0.0.a(usbd_core.o)
                0x08003290                USBD_SetClassConfig
 .text.USBD_ClrClassConfig
                0x080032aa       0x10 C:/DEV/Prog.embarquee/lab-sensit/sensit-sdk-v2.0.0/sdk/lib\libSENSIT_SDK_V2.0.0.a(usbd_core.o)
                0x080032aa                USBD_ClrClassConfig
 *fill*         0x080032ba        0x2 
 .text.USBD_LL_SetupStage
                0x080032bc       0x68 C:/DEV/Prog.embarquee/lab-sensit/sensit-sdk-v2.0.0/sdk/lib\libSENSIT_SDK_V2.0.0.a(usbd_core.o)
                0x080032bc                USBD_LL_SetupStage
 .text.USBD_LL_DataOutStage
                0x08003324       0x74 C:/DEV/Prog.embarquee/lab-sensit/sensit-sdk-v2.0.0/sdk/lib\libSENSIT_SDK_V2.0.0.a(usbd_core.o)
                0x08003324                USBD_LL_DataOutStage
 .text.USBD_LL_DataInStage
                0x08003398       0xac C:/DEV/Prog.embarquee/lab-sensit/sensit-sdk-v2.0.0/sdk/lib\libSENSIT_SDK_V2.0.0.a(usbd_core.o)
                0x08003398                USBD_LL_DataInStage
 .text.USBD_LL_Reset
                0x08003444       0x48 C:/DEV/Prog.embarquee/lab-sensit/sensit-sdk-v2.0.0/sdk/lib\libSENSIT_SDK_V2.0.0.a(usbd_core.o)
                0x08003444                USBD_LL_Reset
 .text.USBD_LL_SetSpeed
                0x0800348c        0x6 C:/DEV/Prog.embarquee/lab-sensit/sensit-sdk-v2.0.0/sdk/lib\libSENSIT_SDK_V2.0.0.a(usbd_core.o)
                0x0800348c                USBD_LL_SetSpeed
 .text.USBD_LL_Suspend
                0x08003492       0x16 C:/DEV/Prog.embarquee/lab-sensit/sensit-sdk-v2.0.0/sdk/lib\libSENSIT_SDK_V2.0.0.a(usbd_core.o)
                0x08003492                USBD_LL_Suspend
 .text.USBD_LL_Resume
                0x080034a8        0xe C:/DEV/Prog.embarquee/lab-sensit/sensit-sdk-v2.0.0/sdk/lib\libSENSIT_SDK_V2.0.0.a(usbd_core.o)
                0x080034a8                USBD_LL_Resume
 .text.USBD_LL_SOF
                0x080034b6       0x1e C:/DEV/Prog.embarquee/lab-sensit/sensit-sdk-v2.0.0/sdk/lib\libSENSIT_SDK_V2.0.0.a(usbd_core.o)
                0x080034b6                USBD_LL_SOF
 .text.USBD_CtlError.constprop.0
                0x080034d4       0x14 C:/DEV/Prog.embarquee/lab-sensit/sensit-sdk-v2.0.0/sdk/lib\libSENSIT_SDK_V2.0.0.a(usbd_ctlreq.o)
 .text.USBD_StdDevReq
                0x080034e8      0x224 C:/DEV/Prog.embarquee/lab-sensit/sensit-sdk-v2.0.0/sdk/lib\libSENSIT_SDK_V2.0.0.a(usbd_ctlreq.o)
                0x080034e8                USBD_StdDevReq
 .text.USBD_StdItfReq
                0x0800370c       0x38 C:/DEV/Prog.embarquee/lab-sensit/sensit-sdk-v2.0.0/sdk/lib\libSENSIT_SDK_V2.0.0.a(usbd_ctlreq.o)
                0x0800370c                USBD_StdItfReq
 .text.USBD_StdEPReq
                0x08003744       0xd4 C:/DEV/Prog.embarquee/lab-sensit/sensit-sdk-v2.0.0/sdk/lib\libSENSIT_SDK_V2.0.0.a(usbd_ctlreq.o)
                0x08003744                USBD_StdEPReq
 .text.USBD_ParseSetupRequest
                0x08003818       0x28 C:/DEV/Prog.embarquee/lab-sensit/sensit-sdk-v2.0.0/sdk/lib\libSENSIT_SDK_V2.0.0.a(usbd_ctlreq.o)
                0x08003818                USBD_ParseSetupRequest
 .text.USBD_CtlSendData
                0x08003840       0x1c C:/DEV/Prog.embarquee/lab-sensit/sensit-sdk-v2.0.0/sdk/lib\libSENSIT_SDK_V2.0.0.a(usbd_ioreq.o)
                0x08003840                USBD_CtlSendData
 .text.USBD_CtlContinueSendData
                0x0800385c       0x10 C:/DEV/Prog.embarquee/lab-sensit/sensit-sdk-v2.0.0/sdk/lib\libSENSIT_SDK_V2.0.0.a(usbd_ioreq.o)
                0x0800385c                USBD_CtlContinueSendData
 .text.USBD_CtlContinueRx
                0x0800386c       0x10 C:/DEV/Prog.embarquee/lab-sensit/sensit-sdk-v2.0.0/sdk/lib\libSENSIT_SDK_V2.0.0.a(usbd_ioreq.o)
                0x0800386c                USBD_CtlContinueRx
 .text.USBD_CtlSendStatus
                0x0800387c       0x18 C:/DEV/Prog.embarquee/lab-sensit/sensit-sdk-v2.0.0/sdk/lib\libSENSIT_SDK_V2.0.0.a(usbd_ioreq.o)
                0x0800387c                USBD_CtlSendStatus
 .text.USBD_CtlReceiveStatus
                0x08003894       0x18 C:/DEV/Prog.embarquee/lab-sensit/sensit-sdk-v2.0.0/sdk/lib\libSENSIT_SDK_V2.0.0.a(usbd_ioreq.o)
                0x08003894                USBD_CtlReceiveStatus
 .text.WATCHDOG_clear
                0x080038ac       0x10 C:/DEV/Prog.embarquee/lab-sensit/sensit-sdk-v2.0.0/sdk/lib\libSENSIT_SDK_V2.0.0.a(watchdog.o)
                0x080038ac                WATCHDOG_clear
 .text.ADC_init
                0x080038bc       0x88 C:/DEV/Prog.embarquee/lab-sensit/sensit-sdk-v2.0.0/sdk/lib\libSENSIT_SDK_V2.0.0.a(adc.o)
                0x080038bc                ADC_init
 .text.ADC_measure_battery
                0x08003944       0x84 C:/DEV/Prog.embarquee/lab-sensit/sensit-sdk-v2.0.0/sdk/lib\libSENSIT_SDK_V2.0.0.a(adc.o)
                0x08003944                ADC_measure_battery
 .text.ADC_get_last_battery_level
                0x080039c8        0xc C:/DEV/Prog.embarquee/lab-sensit/sensit-sdk-v2.0.0/sdk/lib\libSENSIT_SDK_V2.0.0.a(adc.o)
                0x080039c8                ADC_get_last_battery_level
 .text.ADC_get_battery_level
                0x080039d4       0x10 C:/DEV/Prog.embarquee/lab-sensit/sensit-sdk-v2.0.0/sdk/lib\libSENSIT_SDK_V2.0.0.a(adc.o)
                0x080039d4                ADC_get_battery_level
 .text.ADC_measure_temperature
                0x080039e4       0x68 C:/DEV/Prog.embarquee/lab-sensit/sensit-sdk-v2.0.0/sdk/lib\libSENSIT_SDK_V2.0.0.a(adc.o)
                0x080039e4                ADC_measure_temperature
 .text.AESEncode
                0x08003a4c      0x1c0 C:/DEV/Prog.embarquee/lab-sensit/sensit-sdk-v2.0.0/sdk/lib\libSENSIT_SDK_V2.0.0.a(aes.o)
                0x08003a4c                AESEncode
 .text.calibReadHSI48clk
                0x08003c0c       0x84 C:/DEV/Prog.embarquee/lab-sensit/sensit-sdk-v2.0.0/sdk/lib\libSENSIT_SDK_V2.0.0.a(calib.o)
 .text.calibRTCclkIsCalibrated
                0x08003c90      0x1a0 C:/DEV/Prog.embarquee/lab-sensit/sensit-sdk-v2.0.0/sdk/lib\libSENSIT_SDK_V2.0.0.a(calib.o)
                0x08003c90                calibRTCclkIsCalibrated
 .text.calibHSI48clkIsCalibrated
                0x08003e30       0x90 C:/DEV/Prog.embarquee/lab-sensit/sensit-sdk-v2.0.0/sdk/lib\libSENSIT_SDK_V2.0.0.a(calib.o)
                0x08003e30                calibHSI48clkIsCalibrated
 .text.CC1125_send_strobe
                0x08003ec0       0x2c C:/DEV/Prog.embarquee/lab-sensit/sensit-sdk-v2.0.0/sdk/lib\libSENSIT_SDK_V2.0.0.a(cc1125.o)
                0x08003ec0                CC1125_send_strobe
 .text.CC1125_write_reg
                0x08003eec       0x54 C:/DEV/Prog.embarquee/lab-sensit/sensit-sdk-v2.0.0/sdk/lib\libSENSIT_SDK_V2.0.0.a(cc1125.o)
                0x08003eec                CC1125_write_reg
 .text.CC1125_read_reg
                0x08003f40       0x54 C:/DEV/Prog.embarquee/lab-sensit/sensit-sdk-v2.0.0/sdk/lib\libSENSIT_SDK_V2.0.0.a(cc1125.o)
                0x08003f40                CC1125_read_reg
 .text.CC1125_output_clock
                0x08003f94       0x18 C:/DEV/Prog.embarquee/lab-sensit/sensit-sdk-v2.0.0/sdk/lib\libSENSIT_SDK_V2.0.0.a(cc1125.o)
                0x08003f94                CC1125_output_clock
 .text.CRC_compute
                0x08003fac       0x4c C:/DEV/Prog.embarquee/lab-sensit/sensit-sdk-v2.0.0/sdk/lib\libSENSIT_SDK_V2.0.0.a(crc.o)
                0x08003fac                CRC_compute
 .text.FLASH_unlock
                0x08003ff8       0x3c C:/DEV/Prog.embarquee/lab-sensit/sensit-sdk-v2.0.0/sdk/lib\libSENSIT_SDK_V2.0.0.a(flash.o)
                0x08003ff8                FLASH_unlock
 .text.FLASH_lock
                0x08004034       0x14 C:/DEV/Prog.embarquee/lab-sensit/sensit-sdk-v2.0.0/sdk/lib\libSENSIT_SDK_V2.0.0.a(flash.o)
                0x08004034                FLASH_lock
 .text.FLASH_write
                0x08004048       0x40 C:/DEV/Prog.embarquee/lab-sensit/sensit-sdk-v2.0.0/sdk/lib\libSENSIT_SDK_V2.0.0.a(flash.o)
                0x08004048                FLASH_write
 .text.FLASH_erase_page
                0x08004088       0x90 C:/DEV/Prog.embarquee/lab-sensit/sensit-sdk-v2.0.0/sdk/lib\libSENSIT_SDK_V2.0.0.a(flash.o)
                0x08004088                FLASH_erase_page
 .text._handler
                0x08004118       0x44 C:/DEV/Prog.embarquee/lab-sensit/sensit-sdk-v2.0.0/sdk/lib\libSENSIT_SDK_V2.0.0.a(gpio.o)
 .text.GPIO_init
                0x0800415c       0xcc C:/DEV/Prog.embarquee/lab-sensit/sensit-sdk-v2.0.0/sdk/lib\libSENSIT_SDK_V2.0.0.a(gpio.o)
                0x0800415c                GPIO_init
 .text.EXTI4_15_IRQHandler
                0x08004228       0x88 C:/DEV/Prog.embarquee/lab-sensit/sensit-sdk-v2.0.0/sdk/lib\libSENSIT_SDK_V2.0.0.a(gpio.o)
                0x08004228                EXTI4_15_IRQHandler
 .text.HardFault_Handler
                0x080042b0        0x8 C:/DEV/Prog.embarquee/lab-sensit/sensit-sdk-v2.0.0/sdk/lib\libSENSIT_SDK_V2.0.0.a(gpio.o)
                0x080042b0                HardFault_Handler
 .text.NMI_Handler
                0x080042b8        0x8 C:/DEV/Prog.embarquee/lab-sensit/sensit-sdk-v2.0.0/sdk/lib\libSENSIT_SDK_V2.0.0.a(gpio.o)
                0x080042b8                NMI_Handler
 .text.WWDG_IRQHandler
                0x080042c0        0x8 C:/DEV/Prog.embarquee/lab-sensit/sensit-sdk-v2.0.0/sdk/lib\libSENSIT_SDK_V2.0.0.a(gpio.o)
                0x080042c0                WWDG_IRQHandler
 .text.I2C_init
                0x080042c8       0x30 C:/DEV/Prog.embarquee/lab-sensit/sensit-sdk-v2.0.0/sdk/lib\libSENSIT_SDK_V2.0.0.a(i2c.o)
                0x080042c8                I2C_init
 .text.I2C_write_read
                0x080042f8      0x160 C:/DEV/Prog.embarquee/lab-sensit/sensit-sdk-v2.0.0/sdk/lib\libSENSIT_SDK_V2.0.0.a(i2c.o)
                0x080042f8                I2C_write_read
 .text.LED_set_toggle_color
                0x08004458        0xc C:/DEV/Prog.embarquee/lab-sensit/sensit-sdk-v2.0.0/sdk/lib\libSENSIT_SDK_V2.0.0.a(led.o)
                0x08004458                LED_set_toggle_color
 .text.LED_toggle
                0x08004464       0x5c C:/DEV/Prog.embarquee/lab-sensit/sensit-sdk-v2.0.0/sdk/lib\libSENSIT_SDK_V2.0.0.a(led.o)
                0x08004464                LED_toggle
 .text.my_memcpy
                0x080044c0       0x1c C:/DEV/Prog.embarquee/lab-sensit/sensit-sdk-v2.0.0/sdk/lib\libSENSIT_SDK_V2.0.0.a(my_string.o)
                0x080044c0                my_memcpy
 .text.my_memcmp
                0x080044dc       0x1c C:/DEV/Prog.embarquee/lab-sensit/sensit-sdk-v2.0.0/sdk/lib\libSENSIT_SDK_V2.0.0.a(my_string.o)
                0x080044dc                my_memcmp
 .text.RF_API_init
                0x080044f8       0x64 C:/DEV/Prog.embarquee/lab-sensit/sensit-sdk-v2.0.0/sdk/lib\libSENSIT_SDK_V2.0.0.a(rf_api.o)
                0x080044f8                RF_API_init
 .text.RF_API_stop
                0x0800455c       0x28 C:/DEV/Prog.embarquee/lab-sensit/sensit-sdk-v2.0.0/sdk/lib\libSENSIT_SDK_V2.0.0.a(rf_api.o)
                0x0800455c                RF_API_stop
 .text.RF_API_send
                0x08004584       0x3c C:/DEV/Prog.embarquee/lab-sensit/sensit-sdk-v2.0.0/sdk/lib\libSENSIT_SDK_V2.0.0.a(rf_api.o)
                0x08004584                RF_API_send
 .text.RF_API_change_frequency
                0x080045c0      0x180 C:/DEV/Prog.embarquee/lab-sensit/sensit-sdk-v2.0.0/sdk/lib\libSENSIT_SDK_V2.0.0.a(rf_api.o)
                0x080045c0                RF_API_change_frequency
 .text.RF_API_wait_frame
                0x08004740       0xe0 C:/DEV/Prog.embarquee/lab-sensit/sensit-sdk-v2.0.0/sdk/lib\libSENSIT_SDK_V2.0.0.a(rf_api.o)
                0x08004740                RF_API_wait_frame
 .text.RF_API_wait_for_clear_channel
                0x08004820       0xb0 C:/DEV/Prog.embarquee/lab-sensit/sensit-sdk-v2.0.0/sdk/lib\libSENSIT_SDK_V2.0.0.a(rf_api.o)
                0x08004820                RF_API_wait_for_clear_channel
 .text.SIGFOX_CRC_crc16
                0x080048d0       0x3c C:/DEV/Prog.embarquee/lab-sensit/sensit-sdk-v2.0.0/sdk/lib\libSENSIT_SDK_V2.0.0.a(sigfox_crc.o)
                0x080048d0                SIGFOX_CRC_crc16
 .text.SIGFOX_CRC_crc8
                0x0800490c       0x34 C:/DEV/Prog.embarquee/lab-sensit/sensit-sdk-v2.0.0/sdk/lib\libSENSIT_SDK_V2.0.0.a(sigfox_crc.o)
                0x0800490c                SIGFOX_CRC_crc8
 .text.SIGFOX_DECODE_dewhitening_pn
                0x08004940       0x26 C:/DEV/Prog.embarquee/lab-sensit/sensit-sdk-v2.0.0/sdk/lib\libSENSIT_SDK_V2.0.0.a(sigfox_decode.o)
 *fill*         0x08004966        0x2 
 .text.SIGFOX_DECODE_decode_frame
                0x08004968      0x164 C:/DEV/Prog.embarquee/lab-sensit/sensit-sdk-v2.0.0/sdk/lib\libSENSIT_SDK_V2.0.0.a(sigfox_decode.o)
                0x08004968                SIGFOX_DECODE_decode_frame
 .text.SIGFOX_HMAC_compute_aes
                0x08004acc       0x54 C:/DEV/Prog.embarquee/lab-sensit/sensit-sdk-v2.0.0/sdk/lib\libSENSIT_SDK_V2.0.0.a(sigfox_hmac.o)
                0x08004acc                SIGFOX_HMAC_compute_aes
 .text.PCD_WritePMA
                0x08004b20       0x28 C:/DEV/Prog.embarquee/lab-sensit/sensit-sdk-v2.0.0/sdk/lib\libSENSIT_SDK_V2.0.0.a(stm32f0xx_hal_pcd.o)
 .text.PCD_ReadPMA
                0x08004b48       0x20 C:/DEV/Prog.embarquee/lab-sensit/sensit-sdk-v2.0.0/sdk/lib\libSENSIT_SDK_V2.0.0.a(stm32f0xx_hal_pcd.o)
 .text.HAL_PCD_SetAddress
                0x08004b68       0x2c C:/DEV/Prog.embarquee/lab-sensit/sensit-sdk-v2.0.0/sdk/lib\libSENSIT_SDK_V2.0.0.a(stm32f0xx_hal_pcd.o)
                0x08004b68                HAL_PCD_SetAddress
 .text.HAL_PCD_EP_Open
                0x08004b94      0x2b0 C:/DEV/Prog.embarquee/lab-sensit/sensit-sdk-v2.0.0/sdk/lib\libSENSIT_SDK_V2.0.0.a(stm32f0xx_hal_pcd.o)
                0x08004b94                HAL_PCD_EP_Open
 .text.HAL_PCD_EP_Receive
                0x08004e44       0xe8 C:/DEV/Prog.embarquee/lab-sensit/sensit-sdk-v2.0.0/sdk/lib\libSENSIT_SDK_V2.0.0.a(stm32f0xx_hal_pcd.o)
                0x08004e44                HAL_PCD_EP_Receive
 .text.HAL_PCD_EP_Transmit
                0x08004f2c      0x1e4 C:/DEV/Prog.embarquee/lab-sensit/sensit-sdk-v2.0.0/sdk/lib\libSENSIT_SDK_V2.0.0.a(stm32f0xx_hal_pcd.o)
                0x08004f2c                HAL_PCD_EP_Transmit
 .text.HAL_PCD_IRQHandler
                0x08005110      0x464 C:/DEV/Prog.embarquee/lab-sensit/sensit-sdk-v2.0.0/sdk/lib\libSENSIT_SDK_V2.0.0.a(stm32f0xx_hal_pcd.o)
                0x08005110                HAL_PCD_IRQHandler
 .text.HAL_PCD_EP_SetStall
                0x08005574       0x90 C:/DEV/Prog.embarquee/lab-sensit/sensit-sdk-v2.0.0/sdk/lib\libSENSIT_SDK_V2.0.0.a(stm32f0xx_hal_pcd.o)
                0x08005574                HAL_PCD_EP_SetStall
 .text.HAL_PCD_EP_ClrStall
                0x08005604       0xbc C:/DEV/Prog.embarquee/lab-sensit/sensit-sdk-v2.0.0/sdk/lib\libSENSIT_SDK_V2.0.0.a(stm32f0xx_hal_pcd.o)
                0x08005604                HAL_PCD_EP_ClrStall
 .text.MODULATION_ramp_up
                0x080056c0       0x28 C:/DEV/Prog.embarquee/lab-sensit/sensit-sdk-v2.0.0/sdk/lib\libSENSIT_SDK_V2.0.0.a(modulation.o)
 .text.MODULATION_ramp_down
                0x080056e8       0x2c C:/DEV/Prog.embarquee/lab-sensit/sensit-sdk-v2.0.0/sdk/lib\libSENSIT_SDK_V2.0.0.a(modulation.o)
 .text.MODULATION_init
                0x08005714       0xe0 C:/DEV/Prog.embarquee/lab-sensit/sensit-sdk-v2.0.0/sdk/lib\libSENSIT_SDK_V2.0.0.a(modulation.o)
                0x08005714                MODULATION_init
 .text.MODULATION_stop
                0x080057f4       0x3c C:/DEV/Prog.embarquee/lab-sensit/sensit-sdk-v2.0.0/sdk/lib\libSENSIT_SDK_V2.0.0.a(modulation.o)
                0x080057f4                MODULATION_stop
 .text.MODULATION_process
                0x08005830       0xa4 C:/DEV/Prog.embarquee/lab-sensit/sensit-sdk-v2.0.0/sdk/lib\libSENSIT_SDK_V2.0.0.a(modulation.o)
                0x08005830                MODULATION_process
 .text.TIM2_IRQHandler
                0x080058d4       0x2c C:/DEV/Prog.embarquee/lab-sensit/sensit-sdk-v2.0.0/sdk/lib\libSENSIT_SDK_V2.0.0.a(modulation.o)
                0x080058d4                TIM2_IRQHandler
 .text.__libc_init_array
                0x08005900       0x44 c:/program files (x86)/gnu tools arm embedded/8 2019-q3-update/bin/../lib/gcc/arm-none-eabi/8.3.1/../../../../arm-none-eabi/lib/thumb/v6-m/nofp\libc.a(lib_a-init.o)
                0x08005900                __libc_init_array
 .text.memset   0x08005944       0xa8 c:/program files (x86)/gnu tools arm embedded/8 2019-q3-update/bin/../lib/gcc/arm-none-eabi/8.3.1/../../../../arm-none-eabi/lib/thumb/v6-m/nofp\libc.a(lib_a-memset.o)
                0x08005944                memset
 *(.glue_7)
 .glue_7        0x080059ec        0x0 linker stubs
 *(.glue_7t)
 .glue_7t       0x080059ec        0x0 linker stubs
 *(.eh_frame)
 *(.init)
 *(.fini)
                0x080059ec                . = ALIGN (0x4)
                0x080059ec                _etext = .

.vfp11_veneer   0x080059ec        0x0
 .vfp11_veneer  0x080059ec        0x0 linker stubs

.v4_bx          0x080059ec        0x0
 .v4_bx         0x080059ec        0x0 linker stubs

.iplt           0x080059ec        0x0
 .iplt          0x080059ec        0x0 C:/DEV/Prog.embarquee/lab-sensit/sensit-sdk-v2.0.0/sdk/obj/error.o

.rodata         0x080059ec      0x3f8
                0x080059ec                . = ALIGN (0x4)
 *(.rodata)
 .rodata        0x080059ec       0x10 C:/DEV/Prog.embarquee/lab-sensit/sensit-sdk-v2.0.0/sdk/lib\libSENSIT_SDK_V2.0.0.a(nvmem_api.o)
 .rodata        0x080059fc       0x34 C:/DEV/Prog.embarquee/lab-sensit/sensit-sdk-v2.0.0/sdk/lib\libSENSIT_SDK_V2.0.0.a(sigfox_internal.o)
                0x080059fc                fsync_lut_tx
                0x08005a20                public_key
 .rodata        0x08005a30       0x10 C:/DEV/Prog.embarquee/lab-sensit/sensit-sdk-v2.0.0/sdk/lib\libSENSIT_SDK_V2.0.0.a(sigfox_scramb.o)
 .rodata        0x08005a40      0x100 C:/DEV/Prog.embarquee/lab-sensit/sensit-sdk-v2.0.0/sdk/lib\libSENSIT_SDK_V2.0.0.a(aes.o)
                0x08005a40                STable
 .rodata        0x08005b40      0x190 C:/DEV/Prog.embarquee/lab-sensit/sensit-sdk-v2.0.0/sdk/lib\libSENSIT_SDK_V2.0.0.a(rf_api.o)
 .rodata        0x08005cd0       0x20 C:/DEV/Prog.embarquee/lab-sensit/sensit-sdk-v2.0.0/sdk/lib\libSENSIT_SDK_V2.0.0.a(sigfox_decode.o)
                0x08005cd0                pow_alpha
                0x08005ce0                log_alpha
 .rodata        0x08005cf0       0xac c:/program files (x86)/gnu tools arm embedded/8 2019-q3-update/bin/../lib/gcc/arm-none-eabi/8.3.1/thumb/v6-m/nofp\libgcc.a(divsf3.o)
 .rodata        0x08005d9c       0x40 c:/program files (x86)/gnu tools arm embedded/8 2019-q3-update/bin/../lib/gcc/arm-none-eabi/8.3.1/thumb/v6-m/nofp\libgcc.a(mulsf3.o)
 *(.rodata*)
 .rodata.str1.1
                0x08005ddc        0x8 C:/DEV/Prog.embarquee/lab-sensit/sensit-sdk-v2.0.0/sdk/obj/main.o
                0x08005de4                . = ALIGN (0x4)

.rel.dyn        0x08005de4        0x0
 .rel.iplt      0x08005de4        0x0 C:/DEV/Prog.embarquee/lab-sensit/sensit-sdk-v2.0.0/sdk/obj/error.o

.ARM.extab      0x08005de4        0x0
                0x08005de4                . = ALIGN (0x4)
 *(.ARM.extab* .gnu.linkonce.armextab.*)
                0x08005de4                . = ALIGN (0x4)

.ARM            0x08005de4        0x0
                0x08005de4                . = ALIGN (0x4)
                0x08005de4                __exidx_start = .
 *(.ARM.exidx*)
                0x08005de4                __exidx_end = .
                0x08005de4                . = ALIGN (0x4)

.preinit_array  0x08005de4        0x0
                0x08005de4                . = ALIGN (0x4)
                0x08005de4                PROVIDE (__preinit_array_start = .)
 *(.preinit_array*)
                0x08005de4                PROVIDE (__preinit_array_end = .)
                0x08005de4                . = ALIGN (0x4)

.init_array     0x08005de4        0x0
                0x08005de4                . = ALIGN (0x4)
                0x08005de4                PROVIDE (__init_array_start = .)
 *(SORT_BY_NAME(.init_array.*))
 *(.init_array*)
                0x08005de4                PROVIDE (__init_array_end = .)
                0x08005de4                . = ALIGN (0x4)

.fini_array     0x08005de4        0x0
                0x08005de4                . = ALIGN (0x4)
                [!provide]                PROVIDE (__fini_array_start = .)
 *(SORT_BY_NAME(.fini_array.*))
 *(.fini_array*)
                [!provide]                PROVIDE (__fini_array_end = .)
                0x08005de4                . = ALIGN (0x4)
                0x08005de4                _sidata = LOADADDR (.data)

.data           0x20000000      0x1e8 load address 0x08005de4
                0x20000000                . = ALIGN (0x4)
                0x20000000                _sdata = .
 *(.data)
 .data          0x20000000        0x2 C:/DEV/Prog.embarquee/lab-sensit/sensit-sdk-v2.0.0/sdk/obj/battery.o
 *fill*         0x20000002        0x2 
 .data          0x20000004       0xa0 C:/DEV/Prog.embarquee/lab-sensit/sensit-sdk-v2.0.0/sdk/obj/radio_api.o
 .data          0x200000a4       0x10 C:/DEV/Prog.embarquee/lab-sensit/sensit-sdk-v2.0.0/sdk/obj/main.o
                0x200000a4                firmware_version
 .data          0x200000b4       0x15 C:/DEV/Prog.embarquee/lab-sensit/sensit-sdk-v2.0.0/sdk/lib\libSENSIT_SDK_V2.0.0.a(nvmem_api.o)
 .data          0x200000c9        0x1 C:/DEV/Prog.embarquee/lab-sensit/sensit-sdk-v2.0.0/sdk/lib\libSENSIT_SDK_V2.0.0.a(radio.o)
 .data          0x200000ca      0x11d C:/DEV/Prog.embarquee/lab-sensit/sensit-sdk-v2.0.0/sdk/lib\libSENSIT_SDK_V2.0.0.a(modulation.o)
 *(.data*)
                0x200001e8                . = ALIGN (0x4)
 *fill*         0x200001e7        0x1 
                0x200001e8                _edata = .

.igot.plt       0x200001e8        0x0 load address 0x08005fcc
 .igot.plt      0x200001e8        0x0 C:/DEV/Prog.embarquee/lab-sensit/sensit-sdk-v2.0.0/sdk/obj/error.o
                0x200001e8                . = ALIGN (0x4)

.bss            0x200001e8      0x5d0 load address 0x08005fcc
                0x200001e8                _sbss = .
                0x200001e8                __bss_start__ = _sbss
 *(.bss)
 .bss           0x200001e8        0x1 C:/DEV/Prog.embarquee/lab-sensit/sensit-sdk-v2.0.0/sdk/obj/radio_api.o
 *fill*         0x200001e9        0x3 
 .bss           0x200001ec       0x50 C:/DEV/Prog.embarquee/lab-sensit/sensit-sdk-v2.0.0/sdk/obj/etsi.o
 .bss           0x2000023c       0x10 C:/DEV/Prog.embarquee/lab-sensit/sensit-sdk-v2.0.0/sdk/obj/fcc.o
 .bss           0x2000024c       0x10 C:/DEV/Prog.embarquee/lab-sensit/sensit-sdk-v2.0.0/sdk/obj/hts221.o
 .bss           0x2000025c       0xa8 C:/DEV/Prog.embarquee/lab-sensit/sensit-sdk-v2.0.0/sdk/lib\libSENSIT_SDK_V2.0.0.a(mcu_api.o)
 .bss           0x20000304       0x14 C:/DEV/Prog.embarquee/lab-sensit/sensit-sdk-v2.0.0/sdk/lib\libSENSIT_SDK_V2.0.0.a(nvmem_api.o)
 .bss           0x20000318        0x1 C:/DEV/Prog.embarquee/lab-sensit/sensit-sdk-v2.0.0/sdk/lib\libSENSIT_SDK_V2.0.0.a(radio.o)
 *fill*         0x20000319        0x3 
 .bss           0x2000031c        0xc C:/DEV/Prog.embarquee/lab-sensit/sensit-sdk-v2.0.0/sdk/lib\libSENSIT_SDK_V2.0.0.a(rtc.o)
                0x2000031c                rtc_current_time
                0x20000320                rtc_alarm_timer
                0x20000324                rx_timer
 .bss           0x20000328        0x1 C:/DEV/Prog.embarquee/lab-sensit/sensit-sdk-v2.0.0/sdk/lib\libSENSIT_SDK_V2.0.0.a(sigfox_api.o)
                0x20000328                g_state
 .bss           0x20000329        0x1 C:/DEV/Prog.embarquee/lab-sensit/sensit-sdk-v2.0.0/sdk/lib\libSENSIT_SDK_V2.0.0.a(sleep.o)
 .bss           0x2000032a      0x204 C:/DEV/Prog.embarquee/lab-sensit/sensit-sdk-v2.0.0/sdk/lib\libSENSIT_SDK_V2.0.0.a(uart.o)
 .bss           0x2000052e        0x1 C:/DEV/Prog.embarquee/lab-sensit/sensit-sdk-v2.0.0/sdk/lib\libSENSIT_SDK_V2.0.0.a(usbd_ctlreq.o)
 *fill*         0x2000052f        0x1 
 .bss           0x20000530        0x4 C:/DEV/Prog.embarquee/lab-sensit/sensit-sdk-v2.0.0/sdk/lib\libSENSIT_SDK_V2.0.0.a(adc.o)
 .bss           0x20000534        0xc C:/DEV/Prog.embarquee/lab-sensit/sensit-sdk-v2.0.0/sdk/lib\libSENSIT_SDK_V2.0.0.a(calib.o)
 .bss           0x20000540        0x1 C:/DEV/Prog.embarquee/lab-sensit/sensit-sdk-v2.0.0/sdk/lib\libSENSIT_SDK_V2.0.0.a(led.o)
 *fill*         0x20000541        0x3 
 .bss           0x20000544       0x1d C:/DEV/Prog.embarquee/lab-sensit/sensit-sdk-v2.0.0/sdk/lib\libSENSIT_SDK_V2.0.0.a(modulation.o)
 *(.bss*)
 *(COMMON)
 COMMON         0x20000561        0x1 C:/DEV/Prog.embarquee/lab-sensit/sensit-sdk-v2.0.0/sdk/obj/error.o
                0x20000561                pending_interrupt
 *fill*         0x20000562        0x2 
 COMMON         0x20000564        0x9 C:/DEV/Prog.embarquee/lab-sensit/sensit-sdk-v2.0.0/sdk/lib\libSENSIT_SDK_V2.0.0.a(mcu_api.o)
                0x20000564                sleep_end
                0x20000568                cs_timer
                0x2000056c                tx_end
 *fill*         0x2000056d        0x3 
 COMMON         0x20000570        0x4 C:/DEV/Prog.embarquee/lab-sensit/sensit-sdk-v2.0.0/sdk/lib\libSENSIT_SDK_V2.0.0.a(rtc.o)
                0x20000570                rtc_alarm_reload
 COMMON         0x20000574        0x4 C:/DEV/Prog.embarquee/lab-sensit/sensit-sdk-v2.0.0/sdk/lib\libSENSIT_SDK_V2.0.0.a(sigfox_api.o)
                0x20000574                rs
 COMMON         0x20000578      0x220 C:/DEV/Prog.embarquee/lab-sensit/sensit-sdk-v2.0.0/sdk/lib\libSENSIT_SDK_V2.0.0.a(usbd_conf.o)
                0x20000578                hpcd_USB_FS
 COMMON         0x20000798       0x20 C:/DEV/Prog.embarquee/lab-sensit/sensit-sdk-v2.0.0/sdk/lib\libSENSIT_SDK_V2.0.0.a(sigfox_hmac.o)
                0x20000798                aes_in
                0x200007b8                . = ALIGN (0x4)
                0x200007b8                _ebss = .
                0x200007b8                __bss_end__ = _ebss

._user_heap_stack
                0x200007b8      0x400 load address 0x08005fcc
                0x200007b8                . = ALIGN (0x8)
                [!provide]                PROVIDE (end = .)
                [!provide]                PROVIDE (_end = .)
                0x200007b8                . = (. + _Min_Heap_Size)
                0x20000bb8                . = (. + _Min_Stack_Size)
 *fill*         0x200007b8      0x400 
                0x20000bb8                . = ALIGN (0x8)

/DISCARD/
 libc.a(*)
 libm.a(*)
 libgcc.a(*)

.ARM.attributes
                0x00000000       0x2a
 *(.ARM.attributes)
 .ARM.attributes
                0x00000000       0x2c C:/DEV/Prog.embarquee/lab-sensit/sensit-sdk-v2.0.0/sdk/obj/error.o
 .ARM.attributes
                0x0000002c       0x2c C:/DEV/Prog.embarquee/lab-sensit/sensit-sdk-v2.0.0/sdk/obj/button.o
 .ARM.attributes
                0x00000058       0x2c C:/DEV/Prog.embarquee/lab-sensit/sensit-sdk-v2.0.0/sdk/obj/battery.o
 .ARM.attributes
                0x00000084       0x2c C:/DEV/Prog.embarquee/lab-sensit/sensit-sdk-v2.0.0/sdk/obj/callback.o
 .ARM.attributes
                0x000000b0       0x2c C:/DEV/Prog.embarquee/lab-sensit/sensit-sdk-v2.0.0/sdk/obj/radio_api.o
 .ARM.attributes
                0x000000dc       0x2c C:/DEV/Prog.embarquee/lab-sensit/sensit-sdk-v2.0.0/sdk/obj/etsi.o
 .ARM.attributes
                0x00000108       0x2c C:/DEV/Prog.embarquee/lab-sensit/sensit-sdk-v2.0.0/sdk/obj/fcc.o
 .ARM.attributes
                0x00000134       0x2c C:/DEV/Prog.embarquee/lab-sensit/sensit-sdk-v2.0.0/sdk/obj/hts221.o
 .ARM.attributes
                0x00000160       0x2c C:/DEV/Prog.embarquee/lab-sensit/sensit-sdk-v2.0.0/sdk/obj/ltr329.o
 .ARM.attributes
                0x0000018c       0x2c C:/DEV/Prog.embarquee/lab-sensit/sensit-sdk-v2.0.0/sdk/obj/fxos8700.o
 .ARM.attributes
                0x000001b8       0x2c C:/DEV/Prog.embarquee/lab-sensit/sensit-sdk-v2.0.0/sdk/obj/main.o
 .ARM.attributes
                0x000001e4       0x31 C:/DEV/Prog.embarquee/lab-sensit/sensit-sdk-v2.0.0/sdk/lib\libSENSIT_SDK_V2.0.0.a(mcu_api.o)
 .ARM.attributes
                0x00000215       0x31 C:/DEV/Prog.embarquee/lab-sensit/sensit-sdk-v2.0.0/sdk/lib\libSENSIT_SDK_V2.0.0.a(nvmem_api.o)
 .ARM.attributes
                0x00000246       0x31 C:/DEV/Prog.embarquee/lab-sensit/sensit-sdk-v2.0.0/sdk/lib\libSENSIT_SDK_V2.0.0.a(radio.o)
 .ARM.attributes
                0x00000277       0x31 C:/DEV/Prog.embarquee/lab-sensit/sensit-sdk-v2.0.0/sdk/lib\libSENSIT_SDK_V2.0.0.a(rtc.o)
 .ARM.attributes
                0x000002a8       0x31 C:/DEV/Prog.embarquee/lab-sensit/sensit-sdk-v2.0.0/sdk/lib\libSENSIT_SDK_V2.0.0.a(sensit_api.o)
 .ARM.attributes
                0x000002d9       0x31 C:/DEV/Prog.embarquee/lab-sensit/sensit-sdk-v2.0.0/sdk/lib\libSENSIT_SDK_V2.0.0.a(sigfox_api.o)
 .ARM.attributes
                0x0000030a       0x31 C:/DEV/Prog.embarquee/lab-sensit/sensit-sdk-v2.0.0/sdk/lib\libSENSIT_SDK_V2.0.0.a(sigfox_internal.o)
 .ARM.attributes
                0x0000033b       0x31 C:/DEV/Prog.embarquee/lab-sensit/sensit-sdk-v2.0.0/sdk/lib\libSENSIT_SDK_V2.0.0.a(sigfox_pn.o)
 .ARM.attributes
                0x0000036c       0x31 C:/DEV/Prog.embarquee/lab-sensit/sensit-sdk-v2.0.0/sdk/lib\libSENSIT_SDK_V2.0.0.a(sigfox_scramb.o)
 .ARM.attributes
                0x0000039d       0x31 C:/DEV/Prog.embarquee/lab-sensit/sensit-sdk-v2.0.0/sdk/lib\libSENSIT_SDK_V2.0.0.a(sleep.o)
 .ARM.attributes
                0x000003ce       0x31 C:/DEV/Prog.embarquee/lab-sensit/sensit-sdk-v2.0.0/sdk/lib\libSENSIT_SDK_V2.0.0.a(spi.o)
 .ARM.attributes
                0x000003ff       0x21 C:/DEV/Prog.embarquee/lab-sensit/sensit-sdk-v2.0.0/sdk/lib\libSENSIT_SDK_V2.0.0.a(startup_stm32f042x6.o)
 .ARM.attributes
                0x00000420       0x31 C:/DEV/Prog.embarquee/lab-sensit/sensit-sdk-v2.0.0/sdk/lib\libSENSIT_SDK_V2.0.0.a(system_stm32f0xx.o)
 .ARM.attributes
                0x00000451       0x31 C:/DEV/Prog.embarquee/lab-sensit/sensit-sdk-v2.0.0/sdk/lib\libSENSIT_SDK_V2.0.0.a(systick.o)
 .ARM.attributes
                0x00000482       0x31 C:/DEV/Prog.embarquee/lab-sensit/sensit-sdk-v2.0.0/sdk/lib\libSENSIT_SDK_V2.0.0.a(uart.o)
 .ARM.attributes
                0x000004b3       0x31 C:/DEV/Prog.embarquee/lab-sensit/sensit-sdk-v2.0.0/sdk/lib\libSENSIT_SDK_V2.0.0.a(usbd_conf.o)
 .ARM.attributes
                0x000004e4       0x31 C:/DEV/Prog.embarquee/lab-sensit/sensit-sdk-v2.0.0/sdk/lib\libSENSIT_SDK_V2.0.0.a(usbd_core.o)
 .ARM.attributes
                0x00000515       0x31 C:/DEV/Prog.embarquee/lab-sensit/sensit-sdk-v2.0.0/sdk/lib\libSENSIT_SDK_V2.0.0.a(usbd_ctlreq.o)
 .ARM.attributes
                0x00000546       0x31 C:/DEV/Prog.embarquee/lab-sensit/sensit-sdk-v2.0.0/sdk/lib\libSENSIT_SDK_V2.0.0.a(usbd_ioreq.o)
 .ARM.attributes
                0x00000577       0x31 C:/DEV/Prog.embarquee/lab-sensit/sensit-sdk-v2.0.0/sdk/lib\libSENSIT_SDK_V2.0.0.a(watchdog.o)
 .ARM.attributes
                0x000005a8       0x31 C:/DEV/Prog.embarquee/lab-sensit/sensit-sdk-v2.0.0/sdk/lib\libSENSIT_SDK_V2.0.0.a(adc.o)
 .ARM.attributes
                0x000005d9       0x31 C:/DEV/Prog.embarquee/lab-sensit/sensit-sdk-v2.0.0/sdk/lib\libSENSIT_SDK_V2.0.0.a(aes.o)
 .ARM.attributes
                0x0000060a       0x31 C:/DEV/Prog.embarquee/lab-sensit/sensit-sdk-v2.0.0/sdk/lib\libSENSIT_SDK_V2.0.0.a(calib.o)
 .ARM.attributes
                0x0000063b       0x31 C:/DEV/Prog.embarquee/lab-sensit/sensit-sdk-v2.0.0/sdk/lib\libSENSIT_SDK_V2.0.0.a(cc1125.o)
 .ARM.attributes
                0x0000066c       0x31 C:/DEV/Prog.embarquee/lab-sensit/sensit-sdk-v2.0.0/sdk/lib\libSENSIT_SDK_V2.0.0.a(crc.o)
 .ARM.attributes
                0x0000069d       0x31 C:/DEV/Prog.embarquee/lab-sensit/sensit-sdk-v2.0.0/sdk/lib\libSENSIT_SDK_V2.0.0.a(flash.o)
 .ARM.attributes
                0x000006ce       0x31 C:/DEV/Prog.embarquee/lab-sensit/sensit-sdk-v2.0.0/sdk/lib\libSENSIT_SDK_V2.0.0.a(gpio.o)
 .ARM.attributes
                0x000006ff       0x31 C:/DEV/Prog.embarquee/lab-sensit/sensit-sdk-v2.0.0/sdk/lib\libSENSIT_SDK_V2.0.0.a(i2c.o)
 .ARM.attributes
                0x00000730       0x31 C:/DEV/Prog.embarquee/lab-sensit/sensit-sdk-v2.0.0/sdk/lib\libSENSIT_SDK_V2.0.0.a(led.o)
 .ARM.attributes
                0x00000761       0x31 C:/DEV/Prog.embarquee/lab-sensit/sensit-sdk-v2.0.0/sdk/lib\libSENSIT_SDK_V2.0.0.a(my_string.o)
 .ARM.attributes
                0x00000792       0x31 C:/DEV/Prog.embarquee/lab-sensit/sensit-sdk-v2.0.0/sdk/lib\libSENSIT_SDK_V2.0.0.a(rf_api.o)
 .ARM.attributes
                0x000007c3       0x31 C:/DEV/Prog.embarquee/lab-sensit/sensit-sdk-v2.0.0/sdk/lib\libSENSIT_SDK_V2.0.0.a(sigfox_crc.o)
 .ARM.attributes
                0x000007f4       0x31 C:/DEV/Prog.embarquee/lab-sensit/sensit-sdk-v2.0.0/sdk/lib\libSENSIT_SDK_V2.0.0.a(sigfox_decode.o)
 .ARM.attributes
                0x00000825       0x31 C:/DEV/Prog.embarquee/lab-sensit/sensit-sdk-v2.0.0/sdk/lib\libSENSIT_SDK_V2.0.0.a(sigfox_hmac.o)
 .ARM.attributes
                0x00000856       0x31 C:/DEV/Prog.embarquee/lab-sensit/sensit-sdk-v2.0.0/sdk/lib\libSENSIT_SDK_V2.0.0.a(stm32f0xx_hal_pcd.o)
 .ARM.attributes
                0x00000887       0x31 C:/DEV/Prog.embarquee/lab-sensit/sensit-sdk-v2.0.0/sdk/lib\libSENSIT_SDK_V2.0.0.a(modulation.o)
OUTPUT(C:/DEV/Prog.embarquee/lab-sensit/sensit-sdk-v2.0.0/sdk/bin/sensit.elf elf32-littlearm)

.debug_info     0x00000000     0x21ac
 .debug_info    0x00000000      0x3f1 C:/DEV/Prog.embarquee/lab-sensit/sensit-sdk-v2.0.0/sdk/obj/error.o
 .debug_info    0x000003f1      0x206 C:/DEV/Prog.embarquee/lab-sensit/sensit-sdk-v2.0.0/sdk/obj/button.o
 .debug_info    0x000005f7      0x323 C:/DEV/Prog.embarquee/lab-sensit/sensit-sdk-v2.0.0/sdk/obj/battery.o
 .debug_info    0x0000091a       0x97 C:/DEV/Prog.embarquee/lab-sensit/sensit-sdk-v2.0.0/sdk/obj/callback.o
 .debug_info    0x000009b1      0x4f5 C:/DEV/Prog.embarquee/lab-sensit/sensit-sdk-v2.0.0/sdk/obj/radio_api.o
 .debug_info    0x00000ea6      0x1a8 C:/DEV/Prog.embarquee/lab-sensit/sensit-sdk-v2.0.0/sdk/obj/etsi.o
 .debug_info    0x0000104e      0x194 C:/DEV/Prog.embarquee/lab-sensit/sensit-sdk-v2.0.0/sdk/obj/fcc.o
 .debug_info    0x000011e2      0x38f C:/DEV/Prog.embarquee/lab-sensit/sensit-sdk-v2.0.0/sdk/obj/hts221.o
 .debug_info    0x00001571      0x399 C:/DEV/Prog.embarquee/lab-sensit/sensit-sdk-v2.0.0/sdk/obj/ltr329.o
 .debug_info    0x0000190a      0x553 C:/DEV/Prog.embarquee/lab-sensit/sensit-sdk-v2.0.0/sdk/obj/fxos8700.o
 .debug_info    0x00001e5d      0x34f C:/DEV/Prog.embarquee/lab-sensit/sensit-sdk-v2.0.0/sdk/obj/main.o

.debug_abbrev   0x00000000      0xe15
 .debug_abbrev  0x00000000      0x154 C:/DEV/Prog.embarquee/lab-sensit/sensit-sdk-v2.0.0/sdk/obj/error.o
 .debug_abbrev  0x00000154      0x125 C:/DEV/Prog.embarquee/lab-sensit/sensit-sdk-v2.0.0/sdk/obj/button.o
 .debug_abbrev  0x00000279      0x19e C:/DEV/Prog.embarquee/lab-sensit/sensit-sdk-v2.0.0/sdk/obj/battery.o
 .debug_abbrev  0x00000417       0x68 C:/DEV/Prog.embarquee/lab-sensit/sensit-sdk-v2.0.0/sdk/obj/callback.o
 .debug_abbrev  0x0000047f      0x1b3 C:/DEV/Prog.embarquee/lab-sensit/sensit-sdk-v2.0.0/sdk/obj/radio_api.o
 .debug_abbrev  0x00000632      0x131 C:/DEV/Prog.embarquee/lab-sensit/sensit-sdk-v2.0.0/sdk/obj/etsi.o
 .debug_abbrev  0x00000763      0x131 C:/DEV/Prog.embarquee/lab-sensit/sensit-sdk-v2.0.0/sdk/obj/fcc.o
 .debug_abbrev  0x00000894      0x158 C:/DEV/Prog.embarquee/lab-sensit/sensit-sdk-v2.0.0/sdk/obj/hts221.o
 .debug_abbrev  0x000009ec      0x156 C:/DEV/Prog.embarquee/lab-sensit/sensit-sdk-v2.0.0/sdk/obj/ltr329.o
 .debug_abbrev  0x00000b42      0x182 C:/DEV/Prog.embarquee/lab-sensit/sensit-sdk-v2.0.0/sdk/obj/fxos8700.o
 .debug_abbrev  0x00000cc4      0x151 C:/DEV/Prog.embarquee/lab-sensit/sensit-sdk-v2.0.0/sdk/obj/main.o

.debug_loc      0x00000000      0xd24
 .debug_loc     0x00000000      0x112 C:/DEV/Prog.embarquee/lab-sensit/sensit-sdk-v2.0.0/sdk/obj/error.o
 .debug_loc     0x00000112       0xb8 C:/DEV/Prog.embarquee/lab-sensit/sensit-sdk-v2.0.0/sdk/obj/button.o
 .debug_loc     0x000001ca       0x8a C:/DEV/Prog.embarquee/lab-sensit/sensit-sdk-v2.0.0/sdk/obj/battery.o
 .debug_loc     0x00000254      0x191 C:/DEV/Prog.embarquee/lab-sensit/sensit-sdk-v2.0.0/sdk/obj/radio_api.o
 .debug_loc     0x000003e5      0x12b C:/DEV/Prog.embarquee/lab-sensit/sensit-sdk-v2.0.0/sdk/obj/etsi.o
 .debug_loc     0x00000510       0xc6 C:/DEV/Prog.embarquee/lab-sensit/sensit-sdk-v2.0.0/sdk/obj/fcc.o
 .debug_loc     0x000005d6      0x28c C:/DEV/Prog.embarquee/lab-sensit/sensit-sdk-v2.0.0/sdk/obj/hts221.o
 .debug_loc     0x00000862      0x19d C:/DEV/Prog.embarquee/lab-sensit/sensit-sdk-v2.0.0/sdk/obj/ltr329.o
 .debug_loc     0x000009ff      0x289 C:/DEV/Prog.embarquee/lab-sensit/sensit-sdk-v2.0.0/sdk/obj/fxos8700.o
 .debug_loc     0x00000c88       0x9c C:/DEV/Prog.embarquee/lab-sensit/sensit-sdk-v2.0.0/sdk/obj/main.o

.debug_aranges  0x00000000      0x1b8
 .debug_aranges
                0x00000000       0x28 C:/DEV/Prog.embarquee/lab-sensit/sensit-sdk-v2.0.0/sdk/obj/error.o
 .debug_aranges
                0x00000028       0x20 C:/DEV/Prog.embarquee/lab-sensit/sensit-sdk-v2.0.0/sdk/obj/button.o
 .debug_aranges
                0x00000048       0x20 C:/DEV/Prog.embarquee/lab-sensit/sensit-sdk-v2.0.0/sdk/obj/battery.o
 .debug_aranges
                0x00000068       0x20 C:/DEV/Prog.embarquee/lab-sensit/sensit-sdk-v2.0.0/sdk/obj/callback.o
 .debug_aranges
                0x00000088       0x28 C:/DEV/Prog.embarquee/lab-sensit/sensit-sdk-v2.0.0/sdk/obj/radio_api.o
 .debug_aranges
                0x000000b0       0x20 C:/DEV/Prog.embarquee/lab-sensit/sensit-sdk-v2.0.0/sdk/obj/etsi.o
 .debug_aranges
                0x000000d0       0x20 C:/DEV/Prog.embarquee/lab-sensit/sensit-sdk-v2.0.0/sdk/obj/fcc.o
 .debug_aranges
                0x000000f0       0x28 C:/DEV/Prog.embarquee/lab-sensit/sensit-sdk-v2.0.0/sdk/obj/hts221.o
 .debug_aranges
                0x00000118       0x38 C:/DEV/Prog.embarquee/lab-sensit/sensit-sdk-v2.0.0/sdk/obj/ltr329.o
 .debug_aranges
                0x00000150       0x48 C:/DEV/Prog.embarquee/lab-sensit/sensit-sdk-v2.0.0/sdk/obj/fxos8700.o
 .debug_aranges
                0x00000198       0x20 C:/DEV/Prog.embarquee/lab-sensit/sensit-sdk-v2.0.0/sdk/obj/main.o

.debug_ranges   0x00000000      0x108
 .debug_ranges  0x00000000       0x18 C:/DEV/Prog.embarquee/lab-sensit/sensit-sdk-v2.0.0/sdk/obj/error.o
 .debug_ranges  0x00000018       0x10 C:/DEV/Prog.embarquee/lab-sensit/sensit-sdk-v2.0.0/sdk/obj/button.o
 .debug_ranges  0x00000028       0x10 C:/DEV/Prog.embarquee/lab-sensit/sensit-sdk-v2.0.0/sdk/obj/battery.o
 .debug_ranges  0x00000038       0x10 C:/DEV/Prog.embarquee/lab-sensit/sensit-sdk-v2.0.0/sdk/obj/callback.o
 .debug_ranges  0x00000048       0x18 C:/DEV/Prog.embarquee/lab-sensit/sensit-sdk-v2.0.0/sdk/obj/radio_api.o
 .debug_ranges  0x00000060       0x10 C:/DEV/Prog.embarquee/lab-sensit/sensit-sdk-v2.0.0/sdk/obj/etsi.o
 .debug_ranges  0x00000070       0x10 C:/DEV/Prog.embarquee/lab-sensit/sensit-sdk-v2.0.0/sdk/obj/fcc.o
 .debug_ranges  0x00000080       0x18 C:/DEV/Prog.embarquee/lab-sensit/sensit-sdk-v2.0.0/sdk/obj/hts221.o
 .debug_ranges  0x00000098       0x28 C:/DEV/Prog.embarquee/lab-sensit/sensit-sdk-v2.0.0/sdk/obj/ltr329.o
 .debug_ranges  0x000000c0       0x38 C:/DEV/Prog.embarquee/lab-sensit/sensit-sdk-v2.0.0/sdk/obj/fxos8700.o
 .debug_ranges  0x000000f8       0x10 C:/DEV/Prog.embarquee/lab-sensit/sensit-sdk-v2.0.0/sdk/obj/main.o

.debug_line     0x00000000     0x1306
 .debug_line    0x00000000      0x1c4 C:/DEV/Prog.embarquee/lab-sensit/sensit-sdk-v2.0.0/sdk/obj/error.o
 .debug_line    0x000001c4      0x107 C:/DEV/Prog.embarquee/lab-sensit/sensit-sdk-v2.0.0/sdk/obj/button.o
 .debug_line    0x000002cb      0x10e C:/DEV/Prog.embarquee/lab-sensit/sensit-sdk-v2.0.0/sdk/obj/battery.o
 .debug_line    0x000003d9       0x66 C:/DEV/Prog.embarquee/lab-sensit/sensit-sdk-v2.0.0/sdk/obj/callback.o
 .debug_line    0x0000043f      0x1b0 C:/DEV/Prog.embarquee/lab-sensit/sensit-sdk-v2.0.0/sdk/obj/radio_api.o
 .debug_line    0x000005ef      0x14f C:/DEV/Prog.embarquee/lab-sensit/sensit-sdk-v2.0.0/sdk/obj/etsi.o
 .debug_line    0x0000073e      0x11e C:/DEV/Prog.embarquee/lab-sensit/sensit-sdk-v2.0.0/sdk/obj/fcc.o
 .debug_line    0x0000085c      0x2c9 C:/DEV/Prog.embarquee/lab-sensit/sensit-sdk-v2.0.0/sdk/obj/hts221.o
 .debug_line    0x00000b25      0x25e C:/DEV/Prog.embarquee/lab-sensit/sensit-sdk-v2.0.0/sdk/obj/ltr329.o
 .debug_line    0x00000d83      0x3a9 C:/DEV/Prog.embarquee/lab-sensit/sensit-sdk-v2.0.0/sdk/obj/fxos8700.o
 .debug_line    0x0000112c      0x1da C:/DEV/Prog.embarquee/lab-sensit/sensit-sdk-v2.0.0/sdk/obj/main.o

.debug_str      0x00000000      0xb19
 .debug_str     0x00000000      0x2d5 C:/DEV/Prog.embarquee/lab-sensit/sensit-sdk-v2.0.0/sdk/obj/error.o
                                0x2f6 (size before relaxing)
 .debug_str     0x000002d5       0x6e C:/DEV/Prog.embarquee/lab-sensit/sensit-sdk-v2.0.0/sdk/obj/button.o
                                0x284 (size before relaxing)
 .debug_str     0x00000343       0x93 C:/DEV/Prog.embarquee/lab-sensit/sensit-sdk-v2.0.0/sdk/obj/battery.o
                                0x31f (size before relaxing)
 .debug_str     0x000003d6       0x3d C:/DEV/Prog.embarquee/lab-sensit/sensit-sdk-v2.0.0/sdk/obj/callback.o
                                0x172 (size before relaxing)
 .debug_str     0x00000413      0x2d1 C:/DEV/Prog.embarquee/lab-sensit/sensit-sdk-v2.0.0/sdk/obj/radio_api.o
                                0x495 (size before relaxing)
 .debug_str     0x000006e4       0x74 C:/DEV/Prog.embarquee/lab-sensit/sensit-sdk-v2.0.0/sdk/obj/etsi.o
                                0x20f (size before relaxing)
 .debug_str     0x00000758       0x41 C:/DEV/Prog.embarquee/lab-sensit/sensit-sdk-v2.0.0/sdk/obj/fcc.o
                                0x1f7 (size before relaxing)
 .debug_str     0x00000799       0xa8 C:/DEV/Prog.embarquee/lab-sensit/sensit-sdk-v2.0.0/sdk/obj/hts221.o
                                0x232 (size before relaxing)
 .debug_str     0x00000841      0x111 C:/DEV/Prog.embarquee/lab-sensit/sensit-sdk-v2.0.0/sdk/obj/ltr329.o
                                0x2ca (size before relaxing)
 .debug_str     0x00000952      0x146 C:/DEV/Prog.embarquee/lab-sensit/sensit-sdk-v2.0.0/sdk/obj/fxos8700.o
                                0x302 (size before relaxing)
 .debug_str     0x00000a98       0x81 C:/DEV/Prog.embarquee/lab-sensit/sensit-sdk-v2.0.0/sdk/obj/main.o
                                0x36e (size before relaxing)

.comment        0x00000000      0x164
 .comment       0x00000000       0x76 C:/DEV/Prog.embarquee/lab-sensit/sensit-sdk-v2.0.0/sdk/obj/error.o
                                 0x77 (size before relaxing)
 .comment       0x00000076       0x77 C:/DEV/Prog.embarquee/lab-sensit/sensit-sdk-v2.0.0/sdk/obj/button.o
 .comment       0x00000076       0x77 C:/DEV/Prog.embarquee/lab-sensit/sensit-sdk-v2.0.0/sdk/obj/battery.o
 .comment       0x00000076       0x77 C:/DEV/Prog.embarquee/lab-sensit/sensit-sdk-v2.0.0/sdk/obj/callback.o
 .comment       0x00000076       0x77 C:/DEV/Prog.embarquee/lab-sensit/sensit-sdk-v2.0.0/sdk/obj/radio_api.o
 .comment       0x00000076       0x77 C:/DEV/Prog.embarquee/lab-sensit/sensit-sdk-v2.0.0/sdk/obj/etsi.o
 .comment       0x00000076       0x77 C:/DEV/Prog.embarquee/lab-sensit/sensit-sdk-v2.0.0/sdk/obj/fcc.o
 .comment       0x00000076       0x77 C:/DEV/Prog.embarquee/lab-sensit/sensit-sdk-v2.0.0/sdk/obj/hts221.o
 .comment       0x00000076       0x77 C:/DEV/Prog.embarquee/lab-sensit/sensit-sdk-v2.0.0/sdk/obj/ltr329.o
 .comment       0x00000076       0x77 C:/DEV/Prog.embarquee/lab-sensit/sensit-sdk-v2.0.0/sdk/obj/fxos8700.o
 .comment       0x00000076       0x77 C:/DEV/Prog.embarquee/lab-sensit/sensit-sdk-v2.0.0/sdk/obj/main.o
 .comment       0x00000076       0x7e C:/DEV/Prog.embarquee/lab-sensit/sensit-sdk-v2.0.0/sdk/lib\libSENSIT_SDK_V2.0.0.a(mcu_api.o)
                                 0x7f (size before relaxing)
 .comment       0x000000f4       0x7f C:/DEV/Prog.embarquee/lab-sensit/sensit-sdk-v2.0.0/sdk/lib\libSENSIT_SDK_V2.0.0.a(nvmem_api.o)
 .comment       0x000000f4       0x7f C:/DEV/Prog.embarquee/lab-sensit/sensit-sdk-v2.0.0/sdk/lib\libSENSIT_SDK_V2.0.0.a(radio.o)
 .comment       0x000000f4       0x7f C:/DEV/Prog.embarquee/lab-sensit/sensit-sdk-v2.0.0/sdk/lib\libSENSIT_SDK_V2.0.0.a(rtc.o)
 .comment       0x000000f4       0x7f C:/DEV/Prog.embarquee/lab-sensit/sensit-sdk-v2.0.0/sdk/lib\libSENSIT_SDK_V2.0.0.a(sensit_api.o)
 .comment       0x000000f4       0x70 C:/DEV/Prog.embarquee/lab-sensit/sensit-sdk-v2.0.0/sdk/lib\libSENSIT_SDK_V2.0.0.a(sigfox_api.o)
                                 0x71 (size before relaxing)
 .comment       0x00000164       0x71 C:/DEV/Prog.embarquee/lab-sensit/sensit-sdk-v2.0.0/sdk/lib\libSENSIT_SDK_V2.0.0.a(sigfox_internal.o)
 .comment       0x00000164       0x71 C:/DEV/Prog.embarquee/lab-sensit/sensit-sdk-v2.0.0/sdk/lib\libSENSIT_SDK_V2.0.0.a(sigfox_pn.o)
 .comment       0x00000164       0x71 C:/DEV/Prog.embarquee/lab-sensit/sensit-sdk-v2.0.0/sdk/lib\libSENSIT_SDK_V2.0.0.a(sigfox_scramb.o)
 .comment       0x00000164       0x7f C:/DEV/Prog.embarquee/lab-sensit/sensit-sdk-v2.0.0/sdk/lib\libSENSIT_SDK_V2.0.0.a(sleep.o)
 .comment       0x00000164       0x7f C:/DEV/Prog.embarquee/lab-sensit/sensit-sdk-v2.0.0/sdk/lib\libSENSIT_SDK_V2.0.0.a(spi.o)
 .comment       0x00000164       0x7f C:/DEV/Prog.embarquee/lab-sensit/sensit-sdk-v2.0.0/sdk/lib\libSENSIT_SDK_V2.0.0.a(system_stm32f0xx.o)
 .comment       0x00000164       0x7f C:/DEV/Prog.embarquee/lab-sensit/sensit-sdk-v2.0.0/sdk/lib\libSENSIT_SDK_V2.0.0.a(systick.o)
 .comment       0x00000164       0x7f C:/DEV/Prog.embarquee/lab-sensit/sensit-sdk-v2.0.0/sdk/lib\libSENSIT_SDK_V2.0.0.a(uart.o)
 .comment       0x00000164       0x7f C:/DEV/Prog.embarquee/lab-sensit/sensit-sdk-v2.0.0/sdk/lib\libSENSIT_SDK_V2.0.0.a(usbd_conf.o)
 .comment       0x00000164       0x7f C:/DEV/Prog.embarquee/lab-sensit/sensit-sdk-v2.0.0/sdk/lib\libSENSIT_SDK_V2.0.0.a(usbd_core.o)
 .comment       0x00000164       0x7f C:/DEV/Prog.embarquee/lab-sensit/sensit-sdk-v2.0.0/sdk/lib\libSENSIT_SDK_V2.0.0.a(usbd_ctlreq.o)
 .comment       0x00000164       0x7f C:/DEV/Prog.embarquee/lab-sensit/sensit-sdk-v2.0.0/sdk/lib\libSENSIT_SDK_V2.0.0.a(usbd_ioreq.o)
 .comment       0x00000164       0x7f C:/DEV/Prog.embarquee/lab-sensit/sensit-sdk-v2.0.0/sdk/lib\libSENSIT_SDK_V2.0.0.a(watchdog.o)
 .comment       0x00000164       0x7f C:/DEV/Prog.embarquee/lab-sensit/sensit-sdk-v2.0.0/sdk/lib\libSENSIT_SDK_V2.0.0.a(adc.o)
 .comment       0x00000164       0x7f C:/DEV/Prog.embarquee/lab-sensit/sensit-sdk-v2.0.0/sdk/lib\libSENSIT_SDK_V2.0.0.a(aes.o)
 .comment       0x00000164       0x7f C:/DEV/Prog.embarquee/lab-sensit/sensit-sdk-v2.0.0/sdk/lib\libSENSIT_SDK_V2.0.0.a(calib.o)
 .comment       0x00000164       0x7f C:/DEV/Prog.embarquee/lab-sensit/sensit-sdk-v2.0.0/sdk/lib\libSENSIT_SDK_V2.0.0.a(cc1125.o)
 .comment       0x00000164       0x7f C:/DEV/Prog.embarquee/lab-sensit/sensit-sdk-v2.0.0/sdk/lib\libSENSIT_SDK_V2.0.0.a(crc.o)
 .comment       0x00000164       0x7f C:/DEV/Prog.embarquee/lab-sensit/sensit-sdk-v2.0.0/sdk/lib\libSENSIT_SDK_V2.0.0.a(flash.o)
 .comment       0x00000164       0x7f C:/DEV/Prog.embarquee/lab-sensit/sensit-sdk-v2.0.0/sdk/lib\libSENSIT_SDK_V2.0.0.a(gpio.o)
 .comment       0x00000164       0x7f C:/DEV/Prog.embarquee/lab-sensit/sensit-sdk-v2.0.0/sdk/lib\libSENSIT_SDK_V2.0.0.a(i2c.o)
 .comment       0x00000164       0x7f C:/DEV/Prog.embarquee/lab-sensit/sensit-sdk-v2.0.0/sdk/lib\libSENSIT_SDK_V2.0.0.a(led.o)
 .comment       0x00000164       0x7f C:/DEV/Prog.embarquee/lab-sensit/sensit-sdk-v2.0.0/sdk/lib\libSENSIT_SDK_V2.0.0.a(my_string.o)
 .comment       0x00000164       0x7f C:/DEV/Prog.embarquee/lab-sensit/sensit-sdk-v2.0.0/sdk/lib\libSENSIT_SDK_V2.0.0.a(rf_api.o)
 .comment       0x00000164       0x71 C:/DEV/Prog.embarquee/lab-sensit/sensit-sdk-v2.0.0/sdk/lib\libSENSIT_SDK_V2.0.0.a(sigfox_crc.o)
 .comment       0x00000164       0x71 C:/DEV/Prog.embarquee/lab-sensit/sensit-sdk-v2.0.0/sdk/lib\libSENSIT_SDK_V2.0.0.a(sigfox_decode.o)
 .comment       0x00000164       0x71 C:/DEV/Prog.embarquee/lab-sensit/sensit-sdk-v2.0.0/sdk/lib\libSENSIT_SDK_V2.0.0.a(sigfox_hmac.o)
 .comment       0x00000164       0x7f C:/DEV/Prog.embarquee/lab-sensit/sensit-sdk-v2.0.0/sdk/lib\libSENSIT_SDK_V2.0.0.a(stm32f0xx_hal_pcd.o)
 .comment       0x00000164       0x7f C:/DEV/Prog.embarquee/lab-sensit/sensit-sdk-v2.0.0/sdk/lib\libSENSIT_SDK_V2.0.0.a(modulation.o)

.debug_frame    0x00000000      0x338
 .debug_frame   0x00000000       0x44 C:/DEV/Prog.embarquee/lab-sensit/sensit-sdk-v2.0.0/sdk/obj/error.o
 .debug_frame   0x00000044       0x30 C:/DEV/Prog.embarquee/lab-sensit/sensit-sdk-v2.0.0/sdk/obj/button.o
 .debug_frame   0x00000074       0x30 C:/DEV/Prog.embarquee/lab-sensit/sensit-sdk-v2.0.0/sdk/obj/battery.o
 .debug_frame   0x000000a4       0x20 C:/DEV/Prog.embarquee/lab-sensit/sensit-sdk-v2.0.0/sdk/obj/callback.o
 .debug_frame   0x000000c4       0x4c C:/DEV/Prog.embarquee/lab-sensit/sensit-sdk-v2.0.0/sdk/obj/radio_api.o
 .debug_frame   0x00000110       0x30 C:/DEV/Prog.embarquee/lab-sensit/sensit-sdk-v2.0.0/sdk/obj/etsi.o
 .debug_frame   0x00000140       0x30 C:/DEV/Prog.embarquee/lab-sensit/sensit-sdk-v2.0.0/sdk/obj/fcc.o
 .debug_frame   0x00000170       0x4c C:/DEV/Prog.embarquee/lab-sensit/sensit-sdk-v2.0.0/sdk/obj/hts221.o
 .debug_frame   0x000001bc       0x88 C:/DEV/Prog.embarquee/lab-sensit/sensit-sdk-v2.0.0/sdk/obj/ltr329.o
 .debug_frame   0x00000244       0xc4 C:/DEV/Prog.embarquee/lab-sensit/sensit-sdk-v2.0.0/sdk/obj/fxos8700.o
 .debug_frame   0x00000308       0x30 C:/DEV/Prog.embarquee/lab-sensit/sensit-sdk-v2.0.0/sdk/obj/main.o
