Archive member included to satisfy reference by file (symbol)

C:/DEV/Prog.embarquee/lab-sensit/sensit-sdk-v2.0.0/sdk/lib\libSENSIT_SDK_V2.0.0.a(addon_sigfox_verified_api.o)
                              C:/DEV/Prog.embarquee/lab-sensit/sensit-sdk-v2.0.0/sdk/obj/AT_functions.o (ADDON_SIGFOX_VERIFIED_API_get_version)
C:/DEV/Prog.embarquee/lab-sensit/sensit-sdk-v2.0.0/sdk/lib\libSENSIT_SDK_V2.0.0.a(mcu_api.o)
                              C:/DEV/Prog.embarquee/lab-sensit/sensit-sdk-v2.0.0/sdk/lib\libSENSIT_SDK_V2.0.0.a(addon_sigfox_verified_api.o) (MCU_API_timer_start)
C:/DEV/Prog.embarquee/lab-sensit/sensit-sdk-v2.0.0/sdk/lib\libSENSIT_SDK_V2.0.0.a(nvmem_api.o)
                              C:/DEV/Prog.embarquee/lab-sensit/sensit-sdk-v2.0.0/sdk/lib\libSENSIT_SDK_V2.0.0.a(mcu_api.o) (NVMEM_API_get_device_id)
C:/DEV/Prog.embarquee/lab-sensit/sensit-sdk-v2.0.0/sdk/lib\libSENSIT_SDK_V2.0.0.a(radio.o)
                              C:/DEV/Prog.embarquee/lab-sensit/sensit-sdk-v2.0.0/sdk/lib\libSENSIT_SDK_V2.0.0.a(mcu_api.o) (RADIO_is_600bps)
C:/DEV/Prog.embarquee/lab-sensit/sensit-sdk-v2.0.0/sdk/lib\libSENSIT_SDK_V2.0.0.a(rtc.o)
                              C:/DEV/Prog.embarquee/lab-sensit/sensit-sdk-v2.0.0/sdk/lib\libSENSIT_SDK_V2.0.0.a(mcu_api.o) (RTC_set_rx_timer)
C:/DEV/Prog.embarquee/lab-sensit/sensit-sdk-v2.0.0/sdk/lib\libSENSIT_SDK_V2.0.0.a(sensit_api.o)
                              C:/DEV/Prog.embarquee/lab-sensit/sensit-sdk-v2.0.0/sdk/obj/AT_functions.o (SENSIT_API_get_sdk_version)
C:/DEV/Prog.embarquee/lab-sensit/sensit-sdk-v2.0.0/sdk/lib\libSENSIT_SDK_V2.0.0.a(sigfox_api.o)
                              C:/DEV/Prog.embarquee/lab-sensit/sensit-sdk-v2.0.0/sdk/obj/radio_api.o (SIGFOX_API_open)
C:/DEV/Prog.embarquee/lab-sensit/sensit-sdk-v2.0.0/sdk/lib\libSENSIT_SDK_V2.0.0.a(sigfox_internal.o)
                              C:/DEV/Prog.embarquee/lab-sensit/sensit-sdk-v2.0.0/sdk/lib\libSENSIT_SDK_V2.0.0.a(sigfox_api.o) (SIGFOX_INT_get_max_micro_channel)
C:/DEV/Prog.embarquee/lab-sensit/sensit-sdk-v2.0.0/sdk/lib\libSENSIT_SDK_V2.0.0.a(sigfox_pn.o)
                              C:/DEV/Prog.embarquee/lab-sensit/sensit-sdk-v2.0.0/sdk/lib\libSENSIT_SDK_V2.0.0.a(sigfox_internal.o) (SIGFOX_PN_next_pn)
C:/DEV/Prog.embarquee/lab-sensit/sensit-sdk-v2.0.0/sdk/lib\libSENSIT_SDK_V2.0.0.a(sigfox_scramb.o)
                              C:/DEV/Prog.embarquee/lab-sensit/sensit-sdk-v2.0.0/sdk/lib\libSENSIT_SDK_V2.0.0.a(sigfox_internal.o) (SIGFOX_SCRAMB_compute)
C:/DEV/Prog.embarquee/lab-sensit/sensit-sdk-v2.0.0/sdk/lib\libSENSIT_SDK_V2.0.0.a(sleep.o)
                              C:/DEV/Prog.embarquee/lab-sensit/sensit-sdk-v2.0.0/sdk/lib\libSENSIT_SDK_V2.0.0.a(rtc.o) (SLEEP_handler)
C:/DEV/Prog.embarquee/lab-sensit/sensit-sdk-v2.0.0/sdk/lib\libSENSIT_SDK_V2.0.0.a(spi.o)
                              C:/DEV/Prog.embarquee/lab-sensit/sensit-sdk-v2.0.0/sdk/lib\libSENSIT_SDK_V2.0.0.a(sensit_api.o) (SPI_init)
C:/DEV/Prog.embarquee/lab-sensit/sensit-sdk-v2.0.0/sdk/lib\libSENSIT_SDK_V2.0.0.a(startup_stm32f042x6.o)
                              (Reset_Handler)
C:/DEV/Prog.embarquee/lab-sensit/sensit-sdk-v2.0.0/sdk/lib\libSENSIT_SDK_V2.0.0.a(system_stm32f0xx.o)
                              C:/DEV/Prog.embarquee/lab-sensit/sensit-sdk-v2.0.0/sdk/lib\libSENSIT_SDK_V2.0.0.a(startup_stm32f042x6.o) (SystemInit)
C:/DEV/Prog.embarquee/lab-sensit/sensit-sdk-v2.0.0/sdk/lib\libSENSIT_SDK_V2.0.0.a(systick.o)
                              C:/DEV/Prog.embarquee/lab-sensit/sensit-sdk-v2.0.0/sdk/lib\libSENSIT_SDK_V2.0.0.a(mcu_api.o) (SYSTICK_wait_ms)
C:/DEV/Prog.embarquee/lab-sensit/sensit-sdk-v2.0.0/sdk/lib\libSENSIT_SDK_V2.0.0.a(uart.o)
                              C:/DEV/Prog.embarquee/lab-sensit/sensit-sdk-v2.0.0/sdk/lib\libSENSIT_SDK_V2.0.0.a(sensit_api.o) (UART_open)
C:/DEV/Prog.embarquee/lab-sensit/sensit-sdk-v2.0.0/sdk/lib\libSENSIT_SDK_V2.0.0.a(usb_device.o)
                              C:/DEV/Prog.embarquee/lab-sensit/sensit-sdk-v2.0.0/sdk/lib\libSENSIT_SDK_V2.0.0.a(sensit_api.o) (usbDeviceInit)
C:/DEV/Prog.embarquee/lab-sensit/sensit-sdk-v2.0.0/sdk/lib\libSENSIT_SDK_V2.0.0.a(usbd_cdc.o)
                              C:/DEV/Prog.embarquee/lab-sensit/sensit-sdk-v2.0.0/sdk/lib\libSENSIT_SDK_V2.0.0.a(usb_device.o) (usbCDCRegister)
C:/DEV/Prog.embarquee/lab-sensit/sensit-sdk-v2.0.0/sdk/lib\libSENSIT_SDK_V2.0.0.a(usbd_cdc_if.o)
                              C:/DEV/Prog.embarquee/lab-sensit/sensit-sdk-v2.0.0/sdk/lib\libSENSIT_SDK_V2.0.0.a(usbd_cdc.o) (cdcIFInit_FS)
C:/DEV/Prog.embarquee/lab-sensit/sensit-sdk-v2.0.0/sdk/lib\libSENSIT_SDK_V2.0.0.a(usbd_conf.o)
                              C:/DEV/Prog.embarquee/lab-sensit/sensit-sdk-v2.0.0/sdk/lib\libSENSIT_SDK_V2.0.0.a(usbd_cdc.o) (USBD_LL_OpenEP)
C:/DEV/Prog.embarquee/lab-sensit/sensit-sdk-v2.0.0/sdk/lib\libSENSIT_SDK_V2.0.0.a(usbd_core.o)
                              C:/DEV/Prog.embarquee/lab-sensit/sensit-sdk-v2.0.0/sdk/lib\libSENSIT_SDK_V2.0.0.a(usb_device.o) (USBD_Init)
[...]
Memory Configuration

Name             Origin             Length             Attributes
RAM              0x20000000         0x00001800         xrw
ROM              0x08000000         0x00007400         xr
*default*        0x00000000         0xffffffff

Linker script and memory map

LOAD C:/DEV/Prog.embarquee/lab-sensit/sensit-sdk-v2.0.0/sdk/obj/error.o
LOAD C:/DEV/Prog.embarquee/lab-sensit/sensit-sdk-v2.0.0/sdk/obj/button.o
LOAD C:/DEV/Prog.embarquee/lab-sensit/sensit-sdk-v2.0.0/sdk/obj/battery.o
LOAD C:/DEV/Prog.embarquee/lab-sensit/sensit-sdk-v2.0.0/sdk/obj/callback.o
LOAD C:/DEV/Prog.embarquee/lab-sensit/sensit-sdk-v2.0.0/sdk/obj/serial.o
LOAD C:/DEV/Prog.embarquee/lab-sensit/sensit-sdk-v2.0.0/sdk/obj/radio_api.o
LOAD C:/DEV/Prog.embarquee/lab-sensit/sensit-sdk-v2.0.0/sdk/obj/etsi.o
LOAD C:/DEV/Prog.embarquee/lab-sensit/sensit-sdk-v2.0.0/sdk/obj/fcc.o
LOAD C:/DEV/Prog.embarquee/lab-sensit/sensit-sdk-v2.0.0/sdk/obj/hts221.o
LOAD C:/DEV/Prog.embarquee/lab-sensit/sensit-sdk-v2.0.0/sdk/obj/ltr329.o
LOAD C:/DEV/Prog.embarquee/lab-sensit/sensit-sdk-v2.0.0/sdk/obj/fxos8700.o
LOAD C:/DEV/Prog.embarquee/lab-sensit/sensit-sdk-v2.0.0/sdk/obj/AT_parser.o
LOAD C:/DEV/Prog.embarquee/lab-sensit/sensit-sdk-v2.0.0/sdk/obj/AT_functions.o
LOAD C:/DEV/Prog.embarquee/lab-sensit/sensit-sdk-v2.0.0/sdk/obj/discovery.o
LOAD C:/DEV/Prog.embarquee/lab-sensit/sensit-sdk-v2.0.0/sdk/obj/main.o
LOAD C:/DEV/Prog.embarquee/lab-sensit/sensit-sdk-v2.0.0/sdk/lib\libSENSIT_SDK_V2.0.0.a
                0x20001800                _estack = 0x20001800
                0x00000000                _Min_Heap_Size = 0x0
                0x00000400                _Min_Stack_Size = 0x400

.isr_vector     0x08000000       0xc0
                0x08000000                . = ALIGN (0x4)
 *(.isr_vector)
 .isr_vector    0x08000000       0xc0 C:/DEV/Prog.embarquee/lab-sensit/sensit-sdk-v2.0.0/sdk/lib\libSENSIT_SDK_V2.0.0.a(startup_stm32f042x6.o)
                0x08000000                g_pfnVectors
                0x080000c0                . = ALIGN (0x4)

.text           0x080000c0     0x5af0
                0x080000c0                . = ALIGN (0x4)
 *(.text)
 .text          0x080000c0       0x14 c:/program files (x86)/gnu tools arm embedded/8 2019-q3-update/bin/../lib/gcc/arm-none-eabi/8.3.1/thumb/v6-m/nofp\libgcc.a(_thumb1_case_uqi.o)
                0x080000c0                __gnu_thumb1_case_uqi
 .text          0x080000d4       0x14 c:/program files (x86)/gnu tools arm embedded/8 2019-q3-update/bin/../lib/gcc/arm-none-eabi/8.3.1/thumb/v6-m/nofp\libgcc.a(_thumb1_case_uhi.o)
                0x080000d4                __gnu_thumb1_case_uhi
 .text          0x080000e8      0x114 c:/program files (x86)/gnu tools arm embedded/8 2019-q3-update/bin/../lib/gcc/arm-none-eabi/8.3.1/thumb/v6-m/nofp\libgcc.a(_udivsi3.o)
                0x080000e8                __aeabi_uidiv
                0x080000e8                __udivsi3
                0x080001f4                __aeabi_uidivmod
 .text          0x080001fc      0x1d4 c:/program files (x86)/gnu tools arm embedded/8 2019-q3-update/bin/../lib/gcc/arm-none-eabi/8.3.1/thumb/v6-m/nofp\libgcc.a(_divsi3.o)
                0x080001fc                __divsi3
                0x080001fc                __aeabi_idiv
                0x080003c8                __aeabi_idivmod
 .text          0x080003d0        0x4 c:/program files (x86)/gnu tools arm embedded/8 2019-q3-update/bin/../lib/gcc/arm-none-eabi/8.3.1/thumb/v6-m/nofp\libgcc.a(_dvmd_tls.o)
                0x080003d0                __aeabi_idiv0
                0x080003d0                __aeabi_ldiv0
 .text          0x080003d4       0x30 c:/program files (x86)/gnu tools arm embedded/8 2019-q3-update/bin/../lib/gcc/arm-none-eabi/8.3.1/thumb/v6-m/nofp\libgcc.a(_fixunssfsi.o)
                0x080003d4                __fixunssfsi
                0x080003d4                __aeabi_f2uiz
 .text          0x08000404      0x230 c:/program files (x86)/gnu tools arm embedded/8 2019-q3-update/bin/../lib/gcc/arm-none-eabi/8.3.1/thumb/v6-m/nofp\libgcc.a(divsf3.o)
                0x08000404                __aeabi_fdiv
 .text          0x08000634      0x22c c:/program files (x86)/gnu tools arm embedded/8 2019-q3-update/bin/../lib/gcc/arm-none-eabi/8.3.1/thumb/v6-m/nofp\libgcc.a(mulsf3.o)
                0x08000634                __aeabi_fmul
 .text          0x08000860      0x348 c:/program files (x86)/gnu tools arm embedded/8 2019-q3-update/bin/../lib/gcc/arm-none-eabi/8.3.1/thumb/v6-m/nofp\libgcc.a(subsf3.o)
                0x08000860                __aeabi_fsub
 .text          0x08000ba8       0x40 c:/program files (x86)/gnu tools arm embedded/8 2019-q3-update/bin/../lib/gcc/arm-none-eabi/8.3.1/thumb/v6-m/nofp\libgcc.a(fixsfsi.o)
                0x08000ba8                __aeabi_f2iz
 .text          0x08000be8       0x80 c:/program files (x86)/gnu tools arm embedded/8 2019-q3-update/bin/../lib/gcc/arm-none-eabi/8.3.1/thumb/v6-m/nofp\libgcc.a(floatunsisf.o)
                0x08000be8                __aeabi_ui2f
 .text          0x08000c68       0x74 c:/program files (x86)/gnu tools arm embedded/8 2019-q3-update/bin/../lib/gcc/arm-none-eabi/8.3.1/thumb/v6-m/nofp\libgcc.a(_arm_cmpsf2.o)
                0x08000c68                __aeabi_cfrcmple
                0x08000c70                __aeabi_cfcmpeq
                0x08000c70                __aeabi_cfcmple
                0x08000c80                __aeabi_fcmpeq
                0x08000c8c                __aeabi_fcmplt
                0x08000ca0                __aeabi_fcmple
                0x08000cb4                __aeabi_fcmpgt
                0x08000cc8                __aeabi_fcmpge
 .text          0x08000cdc       0x3c c:/program files (x86)/gnu tools arm embedded/8 2019-q3-update/bin/../lib/gcc/arm-none-eabi/8.3.1/thumb/v6-m/nofp\libgcc.a(_clzsi2.o)
                0x08000cdc                __clzsi2
 .text          0x08000d18       0x50 c:/program files (x86)/gnu tools arm embedded/8 2019-q3-update/bin/../lib/gcc/arm-none-eabi/8.3.1/thumb/v6-m/nofp\libgcc.a(eqsf2.o)
                0x08000d18                __eqsf2
                0x08000d18                __nesf2
 .text          0x08000d68       0x98 c:/program files (x86)/gnu tools arm embedded/8 2019-q3-update/bin/../lib/gcc/arm-none-eabi/8.3.1/thumb/v6-m/nofp\libgcc.a(gesf2.o)
                0x08000d68                __gesf2
                0x08000d68                __gtsf2
 .text          0x08000e00       0x94 c:/program files (x86)/gnu tools arm embedded/8 2019-q3-update/bin/../lib/gcc/arm-none-eabi/8.3.1/thumb/v6-m/nofp\libgcc.a(lesf2.o)
                0x08000e00                __ltsf2
                0x08000e00                __lesf2
 *(.text*)
 .text.ERROR_loop
                0x08000e94       0x42 C:/DEV/Prog.embarquee/lab-sensit/sensit-sdk-v2.0.0/sdk/obj/error.o
 .text.ERROR_parser
                0x08000ed6       0xc8 C:/DEV/Prog.embarquee/lab-sensit/sensit-sdk-v2.0.0/sdk/obj/error.o
                0x08000ed6                ERROR_parser
 .text.BUTTON_handler
                0x08000f9e       0x5e C:/DEV/Prog.embarquee/lab-sensit/sensit-sdk-v2.0.0/sdk/obj/button.o
                0x08000f9e                BUTTON_handler
 .text.BATTERY_handler
                0x08000ffc       0x90 C:/DEV/Prog.embarquee/lab-sensit/sensit-sdk-v2.0.0/sdk/obj/battery.o
                0x08000ffc                BATTERY_handler
 .text.CALLBACK_report_test_result
                0x0800108c        0x2 C:/DEV/Prog.embarquee/lab-sensit/sensit-sdk-v2.0.0/sdk/obj/callback.o
                0x0800108c                CALLBACK_report_test_result
 *fill*         0x0800108e        0x2 
 .text.RADIO_API_init
                0x08001090       0x4c C:/DEV/Prog.embarquee/lab-sensit/sensit-sdk-v2.0.0/sdk/obj/radio_api.o
                0x08001090                RADIO_API_init
 .text.RADIO_API_send_message
                0x080010dc       0x7c C:/DEV/Prog.embarquee/lab-sensit/sensit-sdk-v2.0.0/sdk/obj/radio_api.o
                0x080010dc                RADIO_API_send_message
 .text.ETSI_handler
                0x08001158       0x84 C:/DEV/Prog.embarquee/lab-sensit/sensit-sdk-v2.0.0/sdk/obj/etsi.o
                0x08001158                ETSI_handler
 .text.FCC_handler
                0x080011dc       0x50 C:/DEV/Prog.embarquee/lab-sensit/sensit-sdk-v2.0.0/sdk/obj/fcc.o
                0x080011dc                FCC_handler
 .text.HTS221_init
                0x0800122c       0xbc C:/DEV/Prog.embarquee/lab-sensit/sensit-sdk-v2.0.0/sdk/obj/hts221.o
                0x0800122c                HTS221_init
 .text.HTS221_measure
                0x080012e8       0xdc C:/DEV/Prog.embarquee/lab-sensit/sensit-sdk-v2.0.0/sdk/obj/hts221.o
                0x080012e8                HTS221_measure
 .text.LTR329_init
                0x080013c4       0x50 C:/DEV/Prog.embarquee/lab-sensit/sensit-sdk-v2.0.0/sdk/obj/ltr329.o
                0x080013c4                LTR329_init
 .text.LTR329_set_standby_mode
                0x08001414       0x1a C:/DEV/Prog.embarquee/lab-sensit/sensit-sdk-v2.0.0/sdk/obj/ltr329.o
                0x08001414                LTR329_set_standby_mode
 .text.LTR329_set_active_mode
                0x0800142e       0x30 C:/DEV/Prog.embarquee/lab-sensit/sensit-sdk-v2.0.0/sdk/obj/ltr329.o
                0x0800142e                LTR329_set_active_mode
 .text.LTR329_measure
                0x0800145e       0x72 C:/DEV/Prog.embarquee/lab-sensit/sensit-sdk-v2.0.0/sdk/obj/ltr329.o
                0x0800145e                LTR329_measure
 .text.FXOS8700_reset
                0x080014d0       0x28 C:/DEV/Prog.embarquee/lab-sensit/sensit-sdk-v2.0.0/sdk/obj/fxos8700.o
                0x080014d0                FXOS8700_reset
 .text.FXOS8700_init
                0x080014f8       0x2e C:/DEV/Prog.embarquee/lab-sensit/sensit-sdk-v2.0.0/sdk/obj/fxos8700.o
                0x080014f8                FXOS8700_init
 *fill*         0x08001526        0x2 
 .text.startup.main
                0x08001528       0xf4 C:/DEV/Prog.embarquee/lab-sensit/sensit-sdk-v2.0.0/sdk/obj/main.o
                0x08001528                main
 .text.MCU_API_malloc
                0x0800161c       0x14 C:/DEV/Prog.embarquee/lab-sensit/sensit-sdk-v2.0.0/sdk/lib\libSENSIT_SDK_V2.0.0.a(mcu_api.o)
                0x0800161c                MCU_API_malloc
 .text.MCU_API_free
                0x08001630        0x4 C:/DEV/Prog.embarquee/lab-sensit/sensit-sdk-v2.0.0/sdk/lib\libSENSIT_SDK_V2.0.0.a(mcu_api.o)
                0x08001630                MCU_API_free
 .text.MCU_API_get_voltage_temperature
                0x08001634       0x22 C:/DEV/Prog.embarquee/lab-sensit/sensit-sdk-v2.0.0/sdk/lib\libSENSIT_SDK_V2.0.0.a(mcu_api.o)
                0x08001634                MCU_API_get_voltage_temperature
 .text.MCU_API_delay
                0x08001656       0x3e C:/DEV/Prog.embarquee/lab-sensit/sensit-sdk-v2.0.0/sdk/lib\libSENSIT_SDK_V2.0.0.a(mcu_api.o)
                0x08001656                MCU_API_delay
 .text.MCU_API_aes_128_cbc_encrypt
                0x08001694       0x62 C:/DEV/Prog.embarquee/lab-sensit/sensit-sdk-v2.0.0/sdk/lib\libSENSIT_SDK_V2.0.0.a(mcu_api.o)
                0x08001694                MCU_API_aes_128_cbc_encrypt
 .text.MCU_API_get_nv_mem
                0x080016f6        0xe C:/DEV/Prog.embarquee/lab-sensit/sensit-sdk-v2.0.0/sdk/lib\libSENSIT_SDK_V2.0.0.a(mcu_api.o)
                0x080016f6                MCU_API_get_nv_mem
 .text.MCU_API_set_nv_mem
                0x08001704       0x16 C:/DEV/Prog.embarquee/lab-sensit/sensit-sdk-v2.0.0/sdk/lib\libSENSIT_SDK_V2.0.0.a(mcu_api.o)
                0x08001704                MCU_API_set_nv_mem
 *fill*         0x0800171a        0x2 
 .text.MCU_API_timer_start_carrier_sense
                0x0800171c       0x60 C:/DEV/Prog.embarquee/lab-sensit/sensit-sdk-v2.0.0/sdk/lib\libSENSIT_SDK_V2.0.0.a(mcu_api.o)
                0x0800171c                MCU_API_timer_start_carrier_sense
 .text.TIM16_IRQHandler
                0x0800177c       0x24 C:/DEV/Prog.embarquee/lab-sensit/sensit-sdk-v2.0.0/sdk/lib\libSENSIT_SDK_V2.0.0.a(mcu_api.o)
                0x0800177c                TIM16_IRQHandler
 .text.MCU_API_timer_start
                0x080017a0        0xc C:/DEV/Prog.embarquee/lab-sensit/sensit-sdk-v2.0.0/sdk/lib\libSENSIT_SDK_V2.0.0.a(mcu_api.o)
                0x080017a0                MCU_API_timer_start
 .text.MCU_API_timer_stop
                0x080017ac        0x4 C:/DEV/Prog.embarquee/lab-sensit/sensit-sdk-v2.0.0/sdk/lib\libSENSIT_SDK_V2.0.0.a(mcu_api.o)
                0x080017ac                MCU_API_timer_stop
 .text.MCU_API_timer_stop_carrier_sense
                0x080017b0       0x38 C:/DEV/Prog.embarquee/lab-sensit/sensit-sdk-v2.0.0/sdk/lib\libSENSIT_SDK_V2.0.0.a(mcu_api.o)
                0x080017b0                MCU_API_timer_stop_carrier_sense
 .text.MCU_API_timer_wait_for_end
                0x080017e8       0x10 C:/DEV/Prog.embarquee/lab-sensit/sensit-sdk-v2.0.0/sdk/lib\libSENSIT_SDK_V2.0.0.a(mcu_api.o)
                0x080017e8                MCU_API_timer_wait_for_end
 .text.MCU_API_report_test_result
                0x080017f8        0xa C:/DEV/Prog.embarquee/lab-sensit/sensit-sdk-v2.0.0/sdk/lib\libSENSIT_SDK_V2.0.0.a(mcu_api.o)
                0x080017f8                MCU_API_report_test_result
 .text.MCU_API_get_device_id
                0x08001802       0x12 C:/DEV/Prog.embarquee/lab-sensit/sensit-sdk-v2.0.0/sdk/lib\libSENSIT_SDK_V2.0.0.a(mcu_api.o)
                0x08001802                MCU_API_get_device_id
 .text.NVMEM_API_get_device_id
                0x08001814       0x2c C:/DEV/Prog.embarquee/lab-sensit/sensit-sdk-v2.0.0/sdk/lib\libSENSIT_SDK_V2.0.0.a(nvmem_api.o)
                0x08001814                NVMEM_API_get_device_id
 .text.NVMEM_API_get_frequency_calibration
                0x08001840       0x1c C:/DEV/Prog.embarquee/lab-sensit/sensit-sdk-v2.0.0/sdk/lib\libSENSIT_SDK_V2.0.0.a(nvmem_api.o)
                0x08001840                NVMEM_API_get_frequency_calibration
 .text.NVMEM_API_get_radio_configuration
                0x0800185c       0x14 C:/DEV/Prog.embarquee/lab-sensit/sensit-sdk-v2.0.0/sdk/lib\libSENSIT_SDK_V2.0.0.a(nvmem_api.o)
                0x0800185c                NVMEM_API_get_radio_configuration
 .text.NVMEM_API_compute_aes
                0x08001870       0xc8 C:/DEV/Prog.embarquee/lab-sensit/sensit-sdk-v2.0.0/sdk/lib\libSENSIT_SDK_V2.0.0.a(nvmem_api.o)
                0x08001870                NVMEM_API_compute_aes
 .text.NVMEM_API_init_page_index
                0x08001938       0xb4 C:/DEV/Prog.embarquee/lab-sensit/sensit-sdk-v2.0.0/sdk/lib\libSENSIT_SDK_V2.0.0.a(nvmem_api.o)
                0x08001938                NVMEM_API_init_page_index
 .text.NVMEM_API_init
                0x080019ec       0xa0 C:/DEV/Prog.embarquee/lab-sensit/sensit-sdk-v2.0.0/sdk/lib\libSENSIT_SDK_V2.0.0.a(nvmem_api.o)
                0x080019ec                NVMEM_API_init
 .text.NVMEM_API_set_data
                0x08001a8c       0xd8 C:/DEV/Prog.embarquee/lab-sensit/sensit-sdk-v2.0.0/sdk/lib\libSENSIT_SDK_V2.0.0.a(nvmem_api.o)
                0x08001a8c                NVMEM_API_set_data
 .text.NVMEM_API_get_data
                0x08001b64       0x58 C:/DEV/Prog.embarquee/lab-sensit/sensit-sdk-v2.0.0/sdk/lib\libSENSIT_SDK_V2.0.0.a(nvmem_api.o)
                0x08001b64                NVMEM_API_get_data
 .text.RADIO_init
                0x08001bbc       0x1c C:/DEV/Prog.embarquee/lab-sensit/sensit-sdk-v2.0.0/sdk/lib\libSENSIT_SDK_V2.0.0.a(radio.o)
                0x08001bbc                RADIO_init
 .text.RADIO_power_on
                0x08001bd8       0x44 C:/DEV/Prog.embarquee/lab-sensit/sensit-sdk-v2.0.0/sdk/lib\libSENSIT_SDK_V2.0.0.a(radio.o)
                0x08001bd8                RADIO_power_on
 .text.RADIO_power_off
                0x08001c1c       0x2c C:/DEV/Prog.embarquee/lab-sensit/sensit-sdk-v2.0.0/sdk/lib\libSENSIT_SDK_V2.0.0.a(radio.o)
                0x08001c1c                RADIO_power_off
 .text.RADIO_get_state
                0x08001c48        0xc C:/DEV/Prog.embarquee/lab-sensit/sensit-sdk-v2.0.0/sdk/lib\libSENSIT_SDK_V2.0.0.a(radio.o)
                0x08001c48                RADIO_get_state
 .text.RADIO_set_rf_line
                0x08001c54       0x50 C:/DEV/Prog.embarquee/lab-sensit/sensit-sdk-v2.0.0/sdk/lib\libSENSIT_SDK_V2.0.0.a(radio.o)
                0x08001c54                RADIO_set_rf_line
 .text.RADIO_is_600bps
                0x08001ca4       0x18 C:/DEV/Prog.embarquee/lab-sensit/sensit-sdk-v2.0.0/sdk/lib\libSENSIT_SDK_V2.0.0.a(radio.o)
                0x08001ca4                RADIO_is_600bps
 .text.RTC_init
                0x08001cbc       0x2c C:/DEV/Prog.embarquee/lab-sensit/sensit-sdk-v2.0.0/sdk/lib\libSENSIT_SDK_V2.0.0.a(rtc.o)
                0x08001cbc                RTC_init
 .text.RTC_get_current_time
                0x08001ce8        0xc C:/DEV/Prog.embarquee/lab-sensit/sensit-sdk-v2.0.0/sdk/lib\libSENSIT_SDK_V2.0.0.a(rtc.o)
                0x08001ce8                RTC_get_current_time
 .text.RTC_set_alarm_timer
                0x08001cf4       0x14 C:/DEV/Prog.embarquee/lab-sensit/sensit-sdk-v2.0.0/sdk/lib\libSENSIT_SDK_V2.0.0.a(rtc.o)
                0x08001cf4                RTC_set_alarm_timer
 .text.RTC_set_rx_timer
                0x08001d08        0xc C:/DEV/Prog.embarquee/lab-sensit/sensit-sdk-v2.0.0/sdk/lib\libSENSIT_SDK_V2.0.0.a(rtc.o)
                0x08001d08                RTC_set_rx_timer
 .text.RTC_wait_frame
                0x08001d14       0x2c C:/DEV/Prog.embarquee/lab-sensit/sensit-sdk-v2.0.0/sdk/lib\libSENSIT_SDK_V2.0.0.a(rtc.o)
                0x08001d14                RTC_wait_frame
 .text.RTC_IRQHandler
                0x08001d40       0x68 C:/DEV/Prog.embarquee/lab-sensit/sensit-sdk-v2.0.0/sdk/lib\libSENSIT_SDK_V2.0.0.a(rtc.o)
                0x08001d40                RTC_IRQHandler
 .text._init    0x08001da8       0x1c C:/DEV/Prog.embarquee/lab-sensit/sensit-sdk-v2.0.0/sdk/lib\libSENSIT_SDK_V2.0.0.a(sensit_api.o)
                0x08001da8                _init
 .text.SENSIT_API_configure_radio
                0x08001dc4       0x2a C:/DEV/Prog.embarquee/lab-sensit/sensit-sdk-v2.0.0/sdk/lib\libSENSIT_SDK_V2.0.0.a(sensit_api.o)
                0x08001dc4                SENSIT_API_configure_radio
 .text.SENSIT_API_switch_radio
                0x08001dee       0x38 C:/DEV/Prog.embarquee/lab-sensit/sensit-sdk-v2.0.0/sdk/lib\libSENSIT_SDK_V2.0.0.a(sensit_api.o)
                0x08001dee                SENSIT_API_switch_radio
 *fill*         0x08001e26        0x2 
 .text.SENSIT_API_reset
                0x08001e28       0x60 C:/DEV/Prog.embarquee/lab-sensit/sensit-sdk-v2.0.0/sdk/lib\libSENSIT_SDK_V2.0.0.a(sensit_api.o)
                0x08001e28                SENSIT_API_reset
 .text.SENSIT_API_sleep
                0x08001e88        0xa C:/DEV/Prog.embarquee/lab-sensit/sensit-sdk-v2.0.0/sdk/lib\libSENSIT_SDK_V2.0.0.a(sensit_api.o)
                0x08001e88                SENSIT_API_sleep
 .text.SENSIT_API_set_rtc_alarm
                0x08001e92        0xa C:/DEV/Prog.embarquee/lab-sensit/sensit-sdk-v2.0.0/sdk/lib\libSENSIT_SDK_V2.0.0.a(sensit_api.o)
                0x08001e92                SENSIT_API_set_rtc_alarm
 .text.SENSIT_API_configure_button
                0x08001e9c       0x50 C:/DEV/Prog.embarquee/lab-sensit/sensit-sdk-v2.0.0/sdk/lib\libSENSIT_SDK_V2.0.0.a(sensit_api.o)
                0x08001e9c                SENSIT_API_configure_button
 .text.SENSIT_API_get_button_state
                0x08001eec       0x14 C:/DEV/Prog.embarquee/lab-sensit/sensit-sdk-v2.0.0/sdk/lib\libSENSIT_SDK_V2.0.0.a(sensit_api.o)
                0x08001eec                SENSIT_API_get_button_state
 .text.SENSIT_API_set_rgb_led
                0x08001f00       0x30 C:/DEV/Prog.embarquee/lab-sensit/sensit-sdk-v2.0.0/sdk/lib\libSENSIT_SDK_V2.0.0.a(sensit_api.o)
                0x08001f00                SENSIT_API_set_rgb_led
 .text.SENSIT_API_set_white_led
                0x08001f30       0x18 C:/DEV/Prog.embarquee/lab-sensit/sensit-sdk-v2.0.0/sdk/lib\libSENSIT_SDK_V2.0.0.a(sensit_api.o)
                0x08001f30                SENSIT_API_set_white_led
 .text.SENSIT_API_get_battery_level
                0x08001f48        0xe C:/DEV/Prog.embarquee/lab-sensit/sensit-sdk-v2.0.0/sdk/lib\libSENSIT_SDK_V2.0.0.a(sensit_api.o)
                0x08001f48                SENSIT_API_get_battery_level
 .text.SENSIT_API_get_current_time
                0x08001f56        0xe C:/DEV/Prog.embarquee/lab-sensit/sensit-sdk-v2.0.0/sdk/lib\libSENSIT_SDK_V2.0.0.a(sensit_api.o)
                0x08001f56                SENSIT_API_get_current_time
 .text.SENSIT_API_wait
                0x08001f64        0xa C:/DEV/Prog.embarquee/lab-sensit/sensit-sdk-v2.0.0/sdk/lib\libSENSIT_SDK_V2.0.0.a(sensit_api.o)
                0x08001f64                SENSIT_API_wait
 .text.SENSIT_API_write_read_i2c_bus
                0x08001f6e       0x20 C:/DEV/Prog.embarquee/lab-sensit/sensit-sdk-v2.0.0/sdk/lib\libSENSIT_SDK_V2.0.0.a(sensit_api.o)
                0x08001f6e                SENSIT_API_write_read_i2c_bus
 *fill*         0x08001f8e        0x2 
 .text.SENSIT_API_reset_device_sequence_number
                0x08001f90       0x20 C:/DEV/Prog.embarquee/lab-sensit/sensit-sdk-v2.0.0/sdk/lib\libSENSIT_SDK_V2.0.0.a(sensit_api.o)
                0x08001f90                SENSIT_API_reset_device_sequence_number
 .text.SIGFOX_API_open
                0x08001fb0      0x1b4 C:/DEV/Prog.embarquee/lab-sensit/sensit-sdk-v2.0.0/sdk/lib\libSENSIT_SDK_V2.0.0.a(sigfox_api.o)
                0x08001fb0                SIGFOX_API_open
 .text.SIGFOX_API_send_frame
                0x08002164       0x48 C:/DEV/Prog.embarquee/lab-sensit/sensit-sdk-v2.0.0/sdk/lib\libSENSIT_SDK_V2.0.0.a(sigfox_api.o)
                0x08002164                SIGFOX_API_send_frame
 .text.SIGFOX_API_set_std_config
                0x080021ac       0x90 C:/DEV/Prog.embarquee/lab-sensit/sensit-sdk-v2.0.0/sdk/lib\libSENSIT_SDK_V2.0.0.a(sigfox_api.o)
                0x080021ac                SIGFOX_API_set_std_config
 .text.SIGFOX_INT_randomize
                0x0800223c       0x16 C:/DEV/Prog.embarquee/lab-sensit/sensit-sdk-v2.0.0/sdk/lib\libSENSIT_SDK_V2.0.0.a(sigfox_internal.o)
                0x0800223c                SIGFOX_INT_randomize
 .text.SIGFOX_INT_get_max_micro_channel
                0x08002252       0x30 C:/DEV/Prog.embarquee/lab-sensit/sensit-sdk-v2.0.0/sdk/lib\libSENSIT_SDK_V2.0.0.a(sigfox_internal.o)
                0x08002252                SIGFOX_INT_get_max_micro_channel
 .text.SIGFOX_INT_get_macro_channel_index
                0x08002282       0x5a C:/DEV/Prog.embarquee/lab-sensit/sensit-sdk-v2.0.0/sdk/lib\libSENSIT_SDK_V2.0.0.a(sigfox_internal.o)
                0x08002282                SIGFOX_INT_get_macro_channel_index
 .text.SIGFOX_INT_dc_lbt_channel_pn_max
                0x080022dc       0x30 C:/DEV/Prog.embarquee/lab-sensit/sensit-sdk-v2.0.0/sdk/lib\libSENSIT_SDK_V2.0.0.a(sigfox_internal.o)
                0x080022dc                SIGFOX_INT_dc_lbt_channel_pn_max
 .text.SIGFOX_INT_dc_lbt_channel_pn_min
                0x0800230c       0x22 C:/DEV/Prog.embarquee/lab-sensit/sensit-sdk-v2.0.0/sdk/lib\libSENSIT_SDK_V2.0.0.a(sigfox_internal.o)
                0x0800230c                SIGFOX_INT_dc_lbt_channel_pn_min
 .text.RETURN_CODE
                0x0800232e        0x8 C:/DEV/Prog.embarquee/lab-sensit/sensit-sdk-v2.0.0/sdk/lib\libSENSIT_SDK_V2.0.0.a(sigfox_internal.o)
                0x0800232e                RETURN_CODE
 *fill*         0x08002336        0x2 
 .text.SIGFOX_INT_compute_channels
                0x08002338      0x134 C:/DEV/Prog.embarquee/lab-sensit/sensit-sdk-v2.0.0/sdk/lib\libSENSIT_SDK_V2.0.0.a(sigfox_internal.o)
                0x08002338                SIGFOX_INT_compute_channels
 .text.SIGFOX_INT_compute_carrier_sense_frequency
                0x0800246c       0x2e C:/DEV/Prog.embarquee/lab-sensit/sensit-sdk-v2.0.0/sdk/lib\libSENSIT_SDK_V2.0.0.a(sigfox_internal.o)
                0x0800246c                SIGFOX_INT_compute_carrier_sense_frequency
 .text.SIGFOX_INT_store_nvm
                0x0800249a       0x32 C:/DEV/Prog.embarquee/lab-sensit/sensit-sdk-v2.0.0/sdk/lib\libSENSIT_SDK_V2.0.0.a(sigfox_internal.o)
                0x0800249a                SIGFOX_INT_store_nvm
 .text.SIGFOX_INT_build_frame
                0x080024cc      0x1da C:/DEV/Prog.embarquee/lab-sensit/sensit-sdk-v2.0.0/sdk/lib\libSENSIT_SDK_V2.0.0.a(sigfox_internal.o)
                0x080024cc                SIGFOX_INT_build_frame
 *fill*         0x080026a6        0x2 
 .text.SIGFOX_INT_prepare_transmission
                0x080026a8       0x88 C:/DEV/Prog.embarquee/lab-sensit/sensit-sdk-v2.0.0/sdk/lib\libSENSIT_SDK_V2.0.0.a(sigfox_internal.o)
                0x080026a8                SIGFOX_INT_prepare_transmission
 .text.SIGFOX_INT_send_single_frame
                0x08002730       0x98 C:/DEV/Prog.embarquee/lab-sensit/sensit-sdk-v2.0.0/sdk/lib\libSENSIT_SDK_V2.0.0.a(sigfox_internal.o)
                0x08002730                SIGFOX_INT_send_single_frame
 .text.SIGFOX_INT_execute_carrier_sense
                0x080027c8       0x3a C:/DEV/Prog.embarquee/lab-sensit/sensit-sdk-v2.0.0/sdk/lib\libSENSIT_SDK_V2.0.0.a(sigfox_internal.o)
                0x080027c8                SIGFOX_INT_execute_carrier_sense
 .text.SIGFOX_INT_downlink_configuration
                0x08002802       0x4c C:/DEV/Prog.embarquee/lab-sensit/sensit-sdk-v2.0.0/sdk/lib\libSENSIT_SDK_V2.0.0.a(sigfox_internal.o)
                0x08002802                SIGFOX_INT_downlink_configuration
 .text.SIGFOX_INT_get_received_frames
                0x0800284e      0x10a C:/DEV/Prog.embarquee/lab-sensit/sensit-sdk-v2.0.0/sdk/lib\libSENSIT_SDK_V2.0.0.a(sigfox_internal.o)
                0x0800284e                SIGFOX_INT_get_received_frames
 .text.SIGFOX_INT_process_downlink
                0x08002958       0x46 C:/DEV/Prog.embarquee/lab-sensit/sensit-sdk-v2.0.0/sdk/lib\libSENSIT_SDK_V2.0.0.a(sigfox_internal.o)
                0x08002958                SIGFOX_INT_process_downlink
 *fill*         0x0800299e        0x2 
 .text.SIGFOX_INT_compute_uplink_frequency
                0x080029a0       0x94 C:/DEV/Prog.embarquee/lab-sensit/sensit-sdk-v2.0.0/sdk/lib\libSENSIT_SDK_V2.0.0.a(sigfox_internal.o)
                0x080029a0                SIGFOX_INT_compute_uplink_frequency
 .text.SIGFOX_INT_process_uplink
                0x08002a34      0x28c C:/DEV/Prog.embarquee/lab-sensit/sensit-sdk-v2.0.0/sdk/lib\libSENSIT_SDK_V2.0.0.a(sigfox_internal.o)
                0x08002a34                SIGFOX_INT_process_uplink
 .text.SIGFOX_INT_execute_communication_sequence
                0x08002cc0      0x118 C:/DEV/Prog.embarquee/lab-sensit/sensit-sdk-v2.0.0/sdk/lib\libSENSIT_SDK_V2.0.0.a(sigfox_internal.o)
                0x08002cc0                SIGFOX_INT_execute_communication_sequence
 .text.SIGFOX_INT_get_device_id
                0x08002dd8       0x18 C:/DEV/Prog.embarquee/lab-sensit/sensit-sdk-v2.0.0/sdk/lib\libSENSIT_SDK_V2.0.0.a(sigfox_internal.o)
                0x08002dd8                SIGFOX_INT_get_device_id
 .text.SIGFOX_PN_next_pn
                0x08002df0       0x50 C:/DEV/Prog.embarquee/lab-sensit/sensit-sdk-v2.0.0/sdk/lib\libSENSIT_SDK_V2.0.0.a(sigfox_pn.o)
                0x08002df0                SIGFOX_PN_next_pn
 .text.SIGFOX_SCRAMB_compute
                0x08002e40       0x8c C:/DEV/Prog.embarquee/lab-sensit/sensit-sdk-v2.0.0/sdk/lib\libSENSIT_SDK_V2.0.0.a(sigfox_scramb.o)
                0x08002e40                SIGFOX_SCRAMB_compute
 .text.SLEEP_handler
                0x08002ecc       0x88 C:/DEV/Prog.embarquee/lab-sensit/sensit-sdk-v2.0.0/sdk/lib\libSENSIT_SDK_V2.0.0.a(sleep.o)
                0x08002ecc                SLEEP_handler
 .text.SPI_init
                0x08002f54       0x30 C:/DEV/Prog.embarquee/lab-sensit/sensit-sdk-v2.0.0/sdk/lib\libSENSIT_SDK_V2.0.0.a(spi.o)
                0x08002f54                SPI_init
 .text.SPI_disable
                0x08002f84       0x34 C:/DEV/Prog.embarquee/lab-sensit/sensit-sdk-v2.0.0/sdk/lib\libSENSIT_SDK_V2.0.0.a(spi.o)
                0x08002f84                SPI_disable
 .text.SPI_enable
                0x08002fb8       0x30 C:/DEV/Prog.embarquee/lab-sensit/sensit-sdk-v2.0.0/sdk/lib\libSENSIT_SDK_V2.0.0.a(spi.o)
                0x08002fb8                SPI_enable
 .text.SPI_write_read
                0x08002fe8       0x2c C:/DEV/Prog.embarquee/lab-sensit/sensit-sdk-v2.0.0/sdk/lib\libSENSIT_SDK_V2.0.0.a(spi.o)
                0x08002fe8                SPI_write_read
 .text.Reset_Handler
                0x08003014       0x80 C:/DEV/Prog.embarquee/lab-sensit/sensit-sdk-v2.0.0/sdk/lib\libSENSIT_SDK_V2.0.0.a(startup_stm32f042x6.o)
                0x08003014                Reset_Handler
 .text.Default_Handler
                0x08003094        0x2 C:/DEV/Prog.embarquee/lab-sensit/sensit-sdk-v2.0.0/sdk/lib\libSENSIT_SDK_V2.0.0.a(startup_stm32f042x6.o)
                0x08003094                TIM1_CC_IRQHandler
                0x08003094                TSC_IRQHandler
                0x08003094                SysTick_Handler
                0x08003094                PendSV_Handler
                0x08003094                I2C1_IRQHandler
                0x08003094                RCC_CRS_IRQHandler
                0x08003094                SPI1_IRQHandler
                0x08003094                EXTI2_3_IRQHandler
                0x08003094                ADC1_IRQHandler
                0x08003094                TIM17_IRQHandler
                0x08003094                CEC_CAN_IRQHandler
                0x08003094                PVD_VDDIO2_IRQHandler
                0x08003094                TIM3_IRQHandler
                0x08003094                DMA1_Channel1_IRQHandler
                0x08003094                Default_Handler
                0x08003094                TIM14_IRQHandler
                0x08003094                DMA1_Channel4_5_IRQHandler
                0x08003094                EXTI0_1_IRQHandler
                0x08003094                SPI2_IRQHandler
                0x08003094                SVC_Handler
                0x08003094                DMA1_Channel2_3_IRQHandler
                0x08003094                USART2_IRQHandler
                0x08003094                FLASH_IRQHandler
                0x08003094                TIM1_BRK_UP_TRG_COM_IRQHandler
 *fill*         0x08003096        0x2 
 .text.SystemInit
                0x08003098      0x178 C:/DEV/Prog.embarquee/lab-sensit/sensit-sdk-v2.0.0/sdk/lib\libSENSIT_SDK_V2.0.0.a(system_stm32f0xx.o)
                0x08003098                SystemInit
 .text.SYSTICK_wait_ms
                0x08003210       0x84 C:/DEV/Prog.embarquee/lab-sensit/sensit-sdk-v2.0.0/sdk/lib\libSENSIT_SDK_V2.0.0.a(systick.o)
                0x08003210                SYSTICK_wait_ms
 .text.SYSTICK_wait_tick
                0x08003294       0x38 C:/DEV/Prog.embarquee/lab-sensit/sensit-sdk-v2.0.0/sdk/lib\libSENSIT_SDK_V2.0.0.a(systick.o)
                0x08003294                SYSTICK_wait_tick
 .text.USART1_IRQHandler
                0x080032cc       0x68 C:/DEV/Prog.embarquee/lab-sensit/sensit-sdk-v2.0.0/sdk/lib\libSENSIT_SDK_V2.0.0.a(uart.o)
                0x080032cc                USART1_IRQHandler
 .text.HAL_PCD_SetupStageCallback
                0x08003334       0x14 C:/DEV/Prog.embarquee/lab-sensit/sensit-sdk-v2.0.0/sdk/lib\libSENSIT_SDK_V2.0.0.a(usbd_conf.o)
                0x08003334                HAL_PCD_SetupStageCallback
 .text.HAL_PCD_DataOutStageCallback
                0x08003348       0x18 C:/DEV/Prog.embarquee/lab-sensit/sensit-sdk-v2.0.0/sdk/lib\libSENSIT_SDK_V2.0.0.a(usbd_conf.o)
                0x08003348                HAL_PCD_DataOutStageCallback
 .text.HAL_PCD_DataInStageCallback
                0x08003360       0x16 C:/DEV/Prog.embarquee/lab-sensit/sensit-sdk-v2.0.0/sdk/lib\libSENSIT_SDK_V2.0.0.a(usbd_conf.o)
                0x08003360                HAL_PCD_DataInStageCallback
 .text.HAL_PCD_SOFCallback
                0x08003376        0xe C:/DEV/Prog.embarquee/lab-sensit/sensit-sdk-v2.0.0/sdk/lib\libSENSIT_SDK_V2.0.0.a(usbd_conf.o)
                0x08003376                HAL_PCD_SOFCallback
 .text.HAL_PCD_ResetCallback
                0x08003384       0x18 C:/DEV/Prog.embarquee/lab-sensit/sensit-sdk-v2.0.0/sdk/lib\libSENSIT_SDK_V2.0.0.a(usbd_conf.o)
                0x08003384                HAL_PCD_ResetCallback
 .text.HAL_PCD_SuspendCallback
                0x0800339c        0xe C:/DEV/Prog.embarquee/lab-sensit/sensit-sdk-v2.0.0/sdk/lib\libSENSIT_SDK_V2.0.0.a(usbd_conf.o)
                0x0800339c                HAL_PCD_SuspendCallback
 .text.HAL_PCD_ResumeCallback
                0x080033aa        0xe C:/DEV/Prog.embarquee/lab-sensit/sensit-sdk-v2.0.0/sdk/lib\libSENSIT_SDK_V2.0.0.a(usbd_conf.o)
                0x080033aa                HAL_PCD_ResumeCallback
 .text.USBD_LL_OpenEP
                0x080033b8       0x16 C:/DEV/Prog.embarquee/lab-sensit/sensit-sdk-v2.0.0/sdk/lib\libSENSIT_SDK_V2.0.0.a(usbd_conf.o)
                0x080033b8                USBD_LL_OpenEP
 .text.USBD_LL_StallEP
                0x080033ce       0x10 C:/DEV/Prog.embarquee/lab-sensit/sensit-sdk-v2.0.0/sdk/lib\libSENSIT_SDK_V2.0.0.a(usbd_conf.o)
                0x080033ce                USBD_LL_StallEP
 .text.USBD_LL_ClearStallEP
                0x080033de       0x10 C:/DEV/Prog.embarquee/lab-sensit/sensit-sdk-v2.0.0/sdk/lib\libSENSIT_SDK_V2.0.0.a(usbd_conf.o)
                0x080033de                USBD_LL_ClearStallEP
 .text.USBD_LL_IsStallEP
                0x080033ee       0x26 C:/DEV/Prog.embarquee/lab-sensit/sensit-sdk-v2.0.0/sdk/lib\libSENSIT_SDK_V2.0.0.a(usbd_conf.o)
                0x080033ee                USBD_LL_IsStallEP
 .text.USBD_LL_SetUSBAddress
                0x08003414       0x10 C:/DEV/Prog.embarquee/lab-sensit/sensit-sdk-v2.0.0/sdk/lib\libSENSIT_SDK_V2.0.0.a(usbd_conf.o)
                0x08003414                USBD_LL_SetUSBAddress
 .text.USBD_LL_Transmit
                0x08003424       0x10 C:/DEV/Prog.embarquee/lab-sensit/sensit-sdk-v2.0.0/sdk/lib\libSENSIT_SDK_V2.0.0.a(usbd_conf.o)
                0x08003424                USBD_LL_Transmit
 .text.USBD_LL_PrepareReceive
                0x08003434       0x10 C:/DEV/Prog.embarquee/lab-sensit/sensit-sdk-v2.0.0/sdk/lib\libSENSIT_SDK_V2.0.0.a(usbd_conf.o)
                0x08003434                USBD_LL_PrepareReceive
 .text.USB_IRQHandler
                0x08003444       0x10 C:/DEV/Prog.embarquee/lab-sensit/sensit-sdk-v2.0.0/sdk/lib\libSENSIT_SDK_V2.0.0.a(usbd_conf.o)
                0x08003444                USB_IRQHandler
 .text.USBD_SetClassConfig
                0x08003454       0x1a C:/DEV/Prog.embarquee/lab-sensit/sensit-sdk-v2.0.0/sdk/lib\libSENSIT_SDK_V2.0.0.a(usbd_core.o)
                0x08003454                USBD_SetClassConfig
 .text.USBD_ClrClassConfig
                0x0800346e       0x10 C:/DEV/Prog.embarquee/lab-sensit/sensit-sdk-v2.0.0/sdk/lib\libSENSIT_SDK_V2.0.0.a(usbd_core.o)
                0x0800346e                USBD_ClrClassConfig
 *fill*         0x0800347e        0x2 
 .text.USBD_LL_SetupStage
                0x08003480       0x68 C:/DEV/Prog.embarquee/lab-sensit/sensit-sdk-v2.0.0/sdk/lib\libSENSIT_SDK_V2.0.0.a(usbd_core.o)
                0x08003480                USBD_LL_SetupStage
 .text.USBD_LL_DataOutStage
                0x080034e8       0x74 C:/DEV/Prog.embarquee/lab-sensit/sensit-sdk-v2.0.0/sdk/lib\libSENSIT_SDK_V2.0.0.a(usbd_core.o)
                0x080034e8                USBD_LL_DataOutStage
 .text.USBD_LL_DataInStage
                0x0800355c       0xac C:/DEV/Prog.embarquee/lab-sensit/sensit-sdk-v2.0.0/sdk/lib\libSENSIT_SDK_V2.0.0.a(usbd_core.o)
                0x0800355c                USBD_LL_DataInStage
 .text.USBD_LL_Reset
                0x08003608       0x48 C:/DEV/Prog.embarquee/lab-sensit/sensit-sdk-v2.0.0/sdk/lib\libSENSIT_SDK_V2.0.0.a(usbd_core.o)
                0x08003608                USBD_LL_Reset
 .text.USBD_LL_SetSpeed
                0x08003650        0x6 C:/DEV/Prog.embarquee/lab-sensit/sensit-sdk-v2.0.0/sdk/lib\libSENSIT_SDK_V2.0.0.a(usbd_core.o)
                0x08003650                USBD_LL_SetSpeed
 .text.USBD_LL_Suspend
                0x08003656       0x16 C:/DEV/Prog.embarquee/lab-sensit/sensit-sdk-v2.0.0/sdk/lib\libSENSIT_SDK_V2.0.0.a(usbd_core.o)
                0x08003656                USBD_LL_Suspend
 .text.USBD_LL_Resume
                0x0800366c        0xe C:/DEV/Prog.embarquee/lab-sensit/sensit-sdk-v2.0.0/sdk/lib\libSENSIT_SDK_V2.0.0.a(usbd_core.o)
                0x0800366c                USBD_LL_Resume
 .text.USBD_LL_SOF
                0x0800367a       0x1e C:/DEV/Prog.embarquee/lab-sensit/sensit-sdk-v2.0.0/sdk/lib\libSENSIT_SDK_V2.0.0.a(usbd_core.o)
                0x0800367a                USBD_LL_SOF
 .text.USBD_CtlError.constprop.0
                0x08003698       0x14 C:/DEV/Prog.embarquee/lab-sensit/sensit-sdk-v2.0.0/sdk/lib\libSENSIT_SDK_V2.0.0.a(usbd_ctlreq.o)
 .text.USBD_StdDevReq
                0x080036ac      0x224 C:/DEV/Prog.embarquee/lab-sensit/sensit-sdk-v2.0.0/sdk/lib\libSENSIT_SDK_V2.0.0.a(usbd_ctlreq.o)
                0x080036ac                USBD_StdDevReq
 .text.USBD_StdItfReq
                0x080038d0       0x38 C:/DEV/Prog.embarquee/lab-sensit/sensit-sdk-v2.0.0/sdk/lib\libSENSIT_SDK_V2.0.0.a(usbd_ctlreq.o)
                0x080038d0                USBD_StdItfReq
 .text.USBD_StdEPReq
                0x08003908       0xd4 C:/DEV/Prog.embarquee/lab-sensit/sensit-sdk-v2.0.0/sdk/lib\libSENSIT_SDK_V2.0.0.a(usbd_ctlreq.o)
                0x08003908                USBD_StdEPReq
 .text.USBD_ParseSetupRequest
                0x080039dc       0x28 C:/DEV/Prog.embarquee/lab-sensit/sensit-sdk-v2.0.0/sdk/lib\libSENSIT_SDK_V2.0.0.a(usbd_ctlreq.o)
                0x080039dc                USBD_ParseSetupRequest
 .text.USBD_CtlSendData
                0x08003a04       0x1c C:/DEV/Prog.embarquee/lab-sensit/sensit-sdk-v2.0.0/sdk/lib\libSENSIT_SDK_V2.0.0.a(usbd_ioreq.o)
                0x08003a04                USBD_CtlSendData
 .text.USBD_CtlContinueSendData
                0x08003a20       0x10 C:/DEV/Prog.embarquee/lab-sensit/sensit-sdk-v2.0.0/sdk/lib\libSENSIT_SDK_V2.0.0.a(usbd_ioreq.o)
                0x08003a20                USBD_CtlContinueSendData
 .text.USBD_CtlContinueRx
                0x08003a30       0x10 C:/DEV/Prog.embarquee/lab-sensit/sensit-sdk-v2.0.0/sdk/lib\libSENSIT_SDK_V2.0.0.a(usbd_ioreq.o)
                0x08003a30                USBD_CtlContinueRx
 .text.USBD_CtlSendStatus
                0x08003a40       0x18 C:/DEV/Prog.embarquee/lab-sensit/sensit-sdk-v2.0.0/sdk/lib\libSENSIT_SDK_V2.0.0.a(usbd_ioreq.o)
                0x08003a40                USBD_CtlSendStatus
 .text.USBD_CtlReceiveStatus
                0x08003a58       0x18 C:/DEV/Prog.embarquee/lab-sensit/sensit-sdk-v2.0.0/sdk/lib\libSENSIT_SDK_V2.0.0.a(usbd_ioreq.o)
                0x08003a58                USBD_CtlReceiveStatus
 .text.WATCHDOG_clear
                0x08003a70       0x10 C:/DEV/Prog.embarquee/lab-sensit/sensit-sdk-v2.0.0/sdk/lib\libSENSIT_SDK_V2.0.0.a(watchdog.o)
                0x08003a70                WATCHDOG_clear
 .text.ADC_init
                0x08003a80       0x88 C:/DEV/Prog.embarquee/lab-sensit/sensit-sdk-v2.0.0/sdk/lib\libSENSIT_SDK_V2.0.0.a(adc.o)
                0x08003a80                ADC_init
 .text.ADC_measure_battery
                0x08003b08       0x84 C:/DEV/Prog.embarquee/lab-sensit/sensit-sdk-v2.0.0/sdk/lib\libSENSIT_SDK_V2.0.0.a(adc.o)
                0x08003b08                ADC_measure_battery
 .text.ADC_get_last_battery_level
                0x08003b8c        0xc C:/DEV/Prog.embarquee/lab-sensit/sensit-sdk-v2.0.0/sdk/lib\libSENSIT_SDK_V2.0.0.a(adc.o)
                0x08003b8c                ADC_get_last_battery_level
 .text.ADC_get_battery_level
                0x08003b98       0x10 C:/DEV/Prog.embarquee/lab-sensit/sensit-sdk-v2.0.0/sdk/lib\libSENSIT_SDK_V2.0.0.a(adc.o)
                0x08003b98                ADC_get_battery_level
 .text.ADC_measure_temperature
                0x08003ba8       0x68 C:/DEV/Prog.embarquee/lab-sensit/sensit-sdk-v2.0.0/sdk/lib\libSENSIT_SDK_V2.0.0.a(adc.o)
                0x08003ba8                ADC_measure_temperature
 .text.AESEncode
                0x08003c10      0x1c0 C:/DEV/Prog.embarquee/lab-sensit/sensit-sdk-v2.0.0/sdk/lib\libSENSIT_SDK_V2.0.0.a(aes.o)
                0x08003c10                AESEncode
 .text.calibReadHSI48clk
                0x08003dd0       0x84 C:/DEV/Prog.embarquee/lab-sensit/sensit-sdk-v2.0.0/sdk/lib\libSENSIT_SDK_V2.0.0.a(calib.o)
 .text.calibRTCclkIsCalibrated
                0x08003e54      0x1a0 C:/DEV/Prog.embarquee/lab-sensit/sensit-sdk-v2.0.0/sdk/lib\libSENSIT_SDK_V2.0.0.a(calib.o)
                0x08003e54                calibRTCclkIsCalibrated
 .text.calibHSI48clkIsCalibrated
                0x08003ff4       0x90 C:/DEV/Prog.embarquee/lab-sensit/sensit-sdk-v2.0.0/sdk/lib\libSENSIT_SDK_V2.0.0.a(calib.o)
                0x08003ff4                calibHSI48clkIsCalibrated
 .text.CC1125_send_strobe
                0x08004084       0x2c C:/DEV/Prog.embarquee/lab-sensit/sensit-sdk-v2.0.0/sdk/lib\libSENSIT_SDK_V2.0.0.a(cc1125.o)
                0x08004084                CC1125_send_strobe
 .text.CC1125_write_reg
                0x080040b0       0x54 C:/DEV/Prog.embarquee/lab-sensit/sensit-sdk-v2.0.0/sdk/lib\libSENSIT_SDK_V2.0.0.a(cc1125.o)
                0x080040b0                CC1125_write_reg
 .text.CC1125_read_reg
                0x08004104       0x54 C:/DEV/Prog.embarquee/lab-sensit/sensit-sdk-v2.0.0/sdk/lib\libSENSIT_SDK_V2.0.0.a(cc1125.o)
                0x08004104                CC1125_read_reg
 .text.CC1125_output_clock
                0x08004158       0x18 C:/DEV/Prog.embarquee/lab-sensit/sensit-sdk-v2.0.0/sdk/lib\libSENSIT_SDK_V2.0.0.a(cc1125.o)
                0x08004158                CC1125_output_clock
 .text.CRC_compute
                0x08004170       0x4c C:/DEV/Prog.embarquee/lab-sensit/sensit-sdk-v2.0.0/sdk/lib\libSENSIT_SDK_V2.0.0.a(crc.o)
                0x08004170                CRC_compute
 .text.FLASH_unlock
                0x080041bc       0x3c C:/DEV/Prog.embarquee/lab-sensit/sensit-sdk-v2.0.0/sdk/lib\libSENSIT_SDK_V2.0.0.a(flash.o)
                0x080041bc                FLASH_unlock
 .text.FLASH_lock
                0x080041f8       0x14 C:/DEV/Prog.embarquee/lab-sensit/sensit-sdk-v2.0.0/sdk/lib\libSENSIT_SDK_V2.0.0.a(flash.o)
                0x080041f8                FLASH_lock
 .text.FLASH_write
                0x0800420c       0x40 C:/DEV/Prog.embarquee/lab-sensit/sensit-sdk-v2.0.0/sdk/lib\libSENSIT_SDK_V2.0.0.a(flash.o)
                0x0800420c                FLASH_write
 .text.FLASH_erase_page
                0x0800424c       0x90 C:/DEV/Prog.embarquee/lab-sensit/sensit-sdk-v2.0.0/sdk/lib\libSENSIT_SDK_V2.0.0.a(flash.o)
                0x0800424c                FLASH_erase_page
 .text._handler
                0x080042dc       0x44 C:/DEV/Prog.embarquee/lab-sensit/sensit-sdk-v2.0.0/sdk/lib\libSENSIT_SDK_V2.0.0.a(gpio.o)
 .text.GPIO_init
                0x08004320       0xcc C:/DEV/Prog.embarquee/lab-sensit/sensit-sdk-v2.0.0/sdk/lib\libSENSIT_SDK_V2.0.0.a(gpio.o)
                0x08004320                GPIO_init
 .text.EXTI4_15_IRQHandler
                0x080043ec       0x88 C:/DEV/Prog.embarquee/lab-sensit/sensit-sdk-v2.0.0/sdk/lib\libSENSIT_SDK_V2.0.0.a(gpio.o)
                0x080043ec                EXTI4_15_IRQHandler
 .text.HardFault_Handler
                0x08004474        0x8 C:/DEV/Prog.embarquee/lab-sensit/sensit-sdk-v2.0.0/sdk/lib\libSENSIT_SDK_V2.0.0.a(gpio.o)
                0x08004474                HardFault_Handler
 .text.NMI_Handler
                0x0800447c        0x8 C:/DEV/Prog.embarquee/lab-sensit/sensit-sdk-v2.0.0/sdk/lib\libSENSIT_SDK_V2.0.0.a(gpio.o)
                0x0800447c                NMI_Handler
 .text.WWDG_IRQHandler
                0x08004484        0x8 C:/DEV/Prog.embarquee/lab-sensit/sensit-sdk-v2.0.0/sdk/lib\libSENSIT_SDK_V2.0.0.a(gpio.o)
                0x08004484                WWDG_IRQHandler
 .text.I2C_init
                0x0800448c       0x30 C:/DEV/Prog.embarquee/lab-sensit/sensit-sdk-v2.0.0/sdk/lib\libSENSIT_SDK_V2.0.0.a(i2c.o)
                0x0800448c                I2C_init
 .text.I2C_write_read
                0x080044bc      0x160 C:/DEV/Prog.embarquee/lab-sensit/sensit-sdk-v2.0.0/sdk/lib\libSENSIT_SDK_V2.0.0.a(i2c.o)
                0x080044bc                I2C_write_read
 .text.LED_set_toggle_color
                0x0800461c        0xc C:/DEV/Prog.embarquee/lab-sensit/sensit-sdk-v2.0.0/sdk/lib\libSENSIT_SDK_V2.0.0.a(led.o)
                0x0800461c                LED_set_toggle_color
 .text.LED_toggle
                0x08004628       0x5c C:/DEV/Prog.embarquee/lab-sensit/sensit-sdk-v2.0.0/sdk/lib\libSENSIT_SDK_V2.0.0.a(led.o)
                0x08004628                LED_toggle
 .text.my_memcpy
                0x08004684       0x1c C:/DEV/Prog.embarquee/lab-sensit/sensit-sdk-v2.0.0/sdk/lib\libSENSIT_SDK_V2.0.0.a(my_string.o)
                0x08004684                my_memcpy
 .text.my_memcmp
                0x080046a0       0x1c C:/DEV/Prog.embarquee/lab-sensit/sensit-sdk-v2.0.0/sdk/lib\libSENSIT_SDK_V2.0.0.a(my_string.o)
                0x080046a0                my_memcmp
 .text.RF_API_init
                0x080046bc       0x64 C:/DEV/Prog.embarquee/lab-sensit/sensit-sdk-v2.0.0/sdk/lib\libSENSIT_SDK_V2.0.0.a(rf_api.o)
                0x080046bc                RF_API_init
 .text.RF_API_stop
                0x08004720       0x28 C:/DEV/Prog.embarquee/lab-sensit/sensit-sdk-v2.0.0/sdk/lib\libSENSIT_SDK_V2.0.0.a(rf_api.o)
                0x08004720                RF_API_stop
 .text.RF_API_send
                0x08004748       0x3c C:/DEV/Prog.embarquee/lab-sensit/sensit-sdk-v2.0.0/sdk/lib\libSENSIT_SDK_V2.0.0.a(rf_api.o)
                0x08004748                RF_API_send
 .text.RF_API_change_frequency
                0x08004784      0x180 C:/DEV/Prog.embarquee/lab-sensit/sensit-sdk-v2.0.0/sdk/lib\libSENSIT_SDK_V2.0.0.a(rf_api.o)
                0x08004784                RF_API_change_frequency
 .text.RF_API_wait_frame
                0x08004904       0xe0 C:/DEV/Prog.embarquee/lab-sensit/sensit-sdk-v2.0.0/sdk/lib\libSENSIT_SDK_V2.0.0.a(rf_api.o)
                0x08004904                RF_API_wait_frame
 .text.RF_API_wait_for_clear_channel
                0x080049e4       0xb0 C:/DEV/Prog.embarquee/lab-sensit/sensit-sdk-v2.0.0/sdk/lib\libSENSIT_SDK_V2.0.0.a(rf_api.o)
                0x080049e4                RF_API_wait_for_clear_channel
 .text.SIGFOX_CRC_crc16
                0x08004a94       0x3c C:/DEV/Prog.embarquee/lab-sensit/sensit-sdk-v2.0.0/sdk/lib\libSENSIT_SDK_V2.0.0.a(sigfox_crc.o)
                0x08004a94                SIGFOX_CRC_crc16
 .text.SIGFOX_CRC_crc8
                0x08004ad0       0x34 C:/DEV/Prog.embarquee/lab-sensit/sensit-sdk-v2.0.0/sdk/lib\libSENSIT_SDK_V2.0.0.a(sigfox_crc.o)
                0x08004ad0                SIGFOX_CRC_crc8
 .text.SIGFOX_DECODE_dewhitening_pn
                0x08004b04       0x26 C:/DEV/Prog.embarquee/lab-sensit/sensit-sdk-v2.0.0/sdk/lib\libSENSIT_SDK_V2.0.0.a(sigfox_decode.o)
 *fill*         0x08004b2a        0x2 
 .text.SIGFOX_DECODE_decode_frame
                0x08004b2c      0x164 C:/DEV/Prog.embarquee/lab-sensit/sensit-sdk-v2.0.0/sdk/lib\libSENSIT_SDK_V2.0.0.a(sigfox_decode.o)
                0x08004b2c                SIGFOX_DECODE_decode_frame
 .text.SIGFOX_HMAC_compute_aes
                0x08004c90       0x54 C:/DEV/Prog.embarquee/lab-sensit/sensit-sdk-v2.0.0/sdk/lib\libSENSIT_SDK_V2.0.0.a(sigfox_hmac.o)
                0x08004c90                SIGFOX_HMAC_compute_aes
 .text.PCD_WritePMA
                0x08004ce4       0x28 C:/DEV/Prog.embarquee/lab-sensit/sensit-sdk-v2.0.0/sdk/lib\libSENSIT_SDK_V2.0.0.a(stm32f0xx_hal_pcd.o)
 .text.PCD_ReadPMA
                0x08004d0c       0x20 C:/DEV/Prog.embarquee/lab-sensit/sensit-sdk-v2.0.0/sdk/lib\libSENSIT_SDK_V2.0.0.a(stm32f0xx_hal_pcd.o)
 .text.HAL_PCD_SetAddress
                0x08004d2c       0x2c C:/DEV/Prog.embarquee/lab-sensit/sensit-sdk-v2.0.0/sdk/lib\libSENSIT_SDK_V2.0.0.a(stm32f0xx_hal_pcd.o)
                0x08004d2c                HAL_PCD_SetAddress
 .text.HAL_PCD_EP_Open
                0x08004d58      0x2b0 C:/DEV/Prog.embarquee/lab-sensit/sensit-sdk-v2.0.0/sdk/lib\libSENSIT_SDK_V2.0.0.a(stm32f0xx_hal_pcd.o)
                0x08004d58                HAL_PCD_EP_Open
 .text.HAL_PCD_EP_Receive
                0x08005008       0xe8 C:/DEV/Prog.embarquee/lab-sensit/sensit-sdk-v2.0.0/sdk/lib\libSENSIT_SDK_V2.0.0.a(stm32f0xx_hal_pcd.o)
                0x08005008                HAL_PCD_EP_Receive
 .text.HAL_PCD_EP_Transmit
                0x080050f0      0x1e4 C:/DEV/Prog.embarquee/lab-sensit/sensit-sdk-v2.0.0/sdk/lib\libSENSIT_SDK_V2.0.0.a(stm32f0xx_hal_pcd.o)
                0x080050f0                HAL_PCD_EP_Transmit
 .text.HAL_PCD_IRQHandler
                0x080052d4      0x464 C:/DEV/Prog.embarquee/lab-sensit/sensit-sdk-v2.0.0/sdk/lib\libSENSIT_SDK_V2.0.0.a(stm32f0xx_hal_pcd.o)
                0x080052d4                HAL_PCD_IRQHandler
 .text.HAL_PCD_EP_SetStall
                0x08005738       0x90 C:/DEV/Prog.embarquee/lab-sensit/sensit-sdk-v2.0.0/sdk/lib\libSENSIT_SDK_V2.0.0.a(stm32f0xx_hal_pcd.o)
                0x08005738                HAL_PCD_EP_SetStall
 .text.HAL_PCD_EP_ClrStall
                0x080057c8       0xbc C:/DEV/Prog.embarquee/lab-sensit/sensit-sdk-v2.0.0/sdk/lib\libSENSIT_SDK_V2.0.0.a(stm32f0xx_hal_pcd.o)
                0x080057c8                HAL_PCD_EP_ClrStall
 .text.MODULATION_ramp_up
                0x08005884       0x28 C:/DEV/Prog.embarquee/lab-sensit/sensit-sdk-v2.0.0/sdk/lib\libSENSIT_SDK_V2.0.0.a(modulation.o)
 .text.MODULATION_ramp_down
                0x080058ac       0x2c C:/DEV/Prog.embarquee/lab-sensit/sensit-sdk-v2.0.0/sdk/lib\libSENSIT_SDK_V2.0.0.a(modulation.o)
 .text.MODULATION_init
                0x080058d8       0xe0 C:/DEV/Prog.embarquee/lab-sensit/sensit-sdk-v2.0.0/sdk/lib\libSENSIT_SDK_V2.0.0.a(modulation.o)
                0x080058d8                MODULATION_init
 .text.MODULATION_stop
                0x080059b8       0x3c C:/DEV/Prog.embarquee/lab-sensit/sensit-sdk-v2.0.0/sdk/lib\libSENSIT_SDK_V2.0.0.a(modulation.o)
                0x080059b8                MODULATION_stop
 .text.MODULATION_process
                0x080059f4       0xa4 C:/DEV/Prog.embarquee/lab-sensit/sensit-sdk-v2.0.0/sdk/lib\libSENSIT_SDK_V2.0.0.a(modulation.o)
                0x080059f4                MODULATION_process
 .text.TIM2_IRQHandler
                0x08005a98       0x2c C:/DEV/Prog.embarquee/lab-sensit/sensit-sdk-v2.0.0/sdk/lib\libSENSIT_SDK_V2.0.0.a(modulation.o)
                0x08005a98                TIM2_IRQHandler
 .text.__libc_init_array
                0x08005ac4       0x44 c:/program files (x86)/gnu tools arm embedded/8 2019-q3-update/bin/../lib/gcc/arm-none-eabi/8.3.1/../../../../arm-none-eabi/lib/thumb/v6-m/nofp\libc.a(lib_a-init.o)
                0x08005ac4                __libc_init_array
 .text.memset   0x08005b08       0xa8 c:/program files (x86)/gnu tools arm embedded/8 2019-q3-update/bin/../lib/gcc/arm-none-eabi/8.3.1/../../../../arm-none-eabi/lib/thumb/v6-m/nofp\libc.a(lib_a-memset.o)
                0x08005b08                memset
 *(.glue_7)
 .glue_7        0x08005bb0        0x0 linker stubs
 *(.glue_7t)
 .glue_7t       0x08005bb0        0x0 linker stubs
 *(.eh_frame)
 *(.init)
 *(.fini)
                0x08005bb0                . = ALIGN (0x4)
                0x08005bb0                _etext = .

.vfp11_veneer   0x08005bb0        0x0
 .vfp11_veneer  0x08005bb0        0x0 linker stubs

.v4_bx          0x08005bb0        0x0
 .v4_bx         0x08005bb0        0x0 linker stubs

.iplt           0x08005bb0        0x0
 .iplt          0x08005bb0        0x0 C:/DEV/Prog.embarquee/lab-sensit/sensit-sdk-v2.0.0/sdk/obj/error.o

.rodata         0x08005bb0      0x3f0
                0x08005bb0                . = ALIGN (0x4)
 *(.rodata)
 .rodata        0x08005bb0       0x10 C:/DEV/Prog.embarquee/lab-sensit/sensit-sdk-v2.0.0/sdk/lib\libSENSIT_SDK_V2.0.0.a(nvmem_api.o)
 .rodata        0x08005bc0       0x34 C:/DEV/Prog.embarquee/lab-sensit/sensit-sdk-v2.0.0/sdk/lib\libSENSIT_SDK_V2.0.0.a(sigfox_internal.o)
                0x08005bc0                fsync_lut_tx
                0x08005be4                public_key
 .rodata        0x08005bf4       0x10 C:/DEV/Prog.embarquee/lab-sensit/sensit-sdk-v2.0.0/sdk/lib\libSENSIT_SDK_V2.0.0.a(sigfox_scramb.o)
 .rodata        0x08005c04      0x100 C:/DEV/Prog.embarquee/lab-sensit/sensit-sdk-v2.0.0/sdk/lib\libSENSIT_SDK_V2.0.0.a(aes.o)
                0x08005c04                STable
 .rodata        0x08005d04      0x190 C:/DEV/Prog.embarquee/lab-sensit/sensit-sdk-v2.0.0/sdk/lib\libSENSIT_SDK_V2.0.0.a(rf_api.o)
 .rodata        0x08005e94       0x20 C:/DEV/Prog.embarquee/lab-sensit/sensit-sdk-v2.0.0/sdk/lib\libSENSIT_SDK_V2.0.0.a(sigfox_decode.o)
                0x08005e94                pow_alpha
                0x08005ea4                log_alpha
 .rodata        0x08005eb4       0xac c:/program files (x86)/gnu tools arm embedded/8 2019-q3-update/bin/../lib/gcc/arm-none-eabi/8.3.1/thumb/v6-m/nofp\libgcc.a(divsf3.o)
 .rodata        0x08005f60       0x40 c:/program files (x86)/gnu tools arm embedded/8 2019-q3-update/bin/../lib/gcc/arm-none-eabi/8.3.1/thumb/v6-m/nofp\libgcc.a(mulsf3.o)
 *(.rodata*)
                0x08005fa0                . = ALIGN (0x4)

.rel.dyn        0x08005fa0        0x0
 .rel.iplt      0x08005fa0        0x0 C:/DEV/Prog.embarquee/lab-sensit/sensit-sdk-v2.0.0/sdk/obj/error.o

.ARM.extab      0x08005fa0        0x0
                0x08005fa0                . = ALIGN (0x4)
 *(.ARM.extab* .gnu.linkonce.armextab.*)
                0x08005fa0                . = ALIGN (0x4)

.ARM            0x08005fa0        0x0
                0x08005fa0                . = ALIGN (0x4)
                0x08005fa0                __exidx_start = .
 *(.ARM.exidx*)
                0x08005fa0                __exidx_end = .
                0x08005fa0                . = ALIGN (0x4)

.preinit_array  0x08005fa0        0x0
                0x08005fa0                . = ALIGN (0x4)
                0x08005fa0                PROVIDE (__preinit_array_start = .)
 *(.preinit_array*)
                0x08005fa0                PROVIDE (__preinit_array_end = .)
                0x08005fa0                . = ALIGN (0x4)

.init_array     0x08005fa0        0x0
                0x08005fa0                . = ALIGN (0x4)
                0x08005fa0                PROVIDE (__init_array_start = .)
 *(SORT_BY_NAME(.init_array.*))
 *(.init_array*)
                0x08005fa0                PROVIDE (__init_array_end = .)
                0x08005fa0                . = ALIGN (0x4)

.fini_array     0x08005fa0        0x0
                0x08005fa0                . = ALIGN (0x4)
                [!provide]                PROVIDE (__fini_array_start = .)
 *(SORT_BY_NAME(.fini_array.*))
 *(.fini_array*)
                [!provide]                PROVIDE (__fini_array_end = .)
                0x08005fa0                . = ALIGN (0x4)
                0x08005fa0                _sidata = LOADADDR (.data)

.data           0x20000000      0x1e8 load address 0x08005fa0
                0x20000000                . = ALIGN (0x4)
                0x20000000                _sdata = .
 *(.data)
 .data          0x20000000        0x2 C:/DEV/Prog.embarquee/lab-sensit/sensit-sdk-v2.0.0/sdk/obj/battery.o
 *fill*         0x20000002        0x2 
 .data          0x20000004       0xa0 C:/DEV/Prog.embarquee/lab-sensit/sensit-sdk-v2.0.0/sdk/obj/radio_api.o
 .data          0x200000a4       0x10 C:/DEV/Prog.embarquee/lab-sensit/sensit-sdk-v2.0.0/sdk/obj/main.o
                0x200000a4                firmware_version
 .data          0x200000b4       0x15 C:/DEV/Prog.embarquee/lab-sensit/sensit-sdk-v2.0.0/sdk/lib\libSENSIT_SDK_V2.0.0.a(nvmem_api.o)
 .data          0x200000c9        0x1 C:/DEV/Prog.embarquee/lab-sensit/sensit-sdk-v2.0.0/sdk/lib\libSENSIT_SDK_V2.0.0.a(radio.o)
 .data          0x200000ca      0x11d C:/DEV/Prog.embarquee/lab-sensit/sensit-sdk-v2.0.0/sdk/lib\libSENSIT_SDK_V2.0.0.a(modulation.o)
 *(.data*)
                0x200001e8                . = ALIGN (0x4)
 *fill*         0x200001e7        0x1 
                0x200001e8                _edata = .

.igot.plt       0x200001e8        0x0 load address 0x08006188
 .igot.plt      0x200001e8        0x0 C:/DEV/Prog.embarquee/lab-sensit/sensit-sdk-v2.0.0/sdk/obj/error.o
                0x200001e8                . = ALIGN (0x4)

.bss            0x200001e8      0x5d0 load address 0x08006188
                0x200001e8                _sbss = .
                0x200001e8                __bss_start__ = _sbss
 *(.bss)
 .bss           0x200001e8        0x1 C:/DEV/Prog.embarquee/lab-sensit/sensit-sdk-v2.0.0/sdk/obj/radio_api.o
 *fill*         0x200001e9        0x3 
 .bss           0x200001ec       0x50 C:/DEV/Prog.embarquee/lab-sensit/sensit-sdk-v2.0.0/sdk/obj/etsi.o
 .bss           0x2000023c       0x10 C:/DEV/Prog.embarquee/lab-sensit/sensit-sdk-v2.0.0/sdk/obj/fcc.o
 .bss           0x2000024c       0x10 C:/DEV/Prog.embarquee/lab-sensit/sensit-sdk-v2.0.0/sdk/obj/hts221.o
 .bss           0x2000025c       0xa8 C:/DEV/Prog.embarquee/lab-sensit/sensit-sdk-v2.0.0/sdk/lib\libSENSIT_SDK_V2.0.0.a(mcu_api.o)
 .bss           0x20000304       0x14 C:/DEV/Prog.embarquee/lab-sensit/sensit-sdk-v2.0.0/sdk/lib\libSENSIT_SDK_V2.0.0.a(nvmem_api.o)
 .bss           0x20000318        0x1 C:/DEV/Prog.embarquee/lab-sensit/sensit-sdk-v2.0.0/sdk/lib\libSENSIT_SDK_V2.0.0.a(radio.o)
 *fill*         0x20000319        0x3 
 .bss           0x2000031c        0xc C:/DEV/Prog.embarquee/lab-sensit/sensit-sdk-v2.0.0/sdk/lib\libSENSIT_SDK_V2.0.0.a(rtc.o)
                0x2000031c                rtc_current_time
                0x20000320                rtc_alarm_timer
                0x20000324                rx_timer
 .bss           0x20000328        0x1 C:/DEV/Prog.embarquee/lab-sensit/sensit-sdk-v2.0.0/sdk/lib\libSENSIT_SDK_V2.0.0.a(sigfox_api.o)
                0x20000328                g_state
 .bss           0x20000329        0x1 C:/DEV/Prog.embarquee/lab-sensit/sensit-sdk-v2.0.0/sdk/lib\libSENSIT_SDK_V2.0.0.a(sleep.o)
 .bss           0x2000032a      0x204 C:/DEV/Prog.embarquee/lab-sensit/sensit-sdk-v2.0.0/sdk/lib\libSENSIT_SDK_V2.0.0.a(uart.o)
 .bss           0x2000052e        0x1 C:/DEV/Prog.embarquee/lab-sensit/sensit-sdk-v2.0.0/sdk/lib\libSENSIT_SDK_V2.0.0.a(usbd_ctlreq.o)
 *fill*         0x2000052f        0x1 
 .bss           0x20000530        0x4 C:/DEV/Prog.embarquee/lab-sensit/sensit-sdk-v2.0.0/sdk/lib\libSENSIT_SDK_V2.0.0.a(adc.o)
 .bss           0x20000534        0xc C:/DEV/Prog.embarquee/lab-sensit/sensit-sdk-v2.0.0/sdk/lib\libSENSIT_SDK_V2.0.0.a(calib.o)
 .bss           0x20000540        0x1 C:/DEV/Prog.embarquee/lab-sensit/sensit-sdk-v2.0.0/sdk/lib\libSENSIT_SDK_V2.0.0.a(led.o)
 *fill*         0x20000541        0x3 
 .bss           0x20000544       0x1d C:/DEV/Prog.embarquee/lab-sensit/sensit-sdk-v2.0.0/sdk/lib\libSENSIT_SDK_V2.0.0.a(modulation.o)
 *(.bss*)
 *(COMMON)
 COMMON         0x20000561        0x1 C:/DEV/Prog.embarquee/lab-sensit/sensit-sdk-v2.0.0/sdk/obj/error.o
                0x20000561                pending_interrupt
 *fill*         0x20000562        0x2 
 COMMON         0x20000564        0x9 C:/DEV/Prog.embarquee/lab-sensit/sensit-sdk-v2.0.0/sdk/lib\libSENSIT_SDK_V2.0.0.a(mcu_api.o)
                0x20000564                sleep_end
                0x20000568                cs_timer
                0x2000056c                tx_end
 *fill*         0x2000056d        0x3 
 COMMON         0x20000570        0x4 C:/DEV/Prog.embarquee/lab-sensit/sensit-sdk-v2.0.0/sdk/lib\libSENSIT_SDK_V2.0.0.a(rtc.o)
                0x20000570                rtc_alarm_reload
 COMMON         0x20000574        0x4 C:/DEV/Prog.embarquee/lab-sensit/sensit-sdk-v2.0.0/sdk/lib\libSENSIT_SDK_V2.0.0.a(sigfox_api.o)
                0x20000574                rs
 COMMON         0x20000578      0x220 C:/DEV/Prog.embarquee/lab-sensit/sensit-sdk-v2.0.0/sdk/lib\libSENSIT_SDK_V2.0.0.a(usbd_conf.o)
                0x20000578                hpcd_USB_FS
 COMMON         0x20000798       0x20 C:/DEV/Prog.embarquee/lab-sensit/sensit-sdk-v2.0.0/sdk/lib\libSENSIT_SDK_V2.0.0.a(sigfox_hmac.o)
                0x20000798                aes_in
                0x200007b8                . = ALIGN (0x4)
                0x200007b8                _ebss = .
                0x200007b8                __bss_end__ = _ebss

._user_heap_stack
                0x200007b8      0x400 load address 0x08006188
                0x200007b8                . = ALIGN (0x8)
                [!provide]                PROVIDE (end = .)
                [!provide]                PROVIDE (_end = .)
                0x200007b8                . = (. + _Min_Heap_Size)
                0x20000bb8                . = (. + _Min_Stack_Size)
 *fill*         0x200007b8      0x400 
                0x20000bb8                . = ALIGN (0x8)

/DISCARD/
 libc.a(*)
 libm.a(*)
 libgcc.a(*)

.ARM.attributes
                0x00000000       0x2a
 *(.ARM.attributes)
 .ARM.attributes
                0x00000000       0x2c C:/DEV/Prog.embarquee/lab-sensit/sensit-sdk-v2.0.0/sdk/obj/error.o
 .ARM.attributes
                0x0000002c       0x2c C:/DEV/Prog.embarquee/lab-sensit/sensit-sdk-v2.0.0/sdk/obj/button.o
 .ARM.attributes
                0x00000058       0x2c C:/DEV/Prog.embarquee/lab-sensit/sensit-sdk-v2.0.0/sdk/obj/battery.o
 .ARM.attributes
                0x00000084       0x2c C:/DEV/Prog.embarquee/lab-sensit/sensit-sdk-v2.0.0/sdk/obj/callback.o
 .ARM.attributes
                0x000000b0       0x2c C:/DEV/Prog.embarquee/lab-sensit/sensit-sdk-v2.0.0/sdk/obj/radio_api.o
 .ARM.attributes
                0x000000dc       0x2c C:/DEV/Prog.embarquee/lab-sensit/sensit-sdk-v2.0.0/sdk/obj/etsi.o
 .ARM.attributes
                0x00000108       0x2c C:/DEV/Prog.embarquee/lab-sensit/sensit-sdk-v2.0.0/sdk/obj/fcc.o
 .ARM.attributes
                0x00000134       0x2c C:/DEV/Prog.embarquee/lab-sensit/sensit-sdk-v2.0.0/sdk/obj/hts221.o
 .ARM.attributes
                0x00000160       0x2c C:/DEV/Prog.embarquee/lab-sensit/sensit-sdk-v2.0.0/sdk/obj/ltr329.o
 .ARM.attributes
                0x0000018c       0x2c C:/DEV/Prog.embarquee/lab-sensit/sensit-sdk-v2.0.0/sdk/obj/fxos8700.o
 .ARM.attributes
                0x000001b8       0x2c C:/DEV/Prog.embarquee/lab-sensit/sensit-sdk-v2.0.0/sdk/obj/main.o
 .ARM.attributes
                0x000001e4       0x31 C:/DEV/Prog.embarquee/lab-sensit/sensit-sdk-v2.0.0/sdk/lib\libSENSIT_SDK_V2.0.0.a(mcu_api.o)
 .ARM.attributes
                0x00000215       0x31 C:/DEV/Prog.embarquee/lab-sensit/sensit-sdk-v2.0.0/sdk/lib\libSENSIT_SDK_V2.0.0.a(nvmem_api.o)
 .ARM.attributes
                0x00000246       0x31 C:/DEV/Prog.embarquee/lab-sensit/sensit-sdk-v2.0.0/sdk/lib\libSENSIT_SDK_V2.0.0.a(radio.o)
 .ARM.attributes
                0x00000277       0x31 C:/DEV/Prog.embarquee/lab-sensit/sensit-sdk-v2.0.0/sdk/lib\libSENSIT_SDK_V2.0.0.a(rtc.o)
 .ARM.attributes
                0x000002a8       0x31 C:/DEV/Prog.embarquee/lab-sensit/sensit-sdk-v2.0.0/sdk/lib\libSENSIT_SDK_V2.0.0.a(sensit_api.o)
 .ARM.attributes
                0x000002d9       0x31 C:/DEV/Prog.embarquee/lab-sensit/sensit-sdk-v2.0.0/sdk/lib\libSENSIT_SDK_V2.0.0.a(sigfox_api.o)
 .ARM.attributes
                0x0000030a       0x31 C:/DEV/Prog.embarquee/lab-sensit/sensit-sdk-v2.0.0/sdk/lib\libSENSIT_SDK_V2.0.0.a(sigfox_internal.o)
 .ARM.attributes
                0x0000033b       0x31 C:/DEV/Prog.embarquee/lab-sensit/sensit-sdk-v2.0.0/sdk/lib\libSENSIT_SDK_V2.0.0.a(sigfox_pn.o)
 .ARM.attributes
                0x0000036c       0x31 C:/DEV/Prog.embarquee/lab-sensit/sensit-sdk-v2.0.0/sdk/lib\libSENSIT_SDK_V2.0.0.a(sigfox_scramb.o)
 .ARM.attributes
                0x0000039d       0x31 C:/DEV/Prog.embarquee/lab-sensit/sensit-sdk-v2.0.0/sdk/lib\libSENSIT_SDK_V2.0.0.a(sleep.o)
 .ARM.attributes
                0x000003ce       0x31 C:/DEV/Prog.embarquee/lab-sensit/sensit-sdk-v2.0.0/sdk/lib\libSENSIT_SDK_V2.0.0.a(spi.o)
 .ARM.attributes
                0x000003ff       0x21 C:/DEV/Prog.embarquee/lab-sensit/sensit-sdk-v2.0.0/sdk/lib\libSENSIT_SDK_V2.0.0.a(startup_stm32f042x6.o)
 .ARM.attributes
                0x00000420       0x31 C:/DEV/Prog.embarquee/lab-sensit/sensit-sdk-v2.0.0/sdk/lib\libSENSIT_SDK_V2.0.0.a(system_stm32f0xx.o)
 .ARM.attributes
                0x00000451       0x31 C:/DEV/Prog.embarquee/lab-sensit/sensit-sdk-v2.0.0/sdk/lib\libSENSIT_SDK_V2.0.0.a(systick.o)
 .ARM.attributes
                0x00000482       0x31 C:/DEV/Prog.embarquee/lab-sensit/sensit-sdk-v2.0.0/sdk/lib\libSENSIT_SDK_V2.0.0.a(uart.o)
 .ARM.attributes
                0x000004b3       0x31 C:/DEV/Prog.embarquee/lab-sensit/sensit-sdk-v2.0.0/sdk/lib\libSENSIT_SDK_V2.0.0.a(usbd_conf.o)
 .ARM.attributes
                0x000004e4       0x31 C:/DEV/Prog.embarquee/lab-sensit/sensit-sdk-v2.0.0/sdk/lib\libSENSIT_SDK_V2.0.0.a(usbd_core.o)
 .ARM.attributes
                0x00000515       0x31 C:/DEV/Prog.embarquee/lab-sensit/sensit-sdk-v2.0.0/sdk/lib\libSENSIT_SDK_V2.0.0.a(usbd_ctlreq.o)
 .ARM.attributes
                0x00000546       0x31 C:/DEV/Prog.embarquee/lab-sensit/sensit-sdk-v2.0.0/sdk/lib\libSENSIT_SDK_V2.0.0.a(usbd_ioreq.o)
 .ARM.attributes
                0x00000577       0x31 C:/DEV/Prog.embarquee/lab-sensit/sensit-sdk-v2.0.0/sdk/lib\libSENSIT_SDK_V2.0.0.a(watchdog.o)
 .ARM.attributes
                0x000005a8       0x31 C:/DEV/Prog.embarquee/lab-sensit/sensit-sdk-v2.0.0/sdk/lib\libSENSIT_SDK_V2.0.0.a(adc.o)
 .ARM.attributes
                0x000005d9       0x31 C:/DEV/Prog.embarquee/lab-sensit/sensit-sdk-v2.0.0/sdk/lib\libSENSIT_SDK_V2.0.0.a(aes.o)
 .ARM.attributes
                0x0000060a       0x31 C:/DEV/Prog.embarquee/lab-sensit/sensit-sdk-v2.0.0/sdk/lib\libSENSIT_SDK_V2.0.0.a(calib.o)
 .ARM.attributes
                0x0000063b       0x31 C:/DEV/Prog.embarquee/lab-sensit/sensit-sdk-v2.0.0/sdk/lib\libSENSIT_SDK_V2.0.0.a(cc1125.o)
 .ARM.attributes
                0x0000066c       0x31 C:/DEV/Prog.embarquee/lab-sensit/sensit-sdk-v2.0.0/sdk/lib\libSENSIT_SDK_V2.0.0.a(crc.o)
 .ARM.attributes
                0x0000069d       0x31 C:/DEV/Prog.embarquee/lab-sensit/sensit-sdk-v2.0.0/sdk/lib\libSENSIT_SDK_V2.0.0.a(flash.o)
 .ARM.attributes
                0x000006ce       0x31 C:/DEV/Prog.embarquee/lab-sensit/sensit-sdk-v2.0.0/sdk/lib\libSENSIT_SDK_V2.0.0.a(gpio.o)
 .ARM.attributes
                0x000006ff       0x31 C:/DEV/Prog.embarquee/lab-sensit/sensit-sdk-v2.0.0/sdk/lib\libSENSIT_SDK_V2.0.0.a(i2c.o)
 .ARM.attributes
                0x00000730       0x31 C:/DEV/Prog.embarquee/lab-sensit/sensit-sdk-v2.0.0/sdk/lib\libSENSIT_SDK_V2.0.0.a(led.o)
 .ARM.attributes
                0x00000761       0x31 C:/DEV/Prog.embarquee/lab-sensit/sensit-sdk-v2.0.0/sdk/lib\libSENSIT_SDK_V2.0.0.a(my_string.o)
 .ARM.attributes
                0x00000792       0x31 C:/DEV/Prog.embarquee/lab-sensit/sensit-sdk-v2.0.0/sdk/lib\libSENSIT_SDK_V2.0.0.a(rf_api.o)
 .ARM.attributes
                0x000007c3       0x31 C:/DEV/Prog.embarquee/lab-sensit/sensit-sdk-v2.0.0/sdk/lib\libSENSIT_SDK_V2.0.0.a(sigfox_crc.o)
 .ARM.attributes
                0x000007f4       0x31 C:/DEV/Prog.embarquee/lab-sensit/sensit-sdk-v2.0.0/sdk/lib\libSENSIT_SDK_V2.0.0.a(sigfox_decode.o)
 .ARM.attributes
                0x00000825       0x31 C:/DEV/Prog.embarquee/lab-sensit/sensit-sdk-v2.0.0/sdk/lib\libSENSIT_SDK_V2.0.0.a(sigfox_hmac.o)
 .ARM.attributes
                0x00000856       0x31 C:/DEV/Prog.embarquee/lab-sensit/sensit-sdk-v2.0.0/sdk/lib\libSENSIT_SDK_V2.0.0.a(stm32f0xx_hal_pcd.o)
 .ARM.attributes
                0x00000887       0x31 C:/DEV/Prog.embarquee/lab-sensit/sensit-sdk-v2.0.0/sdk/lib\libSENSIT_SDK_V2.0.0.a(modulation.o)
OUTPUT(C:/DEV/Prog.embarquee/lab-sensit/sensit-sdk-v2.0.0/sdk/bin/sensit.elf elf32-littlearm)

.debug_info     0x00000000     0x231c
 .debug_info    0x00000000      0x3f1 C:/DEV/Prog.embarquee/lab-sensit/sensit-sdk-v2.0.0/sdk/obj/error.o
 .debug_info    0x000003f1      0x206 C:/DEV/Prog.embarquee/lab-sensit/sensit-sdk-v2.0.0/sdk/obj/button.o
 .debug_info    0x000005f7      0x323 C:/DEV/Prog.embarquee/lab-sensit/sensit-sdk-v2.0.0/sdk/obj/battery.o
 .debug_info    0x0000091a       0x97 C:/DEV/Prog.embarquee/lab-sensit/sensit-sdk-v2.0.0/sdk/obj/callback.o
 .debug_info    0x000009b1      0x4f5 C:/DEV/Prog.embarquee/lab-sensit/sensit-sdk-v2.0.0/sdk/obj/radio_api.o
 .debug_info    0x00000ea6      0x1a8 C:/DEV/Prog.embarquee/lab-sensit/sensit-sdk-v2.0.0/sdk/obj/etsi.o
 .debug_info    0x0000104e      0x194 C:/DEV/Prog.embarquee/lab-sensit/sensit-sdk-v2.0.0/sdk/obj/fcc.o
 .debug_info    0x000011e2      0x38f C:/DEV/Prog.embarquee/lab-sensit/sensit-sdk-v2.0.0/sdk/obj/hts221.o
 .debug_info    0x00001571      0x399 C:/DEV/Prog.embarquee/lab-sensit/sensit-sdk-v2.0.0/sdk/obj/ltr329.o
 .debug_info    0x0000190a      0x553 C:/DEV/Prog.embarquee/lab-sensit/sensit-sdk-v2.0.0/sdk/obj/fxos8700.o
 .debug_info    0x00001e5d      0x4bf C:/DEV/Prog.embarquee/lab-sensit/sensit-sdk-v2.0.0/sdk/obj/main.o

.debug_abbrev   0x00000000      0xe68
 .debug_abbrev  0x00000000      0x154 C:/DEV/Prog.embarquee/lab-sensit/sensit-sdk-v2.0.0/sdk/obj/error.o
 .debug_abbrev  0x00000154      0x125 C:/DEV/Prog.embarquee/lab-sensit/sensit-sdk-v2.0.0/sdk/obj/button.o
 .debug_abbrev  0x00000279      0x19e C:/DEV/Prog.embarquee/lab-sensit/sensit-sdk-v2.0.0/sdk/obj/battery.o
 .debug_abbrev  0x00000417       0x68 C:/DEV/Prog.embarquee/lab-sensit/sensit-sdk-v2.0.0/sdk/obj/callback.o
 .debug_abbrev  0x0000047f      0x1b3 C:/DEV/Prog.embarquee/lab-sensit/sensit-sdk-v2.0.0/sdk/obj/radio_api.o
 .debug_abbrev  0x00000632      0x131 C:/DEV/Prog.embarquee/lab-sensit/sensit-sdk-v2.0.0/sdk/obj/etsi.o
 .debug_abbrev  0x00000763      0x131 C:/DEV/Prog.embarquee/lab-sensit/sensit-sdk-v2.0.0/sdk/obj/fcc.o
 .debug_abbrev  0x00000894      0x158 C:/DEV/Prog.embarquee/lab-sensit/sensit-sdk-v2.0.0/sdk/obj/hts221.o
 .debug_abbrev  0x000009ec      0x156 C:/DEV/Prog.embarquee/lab-sensit/sensit-sdk-v2.0.0/sdk/obj/ltr329.o
 .debug_abbrev  0x00000b42      0x182 C:/DEV/Prog.embarquee/lab-sensit/sensit-sdk-v2.0.0/sdk/obj/fxos8700.o
 .debug_abbrev  0x00000cc4      0x1a4 C:/DEV/Prog.embarquee/lab-sensit/sensit-sdk-v2.0.0/sdk/obj/main.o

.debug_loc      0x00000000      0xd24
 .debug_loc     0x00000000      0x112 C:/DEV/Prog.embarquee/lab-sensit/sensit-sdk-v2.0.0/sdk/obj/error.o
 .debug_loc     0x00000112       0xb8 C:/DEV/Prog.embarquee/lab-sensit/sensit-sdk-v2.0.0/sdk/obj/button.o
 .debug_loc     0x000001ca       0x8a C:/DEV/Prog.embarquee/lab-sensit/sensit-sdk-v2.0.0/sdk/obj/battery.o
 .debug_loc     0x00000254      0x191 C:/DEV/Prog.embarquee/lab-sensit/sensit-sdk-v2.0.0/sdk/obj/radio_api.o
 .debug_loc     0x000003e5      0x12b C:/DEV/Prog.embarquee/lab-sensit/sensit-sdk-v2.0.0/sdk/obj/etsi.o
 .debug_loc     0x00000510       0xc6 C:/DEV/Prog.embarquee/lab-sensit/sensit-sdk-v2.0.0/sdk/obj/fcc.o
 .debug_loc     0x000005d6      0x28c C:/DEV/Prog.embarquee/lab-sensit/sensit-sdk-v2.0.0/sdk/obj/hts221.o
 .debug_loc     0x00000862      0x19d C:/DEV/Prog.embarquee/lab-sensit/sensit-sdk-v2.0.0/sdk/obj/ltr329.o
 .debug_loc     0x000009ff      0x289 C:/DEV/Prog.embarquee/lab-sensit/sensit-sdk-v2.0.0/sdk/obj/fxos8700.o
 .debug_loc     0x00000c88       0x9c C:/DEV/Prog.embarquee/lab-sensit/sensit-sdk-v2.0.0/sdk/obj/main.o

.debug_aranges  0x00000000      0x1b8
 .debug_aranges
                0x00000000       0x28 C:/DEV/Prog.embarquee/lab-sensit/sensit-sdk-v2.0.0/sdk/obj/error.o
 .debug_aranges
                0x00000028       0x20 C:/DEV/Prog.embarquee/lab-sensit/sensit-sdk-v2.0.0/sdk/obj/button.o
 .debug_aranges
                0x00000048       0x20 C:/DEV/Prog.embarquee/lab-sensit/sensit-sdk-v2.0.0/sdk/obj/battery.o
 .debug_aranges
                0x00000068       0x20 C:/DEV/Prog.embarquee/lab-sensit/sensit-sdk-v2.0.0/sdk/obj/callback.o
 .debug_aranges
                0x00000088       0x28 C:/DEV/Prog.embarquee/lab-sensit/sensit-sdk-v2.0.0/sdk/obj/radio_api.o
 .debug_aranges
                0x000000b0       0x20 C:/DEV/Prog.embarquee/lab-sensit/sensit-sdk-v2.0.0/sdk/obj/etsi.o
 .debug_aranges
                0x000000d0       0x20 C:/DEV/Prog.embarquee/lab-sensit/sensit-sdk-v2.0.0/sdk/obj/fcc.o
 .debug_aranges
                0x000000f0       0x28 C:/DEV/Prog.embarquee/lab-sensit/sensit-sdk-v2.0.0/sdk/obj/hts221.o
 .debug_aranges
                0x00000118       0x38 C:/DEV/Prog.embarquee/lab-sensit/sensit-sdk-v2.0.0/sdk/obj/ltr329.o
 .debug_aranges
                0x00000150       0x48 C:/DEV/Prog.embarquee/lab-sensit/sensit-sdk-v2.0.0/sdk/obj/fxos8700.o
 .debug_aranges
                0x00000198       0x20 C:/DEV/Prog.embarquee/lab-sensit/sensit-sdk-v2.0.0/sdk/obj/main.o

.debug_ranges   0x00000000      0x108
 .debug_ranges  0x00000000       0x18 C:/DEV/Prog.embarquee/lab-sensit/sensit-sdk-v2.0.0/sdk/obj/error.o
 .debug_ranges  0x00000018       0x10 C:/DEV/Prog.embarquee/lab-sensit/sensit-sdk-v2.0.0/sdk/obj/button.o
 .debug_ranges  0x00000028       0x10 C:/DEV/Prog.embarquee/lab-sensit/sensit-sdk-v2.0.0/sdk/obj/battery.o
 .debug_ranges  0x00000038       0x10 C:/DEV/Prog.embarquee/lab-sensit/sensit-sdk-v2.0.0/sdk/obj/callback.o
 .debug_ranges  0x00000048       0x18 C:/DEV/Prog.embarquee/lab-sensit/sensit-sdk-v2.0.0/sdk/obj/radio_api.o
 .debug_ranges  0x00000060       0x10 C:/DEV/Prog.embarquee/lab-sensit/sensit-sdk-v2.0.0/sdk/obj/etsi.o
 .debug_ranges  0x00000070       0x10 C:/DEV/Prog.embarquee/lab-sensit/sensit-sdk-v2.0.0/sdk/obj/fcc.o
 .debug_ranges  0x00000080       0x18 C:/DEV/Prog.embarquee/lab-sensit/sensit-sdk-v2.0.0/sdk/obj/hts221.o
 .debug_ranges  0x00000098       0x28 C:/DEV/Prog.embarquee/lab-sensit/sensit-sdk-v2.0.0/sdk/obj/ltr329.o
 .debug_ranges  0x000000c0       0x38 C:/DEV/Prog.embarquee/lab-sensit/sensit-sdk-v2.0.0/sdk/obj/fxos8700.o
 .debug_ranges  0x000000f8       0x10 C:/DEV/Prog.embarquee/lab-sensit/sensit-sdk-v2.0.0/sdk/obj/main.o

.debug_line     0x00000000     0x1334
 .debug_line    0x00000000      0x1c4 C:/DEV/Prog.embarquee/lab-sensit/sensit-sdk-v2.0.0/sdk/obj/error.o
 .debug_line    0x000001c4      0x107 C:/DEV/Prog.embarquee/lab-sensit/sensit-sdk-v2.0.0/sdk/obj/button.o
 .debug_line    0x000002cb      0x10e C:/DEV/Prog.embarquee/lab-sensit/sensit-sdk-v2.0.0/sdk/obj/battery.o
 .debug_line    0x000003d9       0x66 C:/DEV/Prog.embarquee/lab-sensit/sensit-sdk-v2.0.0/sdk/obj/callback.o
 .debug_line    0x0000043f      0x1b0 C:/DEV/Prog.embarquee/lab-sensit/sensit-sdk-v2.0.0/sdk/obj/radio_api.o
 .debug_line    0x000005ef      0x14f C:/DEV/Prog.embarquee/lab-sensit/sensit-sdk-v2.0.0/sdk/obj/etsi.o
 .debug_line    0x0000073e      0x11e C:/DEV/Prog.embarquee/lab-sensit/sensit-sdk-v2.0.0/sdk/obj/fcc.o
 .debug_line    0x0000085c      0x2c9 C:/DEV/Prog.embarquee/lab-sensit/sensit-sdk-v2.0.0/sdk/obj/hts221.o
 .debug_line    0x00000b25      0x25e C:/DEV/Prog.embarquee/lab-sensit/sensit-sdk-v2.0.0/sdk/obj/ltr329.o
 .debug_line    0x00000d83      0x3a9 C:/DEV/Prog.embarquee/lab-sensit/sensit-sdk-v2.0.0/sdk/obj/fxos8700.o
 .debug_line    0x0000112c      0x208 C:/DEV/Prog.embarquee/lab-sensit/sensit-sdk-v2.0.0/sdk/obj/main.o

.debug_str      0x00000000      0xb44
 .debug_str     0x00000000      0x2d5 C:/DEV/Prog.embarquee/lab-sensit/sensit-sdk-v2.0.0/sdk/obj/error.o
                                0x2f6 (size before relaxing)
 .debug_str     0x000002d5       0x6e C:/DEV/Prog.embarquee/lab-sensit/sensit-sdk-v2.0.0/sdk/obj/button.o
                                0x284 (size before relaxing)
 .debug_str     0x00000343       0x93 C:/DEV/Prog.embarquee/lab-sensit/sensit-sdk-v2.0.0/sdk/obj/battery.o
                                0x31f (size before relaxing)
 .debug_str     0x000003d6       0x3d C:/DEV/Prog.embarquee/lab-sensit/sensit-sdk-v2.0.0/sdk/obj/callback.o
                                0x172 (size before relaxing)
 .debug_str     0x00000413      0x2d1 C:/DEV/Prog.embarquee/lab-sensit/sensit-sdk-v2.0.0/sdk/obj/radio_api.o
                                0x495 (size before relaxing)
 .debug_str     0x000006e4       0x74 C:/DEV/Prog.embarquee/lab-sensit/sensit-sdk-v2.0.0/sdk/obj/etsi.o
                                0x20f (size before relaxing)
 .debug_str     0x00000758       0x41 C:/DEV/Prog.embarquee/lab-sensit/sensit-sdk-v2.0.0/sdk/obj/fcc.o
                                0x1f7 (size before relaxing)
 .debug_str     0x00000799       0xa8 C:/DEV/Prog.embarquee/lab-sensit/sensit-sdk-v2.0.0/sdk/obj/hts221.o
                                0x232 (size before relaxing)
 .debug_str     0x00000841      0x111 C:/DEV/Prog.embarquee/lab-sensit/sensit-sdk-v2.0.0/sdk/obj/ltr329.o
                                0x2ca (size before relaxing)
 .debug_str     0x00000952      0x146 C:/DEV/Prog.embarquee/lab-sensit/sensit-sdk-v2.0.0/sdk/obj/fxos8700.o
                                0x302 (size before relaxing)
 .debug_str     0x00000a98       0xac C:/DEV/Prog.embarquee/lab-sensit/sensit-sdk-v2.0.0/sdk/obj/main.o
                                0x4a5 (size before relaxing)

.comment        0x00000000      0x164
 .comment       0x00000000       0x76 C:/DEV/Prog.embarquee/lab-sensit/sensit-sdk-v2.0.0/sdk/obj/error.o
                                 0x77 (size before relaxing)
 .comment       0x00000076       0x77 C:/DEV/Prog.embarquee/lab-sensit/sensit-sdk-v2.0.0/sdk/obj/button.o
 .comment       0x00000076       0x77 C:/DEV/Prog.embarquee/lab-sensit/sensit-sdk-v2.0.0/sdk/obj/battery.o
 .comment       0x00000076       0x77 C:/DEV/Prog.embarquee/lab-sensit/sensit-sdk-v2.0.0/sdk/obj/callback.o
 .comment       0x00000076       0x77 C:/DEV/Prog.embarquee/lab-sensit/sensit-sdk-v2.0.0/sdk/obj/radio_api.o
 .comment       0x00000076       0x77 C:/DEV/Prog.embarquee/lab-sensit/sensit-sdk-v2.0.0/sdk/obj/etsi.o
 .comment       0x00000076       0x77 C:/DEV/Prog.embarquee/lab-sensit/sensit-sdk-v2.0.0/sdk/obj/fcc.o
 .comment       0x00000076       0x77 C:/DEV/Prog.embarquee/lab-sensit/sensit-sdk-v2.0.0/sdk/obj/hts221.o
 .comment       0x00000076       0x77 C:/DEV/Prog.embarquee/lab-sensit/sensit-sdk-v2.0.0/sdk/obj/ltr329.o
 .comment       0x00000076       0x77 C:/DEV/Prog.embarquee/lab-sensit/sensit-sdk-v2.0.0/sdk/obj/fxos8700.o
 .comment       0x00000076       0x77 C:/DEV/Prog.embarquee/lab-sensit/sensit-sdk-v2.0.0/sdk/obj/main.o
 .comment       0x00000076       0x7e C:/DEV/Prog.embarquee/lab-sensit/sensit-sdk-v2.0.0/sdk/lib\libSENSIT_SDK_V2.0.0.a(mcu_api.o)
                                 0x7f (size before relaxing)
 .comment       0x000000f4       0x7f C:/DEV/Prog.embarquee/lab-sensit/sensit-sdk-v2.0.0/sdk/lib\libSENSIT_SDK_V2.0.0.a(nvmem_api.o)
 .comment       0x000000f4       0x7f C:/DEV/Prog.embarquee/lab-sensit/sensit-sdk-v2.0.0/sdk/lib\libSENSIT_SDK_V2.0.0.a(radio.o)
 .comment       0x000000f4       0x7f C:/DEV/Prog.embarquee/lab-sensit/sensit-sdk-v2.0.0/sdk/lib\libSENSIT_SDK_V2.0.0.a(rtc.o)
 .comment       0x000000f4       0x7f C:/DEV/Prog.embarquee/lab-sensit/sensit-sdk-v2.0.0/sdk/lib\libSENSIT_SDK_V2.0.0.a(sensit_api.o)
 .comment       0x000000f4       0x70 C:/DEV/Prog.embarquee/lab-sensit/sensit-sdk-v2.0.0/sdk/lib\libSENSIT_SDK_V2.0.0.a(sigfox_api.o)
                                 0x71 (size before relaxing)
 .comment       0x00000164       0x71 C:/DEV/Prog.embarquee/lab-sensit/sensit-sdk-v2.0.0/sdk/lib\libSENSIT_SDK_V2.0.0.a(sigfox_internal.o)
 .comment       0x00000164       0x71 C:/DEV/Prog.embarquee/lab-sensit/sensit-sdk-v2.0.0/sdk/lib\libSENSIT_SDK_V2.0.0.a(sigfox_pn.o)
 .comment       0x00000164       0x71 C:/DEV/Prog.embarquee/lab-sensit/sensit-sdk-v2.0.0/sdk/lib\libSENSIT_SDK_V2.0.0.a(sigfox_scramb.o)
 .comment       0x00000164       0x7f C:/DEV/Prog.embarquee/lab-sensit/sensit-sdk-v2.0.0/sdk/lib\libSENSIT_SDK_V2.0.0.a(sleep.o)
 .comment       0x00000164       0x7f C:/DEV/Prog.embarquee/lab-sensit/sensit-sdk-v2.0.0/sdk/lib\libSENSIT_SDK_V2.0.0.a(spi.o)
 .comment       0x00000164       0x7f C:/DEV/Prog.embarquee/lab-sensit/sensit-sdk-v2.0.0/sdk/lib\libSENSIT_SDK_V2.0.0.a(system_stm32f0xx.o)
 .comment       0x00000164       0x7f C:/DEV/Prog.embarquee/lab-sensit/sensit-sdk-v2.0.0/sdk/lib\libSENSIT_SDK_V2.0.0.a(systick.o)
 .comment       0x00000164       0x7f C:/DEV/Prog.embarquee/lab-sensit/sensit-sdk-v2.0.0/sdk/lib\libSENSIT_SDK_V2.0.0.a(uart.o)
 .comment       0x00000164       0x7f C:/DEV/Prog.embarquee/lab-sensit/sensit-sdk-v2.0.0/sdk/lib\libSENSIT_SDK_V2.0.0.a(usbd_conf.o)
 .comment       0x00000164       0x7f C:/DEV/Prog.embarquee/lab-sensit/sensit-sdk-v2.0.0/sdk/lib\libSENSIT_SDK_V2.0.0.a(usbd_core.o)
 .comment       0x00000164       0x7f C:/DEV/Prog.embarquee/lab-sensit/sensit-sdk-v2.0.0/sdk/lib\libSENSIT_SDK_V2.0.0.a(usbd_ctlreq.o)
 .comment       0x00000164       0x7f C:/DEV/Prog.embarquee/lab-sensit/sensit-sdk-v2.0.0/sdk/lib\libSENSIT_SDK_V2.0.0.a(usbd_ioreq.o)
 .comment       0x00000164       0x7f C:/DEV/Prog.embarquee/lab-sensit/sensit-sdk-v2.0.0/sdk/lib\libSENSIT_SDK_V2.0.0.a(watchdog.o)
 .comment       0x00000164       0x7f C:/DEV/Prog.embarquee/lab-sensit/sensit-sdk-v2.0.0/sdk/lib\libSENSIT_SDK_V2.0.0.a(adc.o)
 .comment       0x00000164       0x7f C:/DEV/Prog.embarquee/lab-sensit/sensit-sdk-v2.0.0/sdk/lib\libSENSIT_SDK_V2.0.0.a(aes.o)
 .comment       0x00000164       0x7f C:/DEV/Prog.embarquee/lab-sensit/sensit-sdk-v2.0.0/sdk/lib\libSENSIT_SDK_V2.0.0.a(calib.o)
 .comment       0x00000164       0x7f C:/DEV/Prog.embarquee/lab-sensit/sensit-sdk-v2.0.0/sdk/lib\libSENSIT_SDK_V2.0.0.a(cc1125.o)
 .comment       0x00000164       0x7f C:/DEV/Prog.embarquee/lab-sensit/sensit-sdk-v2.0.0/sdk/lib\libSENSIT_SDK_V2.0.0.a(crc.o)
 .comment       0x00000164       0x7f C:/DEV/Prog.embarquee/lab-sensit/sensit-sdk-v2.0.0/sdk/lib\libSENSIT_SDK_V2.0.0.a(flash.o)
 .comment       0x00000164       0x7f C:/DEV/Prog.embarquee/lab-sensit/sensit-sdk-v2.0.0/sdk/lib\libSENSIT_SDK_V2.0.0.a(gpio.o)
 .comment       0x00000164       0x7f C:/DEV/Prog.embarquee/lab-sensit/sensit-sdk-v2.0.0/sdk/lib\libSENSIT_SDK_V2.0.0.a(i2c.o)
 .comment       0x00000164       0x7f C:/DEV/Prog.embarquee/lab-sensit/sensit-sdk-v2.0.0/sdk/lib\libSENSIT_SDK_V2.0.0.a(led.o)
 .comment       0x00000164       0x7f C:/DEV/Prog.embarquee/lab-sensit/sensit-sdk-v2.0.0/sdk/lib\libSENSIT_SDK_V2.0.0.a(my_string.o)
 .comment       0x00000164       0x7f C:/DEV/Prog.embarquee/lab-sensit/sensit-sdk-v2.0.0/sdk/lib\libSENSIT_SDK_V2.0.0.a(rf_api.o)
 .comment       0x00000164       0x71 C:/DEV/Prog.embarquee/lab-sensit/sensit-sdk-v2.0.0/sdk/lib\libSENSIT_SDK_V2.0.0.a(sigfox_crc.o)
 .comment       0x00000164       0x71 C:/DEV/Prog.embarquee/lab-sensit/sensit-sdk-v2.0.0/sdk/lib\libSENSIT_SDK_V2.0.0.a(sigfox_decode.o)
 .comment       0x00000164       0x71 C:/DEV/Prog.embarquee/lab-sensit/sensit-sdk-v2.0.0/sdk/lib\libSENSIT_SDK_V2.0.0.a(sigfox_hmac.o)
 .comment       0x00000164       0x7f C:/DEV/Prog.embarquee/lab-sensit/sensit-sdk-v2.0.0/sdk/lib\libSENSIT_SDK_V2.0.0.a(stm32f0xx_hal_pcd.o)
 .comment       0x00000164       0x7f C:/DEV/Prog.embarquee/lab-sensit/sensit-sdk-v2.0.0/sdk/lib\libSENSIT_SDK_V2.0.0.a(modulation.o)

.debug_frame    0x00000000      0x338
 .debug_frame   0x00000000       0x44 C:/DEV/Prog.embarquee/lab-sensit/sensit-sdk-v2.0.0/sdk/obj/error.o
 .debug_frame   0x00000044       0x30 C:/DEV/Prog.embarquee/lab-sensit/sensit-sdk-v2.0.0/sdk/obj/button.o
 .debug_frame   0x00000074       0x30 C:/DEV/Prog.embarquee/lab-sensit/sensit-sdk-v2.0.0/sdk/obj/battery.o
 .debug_frame   0x000000a4       0x20 C:/DEV/Prog.embarquee/lab-sensit/sensit-sdk-v2.0.0/sdk/obj/callback.o
 .debug_frame   0x000000c4       0x4c C:/DEV/Prog.embarquee/lab-sensit/sensit-sdk-v2.0.0/sdk/obj/radio_api.o
 .debug_frame   0x00000110       0x30 C:/DEV/Prog.embarquee/lab-sensit/sensit-sdk-v2.0.0/sdk/obj/etsi.o
 .debug_frame   0x00000140       0x30 C:/DEV/Prog.embarquee/lab-sensit/sensit-sdk-v2.0.0/sdk/obj/fcc.o
 .debug_frame   0x00000170       0x4c C:/DEV/Prog.embarquee/lab-sensit/sensit-sdk-v2.0.0/sdk/obj/hts221.o
 .debug_frame   0x000001bc       0x88 C:/DEV/Prog.embarquee/lab-sensit/sensit-sdk-v2.0.0/sdk/obj/ltr329.o
 .debug_frame   0x00000244       0xc4 C:/DEV/Prog.embarquee/lab-sensit/sensit-sdk-v2.0.0/sdk/obj/fxos8700.o
 .debug_frame   0x00000308       0x30 C:/DEV/Prog.embarquee/lab-sensit/sensit-sdk-v2.0.0/sdk/obj/main.o
